[    0.000000] microcode: microcode updated early to revision 0x27, date = 2019-02-26
[    0.000000] Linux version 4.19.97-1-MANJARO (builder@3e86ad599b2d) (gcc version 9.2.0 (GCC)) #1 SMP Sat Jan 18 00:17:24 UTC 2020
[    0.000000] Command line: BOOT_IMAGE=/boot/vmlinuz-4.19-x86_64 root=UUID=049b41b7-ce65-4c3a-a153-a58e007ec15f rw video=1920x1080
[    0.000000] KERNEL supported cpus:
[    0.000000]   Intel GenuineIntel
[    0.000000]   AMD AuthenticAMD
[    0.000000]   Centaur CentaurHauls
[    0.000000] x86/fpu: Supporting XSAVE feature 0x001: 'x87 floating point registers'
[    0.000000] x86/fpu: Supporting XSAVE feature 0x002: 'SSE registers'
[    0.000000] x86/fpu: Supporting XSAVE feature 0x004: 'AVX registers'
[    0.000000] x86/fpu: xstate_offset[2]:  576, xstate_sizes[2]:  256
[    0.000000] x86/fpu: Enabled xstate features 0x7, context size is 832 bytes, using 'standard' format.
[    0.000000] BIOS-provided physical RAM map:
[    0.000000] BIOS-e820: [mem 0x0000000000000000-0x0000000000057fff] usable
[    0.000000] BIOS-e820: [mem 0x0000000000058000-0x0000000000058fff] reserved
[    0.000000] BIOS-e820: [mem 0x0000000000059000-0x000000000009efff] usable
[    0.000000] BIOS-e820: [mem 0x000000000009f000-0x000000000009ffff] reserved
[    0.000000] BIOS-e820: [mem 0x0000000000100000-0x00000000c6522fff] usable
[    0.000000] BIOS-e820: [mem 0x00000000c6523000-0x00000000c6529fff] ACPI NVS
[    0.000000] BIOS-e820: [mem 0x00000000c652a000-0x00000000c696dfff] usable
[    0.000000] BIOS-e820: [mem 0x00000000c696e000-0x00000000c6efefff] reserved
[    0.000000] BIOS-e820: [mem 0x00000000c6eff000-0x00000000d8da6fff] usable
[    0.000000] BIOS-e820: [mem 0x00000000d8da7000-0x00000000d8e3ffff] reserved
[    0.000000] BIOS-e820: [mem 0x00000000d8e40000-0x00000000d8e92fff] usable
[    0.000000] BIOS-e820: [mem 0x00000000d8e93000-0x00000000d8fc7fff] ACPI NVS
[    0.000000] BIOS-e820: [mem 0x00000000d8fc8000-0x00000000d9f80fff] reserved
[    0.000000] BIOS-e820: [mem 0x00000000d9f81000-0x00000000d9ffefff] type 20
[    0.000000] BIOS-e820: [mem 0x00000000d9fff000-0x00000000d9ffffff] usable
[    0.000000] BIOS-e820: [mem 0x00000000db000000-0x00000000df1fffff] reserved
[    0.000000] BIOS-e820: [mem 0x00000000f8000000-0x00000000fbffffff] reserved
[    0.000000] BIOS-e820: [mem 0x00000000fec00000-0x00000000fec00fff] reserved
[    0.000000] BIOS-e820: [mem 0x00000000fed00000-0x00000000fed03fff] reserved
[    0.000000] BIOS-e820: [mem 0x00000000fed1c000-0x00000000fed1ffff] reserved
[    0.000000] BIOS-e820: [mem 0x00000000fee00000-0x00000000fee00fff] reserved
[    0.000000] BIOS-e820: [mem 0x00000000ff000000-0x00000000ffffffff] reserved
[    0.000000] BIOS-e820: [mem 0x0000000100000000-0x000000021fdfffff] usable
[    0.000000] NX (Execute Disable) protection: active
[    0.000000] efi: EFI v2.31 by American Megatrends
[    0.000000] efi:  ESRT=0xd9f7f998  ACPI=0xd8f9b000  ACPI 2.0=0xd8f9b000  SMBIOS=0xf04d0  MPS=0xfd500 
[    0.000000] SMBIOS 2.8 present.
[    0.000000] DMI: MSI MS-7817/H81M-E33 (MS-7817), BIOS V6.8 07/17/2018
[    0.000000] tsc: Fast TSC calibration using PIT
[    0.000000] tsc: Detected 3400.135 MHz processor
[    0.001396] e820: update [mem 0x00000000-0x00000fff] usable ==> reserved
[    0.001397] e820: remove [mem 0x000a0000-0x000fffff] usable
[    0.001403] last_pfn = 0x21fe00 max_arch_pfn = 0x400000000
[    0.001405] MTRR default type: uncachable
[    0.001406] MTRR fixed ranges enabled:
[    0.001407]   00000-9FFFF write-back
[    0.001407]   A0000-BFFFF uncachable
[    0.001408]   C0000-CFFFF write-protect
[    0.001408]   D0000-DFFFF uncachable
[    0.001409]   E0000-FFFFF write-protect
[    0.001409] MTRR variable ranges enabled:
[    0.001410]   0 base 0000000000 mask 7E00000000 write-back
[    0.001411]   1 base 0200000000 mask 7FE0000000 write-back
[    0.001411]   2 base 00E0000000 mask 7FE0000000 uncachable
[    0.001412]   3 base 00DC000000 mask 7FFC000000 uncachable
[    0.001412]   4 base 00DB000000 mask 7FFF000000 uncachable
[    0.001413]   5 base 021FE00000 mask 7FFFE00000 uncachable
[    0.001413]   6 disabled
[    0.001413]   7 disabled
[    0.001413]   8 disabled
[    0.001414]   9 disabled
[    0.002200] x86/PAT: Configuration [0-7]: WB  WC  UC- UC  WB  WP  UC- WT  
[    0.002300] total RAM covered: 8110M
[    0.002512] Found optimal setting for mtrr clean up
[    0.002513]  gran_size: 64K 	chunk_size: 128M 	num_reg: 8  	lose cover RAM: 0G
[    0.003277] e820: update [mem 0xdb000000-0xffffffff] usable ==> reserved
[    0.003280] last_pfn = 0xda000 max_arch_pfn = 0x400000000
[    0.009084] found SMP MP-table at [mem 0x000fd790-0x000fd79f]
[    0.009095] esrt: Reserving ESRT space from 0x00000000d9f7f998 to 0x00000000d9f7f9d0.
[    0.009143] Scanning 1 areas for low memory corruption
[    0.009148] Using GB pages for direct mapping
[    0.009149] BRK [0x165e01000, 0x165e01fff] PGTABLE
[    0.009150] BRK [0x165e02000, 0x165e02fff] PGTABLE
[    0.009151] BRK [0x165e03000, 0x165e03fff] PGTABLE
[    0.009177] BRK [0x165e04000, 0x165e04fff] PGTABLE
[    0.009178] BRK [0x165e05000, 0x165e05fff] PGTABLE
[    0.009298] BRK [0x165e06000, 0x165e06fff] PGTABLE
[    0.009328] BRK [0x165e07000, 0x165e07fff] PGTABLE
[    0.009422] BRK [0x165e08000, 0x165e08fff] PGTABLE
[    0.009461] BRK [0x165e09000, 0x165e09fff] PGTABLE
[    0.009520] BRK [0x165e0a000, 0x165e0afff] PGTABLE
[    0.009554] BRK [0x165e0b000, 0x165e0bfff] PGTABLE
[    0.009599] BRK [0x165e0c000, 0x165e0cfff] PGTABLE
[    0.009642] Secure boot could not be determined
[    0.009643] RAMDISK: [mem 0x36811000-0x373fffff]
[    0.009648] ACPI: Early table checksum verification disabled
[    0.009650] ACPI: RSDP 0x00000000D8F9B000 000024 (v02 ALASKA)
[    0.009652] ACPI: XSDT 0x00000000D8F9B080 000084 (v01 ALASKA A M I    01072009 AMI  00010013)
[    0.009656] ACPI: FACP 0x00000000D8FA87A8 00010C (v05 ALASKA A M I    01072009 AMI  00010013)
[    0.009660] ACPI: DSDT 0x00000000D8F9B1A0 00D608 (v02 ALASKA A M I    00000036 INTL 20120711)
[    0.009662] ACPI: FACS 0x00000000D8FC7F80 000040
[    0.009663] ACPI: APIC 0x00000000D8FA88B8 000092 (v03 ALASKA A M I    01072009 AMI  00010013)
[    0.009665] ACPI: FPDT 0x00000000D8FA8950 000044 (v01 ALASKA A M I    01072009 AMI  00010013)
[    0.009667] ACPI: ASF! 0x00000000D8FA8998 0000A5 (v32 INTEL   HCG     00000001 TFSM 000F4240)
[    0.009668] ACPI: SSDT 0x00000000D8FA8A40 000539 (v01 PmRef  Cpu0Ist  00003000 INTL 20120711)
[    0.009670] ACPI: SSDT 0x00000000D8FA8F80 000AD8 (v01 PmRef  CpuPm    00003000 INTL 20120711)
[    0.009672] ACPI: MCFG 0x00000000D8FA9A58 00003C (v01 ALASKA A M I    01072009 MSFT 00000097)
[    0.009674] ACPI: HPET 0x00000000D8FA9A98 000038 (v01 ALASKA A M I    01072009 AMI. 00000005)
[    0.009675] ACPI: SSDT 0x00000000D8FA9AD0 00036D (v01 SataRe SataTabl 00001000 INTL 20120711)
[    0.009677] ACPI: SSDT 0x00000000D8FA9E40 003528 (v01 SaSsdt SaSsdt   00003000 INTL 20091112)
[    0.009679] ACPI: DMAR 0x00000000D8FAD368 0000B8 (v01 INTEL  HSW      00000001 INTL 00000001)
[    0.009681] ACPI: BGRT 0x00000000D8FAD420 000038 (v00 ALASKA A M I    01072009 AMI  00010013)
[    0.009686] ACPI: Local APIC address 0xfee00000
[    0.009746] No NUMA configuration found
[    0.009747] Faking a node at [mem 0x0000000000000000-0x000000021fdfffff]
[    0.009751] NODE_DATA(0) allocated [mem 0x21fdfc000-0x21fdfffff]
[    0.009769] Zone ranges:
[    0.009769]   DMA      [mem 0x0000000000001000-0x0000000000ffffff]
[    0.009770]   DMA32    [mem 0x0000000001000000-0x00000000ffffffff]
[    0.009771]   Normal   [mem 0x0000000100000000-0x000000021fdfffff]
[    0.009771]   Device   empty
[    0.009772] Movable zone start for each node
[    0.009772] Early memory node ranges
[    0.009773]   node   0: [mem 0x0000000000001000-0x0000000000057fff]
[    0.009773]   node   0: [mem 0x0000000000059000-0x000000000009efff]
[    0.009774]   node   0: [mem 0x0000000000100000-0x00000000c6522fff]
[    0.009774]   node   0: [mem 0x00000000c652a000-0x00000000c696dfff]
[    0.009775]   node   0: [mem 0x00000000c6eff000-0x00000000d8da6fff]
[    0.009775]   node   0: [mem 0x00000000d8e40000-0x00000000d8e92fff]
[    0.009775]   node   0: [mem 0x00000000d9fff000-0x00000000d9ffffff]
[    0.009776]   node   0: [mem 0x0000000100000000-0x000000021fdfffff]
[    0.009778] Reserved but unavailable: 98 pages
[    0.009779] Initmem setup node 0 [mem 0x0000000000001000-0x000000021fdfffff]
[    0.009780] On node 0 totalpages: 2065920
[    0.009781]   DMA zone: 64 pages used for memmap
[    0.009781]   DMA zone: 27 pages reserved
[    0.009782]   DMA zone: 3997 pages, LIFO batch:0
[    0.009842]   DMA32 zone: 13794 pages used for memmap
[    0.009842]   DMA32 zone: 882787 pages, LIFO batch:63
[    0.023356]   Normal zone: 18424 pages used for memmap
[    0.023358]   Normal zone: 1179136 pages, LIFO batch:63
[    0.040250] Reserving Intel graphics memory at [mem 0xdb200000-0xdf1fffff]
[    0.040317] ACPI: PM-Timer IO Port: 0x1808
[    0.040318] ACPI: Local APIC address 0xfee00000
[    0.040323] ACPI: LAPIC_NMI (acpi_id[0xff] high edge lint[0x1])
[    0.040332] IOAPIC[0]: apic_id 8, version 32, address 0xfec00000, GSI 0-23
[    0.040334] ACPI: INT_SRC_OVR (bus 0 bus_irq 0 global_irq 2 dfl dfl)
[    0.040335] ACPI: INT_SRC_OVR (bus 0 bus_irq 9 global_irq 9 high level)
[    0.040336] ACPI: IRQ0 used by override.
[    0.040336] ACPI: IRQ9 used by override.
[    0.040338] Using ACPI (MADT) for SMP configuration information
[    0.040339] ACPI: HPET id: 0x8086a701 base: 0xfed00000
[    0.040351] e820: update [mem 0xc99e3000-0xc9c23fff] usable ==> reserved
[    0.040359] smpboot: Allowing 8 CPUs, 0 hotplug CPUs
[    0.040386] PM: Registered nosave memory: [mem 0x00000000-0x00000fff]
[    0.040387] PM: Registered nosave memory: [mem 0x00058000-0x00058fff]
[    0.040388] PM: Registered nosave memory: [mem 0x0009f000-0x0009ffff]
[    0.040389] PM: Registered nosave memory: [mem 0x000a0000-0x000fffff]
[    0.040390] PM: Registered nosave memory: [mem 0xc6523000-0xc6529fff]
[    0.040392] PM: Registered nosave memory: [mem 0xc696e000-0xc6efefff]
[    0.040393] PM: Registered nosave memory: [mem 0xc99e3000-0xc9c23fff]
[    0.040394] PM: Registered nosave memory: [mem 0xd8da7000-0xd8e3ffff]
[    0.040396] PM: Registered nosave memory: [mem 0xd8e93000-0xd8fc7fff]
[    0.040396] PM: Registered nosave memory: [mem 0xd8fc8000-0xd9f80fff]
[    0.040396] PM: Registered nosave memory: [mem 0xd9f81000-0xd9ffefff]
[    0.040398] PM: Registered nosave memory: [mem 0xda000000-0xdaffffff]
[    0.040398] PM: Registered nosave memory: [mem 0xdb000000-0xdf1fffff]
[    0.040398] PM: Registered nosave memory: [mem 0xdf200000-0xf7ffffff]
[    0.040399] PM: Registered nosave memory: [mem 0xf8000000-0xfbffffff]
[    0.040399] PM: Registered nosave memory: [mem 0xfc000000-0xfebfffff]
[    0.040399] PM: Registered nosave memory: [mem 0xfec00000-0xfec00fff]
[    0.040400] PM: Registered nosave memory: [mem 0xfec01000-0xfecfffff]
[    0.040400] PM: Registered nosave memory: [mem 0xfed00000-0xfed03fff]
[    0.040401] PM: Registered nosave memory: [mem 0xfed04000-0xfed1bfff]
[    0.040401] PM: Registered nosave memory: [mem 0xfed1c000-0xfed1ffff]
[    0.040401] PM: Registered nosave memory: [mem 0xfed20000-0xfedfffff]
[    0.040402] PM: Registered nosave memory: [mem 0xfee00000-0xfee00fff]
[    0.040402] PM: Registered nosave memory: [mem 0xfee01000-0xfeffffff]
[    0.040402] PM: Registered nosave memory: [mem 0xff000000-0xffffffff]
[    0.040404] [mem 0xdf200000-0xf7ffffff] available for PCI devices
[    0.040405] Booting paravirtualized kernel on bare hardware
[    0.040407] clocksource: refined-jiffies: mask: 0xffffffff max_cycles: 0xffffffff, max_idle_ns: 19112604462750000 ns
[    0.125514] random: get_random_bytes called from start_kernel+0x93/0x530 with crng_init=0
[    0.125520] setup_percpu: NR_CPUS:320 nr_cpumask_bits:320 nr_cpu_ids:8 nr_node_ids:1
[    0.125781] percpu: Embedded 46 pages/cpu s151552 r8192 d28672 u262144
[    0.125787] pcpu-alloc: s151552 r8192 d28672 u262144 alloc=1*2097152
[    0.125787] pcpu-alloc: [0] 0 1 2 3 4 5 6 7 
[    0.125804] Built 1 zonelists, mobility grouping on.  Total pages: 2033611
[    0.125804] Policy zone: Normal
[    0.125805] Kernel command line: BOOT_IMAGE=/boot/vmlinuz-4.19-x86_64 root=UUID=049b41b7-ce65-4c3a-a153-a58e007ec15f rw video=1920x1080
[    0.131686] Calgary: detecting Calgary via BIOS EBDA area
[    0.131688] Calgary: Unable to locate Rio Grande table in EBDA - bailing!
[    0.159326] Memory: 7790524K/8263680K available (12300K kernel code, 1365K rwdata, 3600K rodata, 1608K init, 3732K bss, 473156K reserved, 0K cma-reserved)
[    0.159396] SLUB: HWalign=64, Order=0-3, MinObjects=0, CPUs=8, Nodes=1
[    0.159400] Kernel/User page tables isolation: enabled
[    0.165783] ftrace: allocating 36349 entries in 142 pages
[    0.176394] rcu: Hierarchical RCU implementation.
[    0.176394] rcu: 	RCU restricting CPUs from NR_CPUS=320 to nr_cpu_ids=8.
[    0.176395] rcu: Adjusting geometry for rcu_fanout_leaf=16, nr_cpu_ids=8
[    0.177450] NR_IRQS: 20736, nr_irqs: 488, preallocated irqs: 16
[    0.177633] Console: colour dummy device 80x25
[    0.177636] console [tty0] enabled
[    0.177647] ACPI: Core revision 20180810
[    0.177788] clocksource: hpet: mask: 0xffffffff max_cycles: 0xffffffff, max_idle_ns: 133484882848 ns
[    0.177796] hpet clockevent registered
[    0.177799] APIC: Switch to symmetric I/O mode setup
[    0.177801] DMAR: Host address width 39
[    0.177801] DMAR: DRHD base: 0x000000fed90000 flags: 0x0
[    0.177804] DMAR: dmar0: reg_base_addr fed90000 ver 1:0 cap c0000020660462 ecap f0101a
[    0.177805] DMAR: DRHD base: 0x000000fed91000 flags: 0x1
[    0.177807] DMAR: dmar1: reg_base_addr fed91000 ver 1:0 cap d2008020660462 ecap f010da
[    0.177808] DMAR: RMRR base: 0x000000d9ea3000 end: 0x000000d9eb1fff
[    0.177808] DMAR: RMRR base: 0x000000db000000 end: 0x000000df1fffff
[    0.177810] DMAR-IR: IOAPIC id 8 under DRHD base  0xfed91000 IOMMU 1
[    0.177810] DMAR-IR: HPET id 0 under DRHD base 0xfed91000
[    0.177811] DMAR-IR: Queued invalidation will be enabled to support x2apic and Intr-remapping.
[    0.178290] DMAR-IR: Enabled IRQ remapping in x2apic mode
[    0.178290] x2apic enabled
[    0.178296] Switched APIC routing to cluster x2apic.
[    0.178695] ..TIMER: vector=0x30 apic1=0 pin1=2 apic2=-1 pin2=-1
[    0.227798] clocksource: tsc-early: mask: 0xffffffffffffffff max_cycles: 0x3102ce9797e, max_idle_ns: 440795326916 ns
[    0.227806] Calibrating delay loop (skipped), value calculated using timer frequency.. 6800.27 BogoMIPS (lpj=34001350)
[    0.227808] pid_max: default: 32768 minimum: 301
[    0.228358] Security Framework initialized
[    0.228359] Yama: becoming mindful.
[    0.228363] AppArmor: AppArmor disabled by boot time parameter
[    0.229799] Dentry cache hash table entries: 1048576 (order: 11, 8388608 bytes)
[    0.230568] Inode-cache hash table entries: 524288 (order: 10, 4194304 bytes)
[    0.230601] Mount-cache hash table entries: 16384 (order: 5, 131072 bytes)
[    0.230626] Mountpoint-cache hash table entries: 16384 (order: 5, 131072 bytes)
[    0.230799] CPU0: Thermal monitoring enabled (TM1)
[    0.230809] process: using mwait in idle threads
[    0.230811] Last level iTLB entries: 4KB 1024, 2MB 1024, 4MB 1024
[    0.230812] Last level dTLB entries: 4KB 1024, 2MB 1024, 4MB 1024, 1GB 4
[    0.230813] Spectre V1 : Mitigation: usercopy/swapgs barriers and __user pointer sanitization
[    0.230814] Spectre V2 : Mitigation: Full generic retpoline
[    0.230814] Spectre V2 : Spectre v2 / SpectreRSB mitigation: Filling RSB on context switch
[    0.230815] Spectre V2 : Enabling Restricted Speculation for firmware calls
[    0.230819] Spectre V2 : mitigation: Enabling conditional Indirect Branch Prediction Barrier
[    0.230820] Spectre V2 : User space: Mitigation: STIBP via seccomp and prctl
[    0.230821] Speculative Store Bypass: Mitigation: Speculative Store Bypass disabled via prctl and seccomp
[    0.230837] MDS: Mitigation: Clear CPU buffers
[    0.233939] Freeing SMP alternatives memory: 28K
[    0.249082] TSC deadline timer enabled
[    0.249084] smpboot: CPU0: Intel(R) Core(TM) i7-4770 CPU @ 3.40GHz (family: 0x6, model: 0x3c, stepping: 0x3)
[    0.249142] Performance Events: PEBS fmt2+, Haswell events, 16-deep LBR, full-width counters, Intel PMU driver.
[    0.249172] ... version:                3
[    0.249172] ... bit width:              48
[    0.249172] ... generic registers:      4
[    0.249173] ... value mask:             0000ffffffffffff
[    0.249173] ... max period:             00007fffffffffff
[    0.249174] ... fixed-purpose events:   3
[    0.249174] ... event mask:             000000070000000f
[    0.249200] rcu: Hierarchical SRCU implementation.
[    0.249948] NMI watchdog: Enabled. Permanently consumes one hw-PMU counter.
[    0.249990] smp: Bringing up secondary CPUs ...
[    0.250042] x86: Booting SMP configuration:
[    0.250043] .... node  #0, CPUs:      #1 #2 #3 #4
[    0.252210] MDS CPU bug present and SMT on, data leak possible. See https://www.kernel.org/doc/html/latest/admin-guide/hw-vuln/mds.html for more details.
[    0.252210]  #5 #6 #7
[    0.252210] smp: Brought up 1 node, 8 CPUs
[    0.252210] smpboot: Max logical packages: 1
[    0.252210] smpboot: Total of 8 processors activated (54402.16 BogoMIPS)
[    0.258029] devtmpfs: initialized
[    0.258029] x86/mm: Memory block size: 128MB
[    0.258229] PM: Registering ACPI NVS region [mem 0xc6523000-0xc6529fff] (28672 bytes)
[    0.258229] PM: Registering ACPI NVS region [mem 0xd8e93000-0xd8fc7fff] (1265664 bytes)
[    0.258229] clocksource: jiffies: mask: 0xffffffff max_cycles: 0xffffffff, max_idle_ns: 19112604462750000 ns
[    0.258229] futex hash table entries: 2048 (order: 5, 131072 bytes)
[    0.258229] pinctrl core: initialized pinctrl subsystem
[    0.258229] RTC time: 23:18:01, date: 01/21/20
[    0.258229] NET: Registered protocol family 16
[    0.258229] audit: initializing netlink subsys (disabled)
[    0.258229] audit: type=2000 audit(1579648681.080:1): state=initialized audit_enabled=0 res=1
[    0.258229] cpuidle: using governor ladder
[    0.258229] cpuidle: using governor menu
[    0.258229] ACPI FADT declares the system doesn't support PCIe ASPM, so disable it
[    0.258229] ACPI: bus type PCI registered
[    0.258229] acpiphp: ACPI Hot Plug PCI Controller Driver version: 0.5
[    0.258229] PCI: MMCONFIG for domain 0000 [bus 00-3f] at [mem 0xf8000000-0xfbffffff] (base 0xf8000000)
[    0.258229] PCI: MMCONFIG at [mem 0xf8000000-0xfbffffff] reserved in E820
[    0.258229] PCI: Using configuration type 1 for base access
[    0.258229] core: PMU erratum BJ122, BV98, HSD29 worked around, HT is on
[    0.258458] HugeTLB registered 1.00 GiB page size, pre-allocated 0 pages
[    0.258458] HugeTLB registered 2.00 MiB page size, pre-allocated 0 pages
[    0.258458] ACPI: Added _OSI(Module Device)
[    0.258458] ACPI: Added _OSI(Processor Device)
[    0.258458] ACPI: Added _OSI(3.0 _SCP Extensions)
[    0.258458] ACPI: Added _OSI(Processor Aggregator Device)
[    0.258458] ACPI: Added _OSI(Linux-Dell-Video)
[    0.258458] ACPI: Added _OSI(Linux-Lenovo-NV-HDMI-Audio)
[    0.264645] ACPI: 5 ACPI AML tables successfully acquired and loaded
[    0.264645] ACPI: [Firmware Bug]: BIOS _OSI(Linux) query ignored
[    0.268431] ACPI: Dynamic OEM Table Load:
[    0.268431] ACPI: SSDT 0xFFFF9AB515C6CC00 0003D3 (v01 PmRef  Cpu0Cst  00003001 INTL 20120711)
[    0.268431] ACPI: Dynamic OEM Table Load:
[    0.268431] ACPI: SSDT 0xFFFF9AB515CD7800 0005AA (v01 PmRef  ApIst    00003000 INTL 20120711)
[    0.268431] ACPI: Dynamic OEM Table Load:
[    0.268431] ACPI: SSDT 0xFFFF9AB515823800 000119 (v01 PmRef  ApCst    00003000 INTL 20120711)
[    0.269279] ACPI: Interpreter enabled
[    0.269298] ACPI: (supports S0 S3 S4 S5)
[    0.269299] ACPI: Using IOAPIC for interrupt routing
[    0.269319] PCI: Using host bridge windows from ACPI; if necessary, use "pci=nocrs" and report a bug
[    0.269555] ACPI: Enabled 7 GPEs in block 00 to 3F
[    0.278919] ACPI: Power Resource [FN00] (off)
[    0.278975] ACPI: Power Resource [FN01] (off)
[    0.279031] ACPI: Power Resource [FN02] (off)
[    0.279085] ACPI: Power Resource [FN03] (off)
[    0.279143] ACPI: Power Resource [FN04] (off)
[    0.279780] ACPI: PCI Root Bridge [PCI0] (domain 0000 [bus 00-3e])
[    0.279784] acpi PNP0A08:00: _OSC: OS supports [ExtendedConfig ASPM ClockPM Segments MSI]
[    0.279995] acpi PNP0A08:00: _OSC: platform does not support [PCIeHotplug SHPCHotplug PME]
[    0.280123] acpi PNP0A08:00: _OSC: OS now controls [AER PCIeCapability LTR]
[    0.280123] acpi PNP0A08:00: FADT indicates ASPM is unsupported, using BIOS configuration
[    0.280501] PCI host bridge to bus 0000:00
[    0.280503] pci_bus 0000:00: root bus resource [io  0x0000-0x0cf7 window]
[    0.280504] pci_bus 0000:00: root bus resource [io  0x0d00-0xffff window]
[    0.280505] pci_bus 0000:00: root bus resource [mem 0x000a0000-0x000bffff window]
[    0.280505] pci_bus 0000:00: root bus resource [mem 0x000d0000-0x000d3fff window]
[    0.280506] pci_bus 0000:00: root bus resource [mem 0x000d4000-0x000d7fff window]
[    0.280506] pci_bus 0000:00: root bus resource [mem 0x000d8000-0x000dbfff window]
[    0.280507] pci_bus 0000:00: root bus resource [mem 0x000dc000-0x000dffff window]
[    0.280508] pci_bus 0000:00: root bus resource [mem 0xdf200000-0xfeafffff window]
[    0.280508] pci_bus 0000:00: root bus resource [bus 00-3e]
[    0.280513] pci 0000:00:00.0: [8086:0c00] type 00 class 0x060000
[    0.280582] pci 0000:00:02.0: [8086:0412] type 00 class 0x030000
[    0.280590] pci 0000:00:02.0: reg 0x10: [mem 0xf7800000-0xf7bfffff 64bit]
[    0.280594] pci 0000:00:02.0: reg 0x18: [mem 0xe0000000-0xefffffff 64bit pref]
[    0.280596] pci 0000:00:02.0: reg 0x20: [io  0xf000-0xf03f]
[    0.280605] pci 0000:00:02.0: BAR 2: assigned to efifb
[    0.280658] pci 0000:00:03.0: [8086:0c0c] type 00 class 0x040300
[    0.280664] pci 0000:00:03.0: reg 0x10: [mem 0xf7d14000-0xf7d17fff 64bit]
[    0.280740] pci 0000:00:14.0: [8086:8c31] type 00 class 0x0c0330
[    0.280757] pci 0000:00:14.0: reg 0x10: [mem 0xf7d00000-0xf7d0ffff 64bit]
[    0.280807] pci 0000:00:14.0: PME# supported from D3hot D3cold
[    0.280865] pci 0000:00:16.0: [8086:8c3a] type 00 class 0x078000
[    0.280882] pci 0000:00:16.0: reg 0x10: [mem 0xf7d1e000-0xf7d1e00f 64bit]
[    0.280935] pci 0000:00:16.0: PME# supported from D0 D3hot D3cold
[    0.280997] pci 0000:00:1a.0: [8086:8c2d] type 00 class 0x0c0320
[    0.281015] pci 0000:00:1a.0: reg 0x10: [mem 0xf7d1c000-0xf7d1c3ff]
[    0.281087] pci 0000:00:1a.0: PME# supported from D0 D3hot D3cold
[    0.281148] pci 0000:00:1b.0: [8086:8c20] type 00 class 0x040300
[    0.281163] pci 0000:00:1b.0: reg 0x10: [mem 0xf7d10000-0xf7d13fff 64bit]
[    0.281213] pci 0000:00:1b.0: PME# supported from D0 D3hot D3cold
[    0.281270] pci 0000:00:1c.0: [8086:8c10] type 01 class 0x060400
[    0.281333] pci 0000:00:1c.0: PME# supported from D0 D3hot D3cold
[    0.281433] pci 0000:00:1c.2: [8086:8c14] type 01 class 0x060400
[    0.281494] pci 0000:00:1c.2: PME# supported from D0 D3hot D3cold
[    0.281595] pci 0000:00:1d.0: [8086:8c26] type 00 class 0x0c0320
[    0.281614] pci 0000:00:1d.0: reg 0x10: [mem 0xf7d1b000-0xf7d1b3ff]
[    0.281686] pci 0000:00:1d.0: PME# supported from D0 D3hot D3cold
[    0.281750] pci 0000:00:1f.0: [8086:8c5c] type 00 class 0x060100
[    0.281894] pci 0000:00:1f.2: [8086:8c02] type 00 class 0x010601
[    0.281907] pci 0000:00:1f.2: reg 0x10: [io  0xf0b0-0xf0b7]
[    0.281913] pci 0000:00:1f.2: reg 0x14: [io  0xf0a0-0xf0a3]
[    0.281918] pci 0000:00:1f.2: reg 0x18: [io  0xf090-0xf097]
[    0.281924] pci 0000:00:1f.2: reg 0x1c: [io  0xf080-0xf083]
[    0.281930] pci 0000:00:1f.2: reg 0x20: [io  0xf060-0xf07f]
[    0.281936] pci 0000:00:1f.2: reg 0x24: [mem 0xf7d1a000-0xf7d1a7ff]
[    0.281965] pci 0000:00:1f.2: PME# supported from D3hot
[    0.282017] pci 0000:00:1f.3: [8086:8c22] type 00 class 0x0c0500
[    0.282032] pci 0000:00:1f.3: reg 0x10: [mem 0xf7d19000-0xf7d190ff 64bit]
[    0.282048] pci 0000:00:1f.3: reg 0x20: [io  0xf040-0xf05f]
[    0.282158] acpiphp: Slot [1] registered
[    0.282162] pci 0000:00:1c.0: PCI bridge to [bus 01]
[    0.282223] pci 0000:02:00.0: [10ec:8168] type 00 class 0x020000
[    0.282251] pci 0000:02:00.0: reg 0x10: [io  0xe000-0xe0ff]
[    0.282277] pci 0000:02:00.0: reg 0x18: [mem 0xf7c00000-0xf7c00fff 64bit]
[    0.282293] pci 0000:02:00.0: reg 0x20: [mem 0xf0000000-0xf0003fff 64bit pref]
[    0.282384] pci 0000:02:00.0: supports D1 D2
[    0.282385] pci 0000:02:00.0: PME# supported from D0 D1 D2 D3hot D3cold
[    0.282483] pci 0000:00:1c.2: PCI bridge to [bus 02]
[    0.282486] pci 0000:00:1c.2:   bridge window [io  0xe000-0xefff]
[    0.282489] pci 0000:00:1c.2:   bridge window [mem 0xf7c00000-0xf7cfffff]
[    0.282493] pci 0000:00:1c.2:   bridge window [mem 0xf0000000-0xf00fffff 64bit pref]
[    0.283101] ACPI: PCI Interrupt Link [LNKA] (IRQs 3 4 5 6 10 *11 12 14 15)
[    0.283146] ACPI: PCI Interrupt Link [LNKB] (IRQs 3 4 5 6 10 11 12 14 15) *0, disabled.
[    0.283190] ACPI: PCI Interrupt Link [LNKC] (IRQs *3 4 5 6 10 11 12 14 15)
[    0.283233] ACPI: PCI Interrupt Link [LNKD] (IRQs 3 4 5 6 *10 11 12 14 15)
[    0.283276] ACPI: PCI Interrupt Link [LNKE] (IRQs 3 4 5 6 10 11 12 14 15) *0, disabled.
[    0.283319] ACPI: PCI Interrupt Link [LNKF] (IRQs 3 4 5 6 10 11 12 14 15) *0, disabled.
[    0.283362] ACPI: PCI Interrupt Link [LNKG] (IRQs 3 4 *5 6 10 11 12 14 15)
[    0.283405] ACPI: PCI Interrupt Link [LNKH] (IRQs 3 4 5 6 10 *11 12 14 15)
[    0.283723] pci 0000:00:02.0: vgaarb: setting as boot VGA device
[    0.283723] pci 0000:00:02.0: vgaarb: VGA device added: decodes=io+mem,owns=io+mem,locks=none
[    0.283723] pci 0000:00:02.0: vgaarb: bridge control possible
[    0.283723] vgaarb: loaded
[    0.283723] ACPI: bus type USB registered
[    0.283723] usbcore: registered new interface driver usbfs
[    0.283723] usbcore: registered new interface driver hub
[    0.283723] usbcore: registered new device driver usb
[    0.283723] pps_core: LinuxPPS API ver. 1 registered
[    0.283723] pps_core: Software ver. 5.3.6 - Copyright 2005-2007 Rodolfo Giometti <giometti@linux.it>
[    0.283723] PTP clock support registered
[    0.283723] EDAC MC: Ver: 3.0.0
[    0.283723] Registered efivars operations
[    0.283723] PCI: Using ACPI for IRQ routing
[    0.283723] PCI: pci_cache_line_size set to 64 bytes
[    0.283723] e820: reserve RAM buffer [mem 0x00058000-0x0005ffff]
[    0.283723] e820: reserve RAM buffer [mem 0x0009f000-0x0009ffff]
[    0.283723] e820: reserve RAM buffer [mem 0xc6523000-0xc7ffffff]
[    0.283723] e820: reserve RAM buffer [mem 0xc696e000-0xc7ffffff]
[    0.283723] e820: reserve RAM buffer [mem 0xc99e3000-0xcbffffff]
[    0.283723] e820: reserve RAM buffer [mem 0xd8da7000-0xdbffffff]
[    0.283723] e820: reserve RAM buffer [mem 0xd8e93000-0xdbffffff]
[    0.283723] e820: reserve RAM buffer [mem 0xda000000-0xdbffffff]
[    0.283723] e820: reserve RAM buffer [mem 0x21fe00000-0x21fffffff]
[    0.283723] NetLabel: Initializing
[    0.283723] NetLabel:  domain hash size = 128
[    0.283723] NetLabel:  protocols = UNLABELED CIPSOv4 CALIPSO
[    0.283723] NetLabel:  unlabeled traffic allowed by default
[    0.283723] hpet0: at MMIO 0xfed00000, IRQs 2, 8, 0, 0, 0, 0, 0, 0
[    0.283723] hpet0: 8 comparators, 64-bit 14.318180 MHz counter
[    0.287817] clocksource: Switched to clocksource tsc-early
[    0.294784] VFS: Disk quotas dquot_6.6.0
[    0.294796] VFS: Dquot-cache hash table entries: 512 (order 0, 4096 bytes)
[    0.294845] pnp: PnP ACPI init
[    0.294928] system 00:00: [mem 0xfed40000-0xfed44fff] has been reserved
[    0.294931] system 00:00: Plug and Play ACPI device, IDs PNP0c01 (active)
[    0.295094] system 00:01: [io  0x0680-0x069f] has been reserved
[    0.295095] system 00:01: [io  0xffff] has been reserved
[    0.295096] system 00:01: [io  0xffff] has been reserved
[    0.295097] system 00:01: [io  0xffff] has been reserved
[    0.295097] system 00:01: [io  0x1c00-0x1cfe] has been reserved
[    0.295098] system 00:01: [io  0x1d00-0x1dfe] has been reserved
[    0.295099] system 00:01: [io  0x1e00-0x1efe] has been reserved
[    0.295099] system 00:01: [io  0x1f00-0x1ffe] has been reserved
[    0.295100] system 00:01: [io  0x1800-0x18fe] has been reserved
[    0.295102] system 00:01: [io  0x164e-0x164f] has been reserved
[    0.295104] system 00:01: Plug and Play ACPI device, IDs PNP0c02 (active)
[    0.295119] pnp 00:02: Plug and Play ACPI device, IDs PNP0b00 (active)
[    0.295154] system 00:03: [io  0x1854-0x1857] has been reserved
[    0.295156] system 00:03: Plug and Play ACPI device, IDs INT3f0d PNP0c02 (active)
[    0.295245] system 00:04: [io  0x0a00-0x0a0f] has been reserved
[    0.295246] system 00:04: [io  0x0a10-0x0a1f] has been reserved
[    0.295248] system 00:04: Plug and Play ACPI device, IDs PNP0c02 (active)
[    0.295380] pnp 00:05: [dma 0 disabled]
[    0.295411] pnp 00:05: Plug and Play ACPI device, IDs PNP0501 (active)
[    0.295447] system 00:06: [io  0x04d0-0x04d1] has been reserved
[    0.295449] system 00:06: Plug and Play ACPI device, IDs PNP0c02 (active)
[    0.295814] system 00:07: [mem 0xfed1c000-0xfed1ffff] has been reserved
[    0.295815] system 00:07: [mem 0xfed10000-0xfed17fff] has been reserved
[    0.295815] system 00:07: [mem 0xfed18000-0xfed18fff] has been reserved
[    0.295816] system 00:07: [mem 0xfed19000-0xfed19fff] has been reserved
[    0.295817] system 00:07: [mem 0xf8000000-0xfbffffff] has been reserved
[    0.295818] system 00:07: [mem 0xfed20000-0xfed3ffff] has been reserved
[    0.295819] system 00:07: [mem 0xfed90000-0xfed93fff] could not be reserved
[    0.295820] system 00:07: [mem 0xfed45000-0xfed8ffff] has been reserved
[    0.295820] system 00:07: [mem 0xff000000-0xffffffff] has been reserved
[    0.295821] system 00:07: [mem 0xfee00000-0xfeefffff] could not be reserved
[    0.295822] system 00:07: [mem 0xf7fdf000-0xf7fdffff] has been reserved
[    0.295823] system 00:07: [mem 0xf7fe0000-0xf7feffff] has been reserved
[    0.295825] system 00:07: Plug and Play ACPI device, IDs PNP0c02 (active)
[    0.296024] pnp: PnP ACPI: found 8 devices
[    0.301297] clocksource: acpi_pm: mask: 0xffffff max_cycles: 0xffffff, max_idle_ns: 2085701024 ns
[    0.301307] pci 0000:00:1c.0: bridge window [io  0x1000-0x0fff] to [bus 01] add_size 1000
[    0.301309] pci 0000:00:1c.0: bridge window [mem 0x00100000-0x000fffff 64bit pref] to [bus 01] add_size 200000 add_align 100000
[    0.301310] pci 0000:00:1c.0: bridge window [mem 0x00100000-0x000fffff] to [bus 01] add_size 200000 add_align 100000
[    0.301319] pci 0000:00:1c.0: BAR 14: assigned [mem 0xdf200000-0xdf3fffff]
[    0.301323] pci 0000:00:1c.0: BAR 15: assigned [mem 0xdf400000-0xdf5fffff 64bit pref]
[    0.301324] pci 0000:00:1c.0: BAR 13: assigned [io  0x2000-0x2fff]
[    0.301326] pci 0000:00:1c.0: PCI bridge to [bus 01]
[    0.301328] pci 0000:00:1c.0:   bridge window [io  0x2000-0x2fff]
[    0.301331] pci 0000:00:1c.0:   bridge window [mem 0xdf200000-0xdf3fffff]
[    0.301334] pci 0000:00:1c.0:   bridge window [mem 0xdf400000-0xdf5fffff 64bit pref]
[    0.301338] pci 0000:00:1c.2: PCI bridge to [bus 02]
[    0.301340] pci 0000:00:1c.2:   bridge window [io  0xe000-0xefff]
[    0.301343] pci 0000:00:1c.2:   bridge window [mem 0xf7c00000-0xf7cfffff]
[    0.301346] pci 0000:00:1c.2:   bridge window [mem 0xf0000000-0xf00fffff 64bit pref]
[    0.301351] pci_bus 0000:00: resource 4 [io  0x0000-0x0cf7 window]
[    0.301351] pci_bus 0000:00: resource 5 [io  0x0d00-0xffff window]
[    0.301352] pci_bus 0000:00: resource 6 [mem 0x000a0000-0x000bffff window]
[    0.301353] pci_bus 0000:00: resource 7 [mem 0x000d0000-0x000d3fff window]
[    0.301353] pci_bus 0000:00: resource 8 [mem 0x000d4000-0x000d7fff window]
[    0.301354] pci_bus 0000:00: resource 9 [mem 0x000d8000-0x000dbfff window]
[    0.301355] pci_bus 0000:00: resource 10 [mem 0x000dc000-0x000dffff window]
[    0.301355] pci_bus 0000:00: resource 11 [mem 0xdf200000-0xfeafffff window]
[    0.301356] pci_bus 0000:01: resource 0 [io  0x2000-0x2fff]
[    0.301357] pci_bus 0000:01: resource 1 [mem 0xdf200000-0xdf3fffff]
[    0.301357] pci_bus 0000:01: resource 2 [mem 0xdf400000-0xdf5fffff 64bit pref]
[    0.301358] pci_bus 0000:02: resource 0 [io  0xe000-0xefff]
[    0.301359] pci_bus 0000:02: resource 1 [mem 0xf7c00000-0xf7cfffff]
[    0.301359] pci_bus 0000:02: resource 2 [mem 0xf0000000-0xf00fffff 64bit pref]
[    0.301446] NET: Registered protocol family 2
[    0.301565] tcp_listen_portaddr_hash hash table entries: 4096 (order: 4, 65536 bytes)
[    0.301588] TCP established hash table entries: 65536 (order: 7, 524288 bytes)
[    0.301697] TCP bind hash table entries: 65536 (order: 8, 1048576 bytes)
[    0.301876] TCP: Hash tables configured (established 65536 bind 65536)
[    0.301904] UDP hash table entries: 4096 (order: 5, 131072 bytes)
[    0.301931] UDP-Lite hash table entries: 4096 (order: 5, 131072 bytes)
[    0.301983] NET: Registered protocol family 1
[    0.301986] NET: Registered protocol family 44
[    0.301993] pci 0000:00:02.0: Video device with shadowed ROM at [mem 0x000c0000-0x000dffff]
[    0.302350] PCI: CLS 64 bytes, default 64
[    0.302377] Unpacking initramfs...
[    0.396097] Freeing initrd memory: 12220K
[    0.437816] PCI-DMA: Using software bounce buffering for IO (SWIOTLB)
[    0.437817] software IO TLB: mapped [mem 0xc2523000-0xc6523000] (64MB)
[    0.437928] Scanning for low memory corruption every 60 seconds
[    0.438310] Initialise system trusted keyrings
[    0.438317] Key type blacklist registered
[    0.438344] workingset: timestamp_bits=41 max_order=21 bucket_order=0
[    0.439071] zbud: loaded
[    0.439997] Key type asymmetric registered
[    0.439998] Asymmetric key parser 'x509' registered
[    0.440004] Block layer SCSI generic (bsg) driver version 0.4 loaded (major 244)
[    0.440027] io scheduler noop registered
[    0.440027] io scheduler deadline registered
[    0.440045] io scheduler cfq registered
[    0.440046] io scheduler mq-deadline registered
[    0.440046] io scheduler kyber registered
[    0.440059] io scheduler bfq registered
[    0.440072] io scheduler bfq-sq registered (default)
[    0.440072] BFQ I/O-scheduler: v10 (with cgroups support)
[    0.440084] io scheduler bfq-mq registered
[    0.440084] BFQ I/O-scheduler: v10 (with cgroups support)
[    0.440411] shpchp: Standard Hot Plug PCI Controller Driver version: 0.4
[    0.440454] efifb: probing for efifb
[    0.440465] efifb: framebuffer at 0xe0000000, using 8128k, total 8128k
[    0.440466] efifb: mode is 1920x1080x32, linelength=7680, pages=1
[    0.440466] efifb: scrolling: redraw
[    0.440467] efifb: Truecolor: size=8:8:8:8, shift=24:16:8:0
[    0.440496] fbcon: Deferring console take-over
[    0.440497] fb0: EFI VGA frame buffer device
[    0.440501] intel_idle: MWAIT substates: 0x42120
[    0.440502] intel_idle: v0.4.1 model 0x3C
[    0.440692] intel_idle: lapic_timer_reliable_states 0xffffffff
[    0.440740] input: Power Button as /devices/LNXSYSTM:00/LNXSYBUS:00/PNP0C0C:00/input/input0
[    0.440750] ACPI: Power Button [PWRB]
[    0.440782] input: Power Button as /devices/LNXSYSTM:00/LNXPWRBN:00/input/input1
[    0.440789] ACPI: Power Button [PWRF]
[    0.441326] thermal LNXTHERM:00: registered as thermal_zone0
[    0.441327] ACPI: Thermal Zone [TZ00] (28 C)
[    0.441528] thermal LNXTHERM:01: registered as thermal_zone1
[    0.441529] ACPI: Thermal Zone [TZ01] (30 C)
[    0.441638] Serial: 8250/16550 driver, 4 ports, IRQ sharing enabled
[    0.462203] 00:05: ttyS0 at I/O 0x3f8 (irq = 4, base_baud = 115200) is a 16550A
[    0.462543] AMD IOMMUv2 driver by Joerg Roedel <jroedel@suse.de>
[    0.462544] AMD IOMMUv2 functionality not available on this system
[    0.463150] usbcore: registered new interface driver usbserial_generic
[    0.463153] usbserial: USB Serial support registered for generic
[    0.463166] rtc_cmos 00:02: RTC can wake from S4
[    0.463310] rtc_cmos 00:02: registered as rtc0
[    0.463318] rtc_cmos 00:02: alarms up to one month, y3k, 242 bytes nvram, hpet irqs
[    0.463350] intel_pstate: Intel P-state driver initializing
[    0.463768] ledtrig-cpu: registered to indicate activity on CPUs
[    0.464310] NET: Registered protocol family 10
[    0.477090] Segment Routing with IPv6
[    0.477146] NET: Registered protocol family 17
[    0.478444] mce: Using 9 MCE banks
[    0.478478] RAS: Correctable Errors collector initialized.
[    0.478561] microcode: sig=0x306c3, pf=0x2, revision=0x27
[    0.478904] microcode: Microcode Update Driver: v2.2.
[    0.478934] sched_clock: Marking stable (478719745, 180570)->(486916526, -8016211)
[    0.479083] registered taskstats version 1
[    0.479087] Loading compiled-in X.509 certificates
[    0.480814] Loaded X.509 cert 'Build time autogenerated kernel key: c9529f0b3a5fb8d1aee919da2b130508c97bf09a'
[    0.480827] zswap: loaded using pool lzo/zbud
[    0.483270] Key type big_key registered
[    0.483529]   Magic number: 4:260:353
[    0.483598] rtc_cmos 00:02: setting system clock to 2020-01-21 23:18:01 UTC (1579648681)
[    0.673747] Freeing unused decrypted memory: 2040K
[    0.823058] Freeing unused kernel image memory: 1608K
[    0.927871] Write protecting the kernel read-only data: 18432k
[    0.931138] Freeing unused kernel image memory: 2008K
[    0.931518] Freeing unused kernel image memory: 496K
[    0.950621] x86/mm: Checked W+X mappings: passed, no W+X pages found.
[    0.950621] x86/mm: Checking user space page tables
[    0.956571] x86/mm: Checked W+X mappings: passed, no W+X pages found.
[    0.956571] Run /init as init process
[    0.970941] fbcon: Taking over console
[    0.971014] Console: switching to colour frame buffer device 240x67
[    1.068895] ehci_hcd: USB 2.0 'Enhanced' Host Controller (EHCI) Driver
[    1.070546] ehci-pci: EHCI PCI platform driver
[    1.070669] ehci-pci 0000:00:1a.0: EHCI Host Controller
[    1.070673] ehci-pci 0000:00:1a.0: new USB bus registered, assigned bus number 1
[    1.070683] ehci-pci 0000:00:1a.0: debug port 2
[    1.072579] SCSI subsystem initialized
[    1.074584] ehci-pci 0000:00:1a.0: cache line size of 64 is not supported
[    1.074596] ehci-pci 0000:00:1a.0: irq 16, io mem 0xf7d1c000
[    1.076855] libata version 3.00 loaded.
[    1.079761] ahci 0000:00:1f.2: version 3.0
[    1.079897] ahci 0000:00:1f.2: AHCI 0001.0300 32 slots 4 ports 6 Gbps 0x1 impl SATA mode
[    1.079898] ahci 0000:00:1f.2: flags: 64bit ncq led clo pio slum part ems 
[    1.080342] scsi host0: ahci
[    1.080524] scsi host1: ahci
[    1.080692] scsi host2: ahci
[    1.086076] scsi host3: ahci
[    1.086121] ata1: SATA max UDMA/133 abar m2048@0xf7d1a000 port 0xf7d1a100 irq 26
[    1.086122] ata2: DUMMY
[    1.086122] ata3: DUMMY
[    1.086123] ata4: DUMMY
[    1.097863] ehci-pci 0000:00:1a.0: USB 2.0 started, EHCI 1.00
[    1.098142] usb usb1: New USB device found, idVendor=1d6b, idProduct=0002, bcdDevice= 4.19
[    1.098153] usb usb1: New USB device strings: Mfr=3, Product=2, SerialNumber=1
[    1.098154] usb usb1: Product: EHCI Host Controller
[    1.098154] usb usb1: Manufacturer: Linux 4.19.97-1-MANJARO ehci_hcd
[    1.098155] usb usb1: SerialNumber: 0000:00:1a.0
[    1.098248] hub 1-0:1.0: USB hub found
[    1.098258] hub 1-0:1.0: 2 ports detected
[    1.098409] xhci_hcd 0000:00:14.0: xHCI Host Controller
[    1.098414] xhci_hcd 0000:00:14.0: new USB bus registered, assigned bus number 2
[    1.099462] xhci_hcd 0000:00:14.0: hcc params 0x200077c1 hci version 0x100 quirks 0x0000000000009810
[    1.099465] xhci_hcd 0000:00:14.0: cache line size of 64 is not supported
[    1.099818] usb usb2: New USB device found, idVendor=1d6b, idProduct=0002, bcdDevice= 4.19
[    1.099829] usb usb2: New USB device strings: Mfr=3, Product=2, SerialNumber=1
[    1.099830] usb usb2: Product: xHCI Host Controller
[    1.099831] usb usb2: Manufacturer: Linux 4.19.97-1-MANJARO xhci-hcd
[    1.099831] usb usb2: SerialNumber: 0000:00:14.0
[    1.099908] hub 2-0:1.0: USB hub found
[    1.099922] hub 2-0:1.0: 10 ports detected
[    1.101106] ehci-pci 0000:00:1d.0: EHCI Host Controller
[    1.101109] ehci-pci 0000:00:1d.0: new USB bus registered, assigned bus number 3
[    1.101119] xhci_hcd 0000:00:14.0: xHCI Host Controller
[    1.101119] ehci-pci 0000:00:1d.0: debug port 2
[    1.101121] xhci_hcd 0000:00:14.0: new USB bus registered, assigned bus number 4
[    1.101122] xhci_hcd 0000:00:14.0: Host supports USB 3.0 SuperSpeed
[    1.101211] usb usb4: New USB device found, idVendor=1d6b, idProduct=0003, bcdDevice= 4.19
[    1.101212] usb usb4: New USB device strings: Mfr=3, Product=2, SerialNumber=1
[    1.101212] usb usb4: Product: xHCI Host Controller
[    1.101213] usb usb4: Manufacturer: Linux 4.19.97-1-MANJARO xhci-hcd
[    1.101214] usb usb4: SerialNumber: 0000:00:14.0
[    1.101300] hub 4-0:1.0: USB hub found
[    1.101307] hub 4-0:1.0: 2 ports detected
[    1.105038] ehci-pci 0000:00:1d.0: cache line size of 64 is not supported
[    1.105045] ehci-pci 0000:00:1d.0: irq 23, io mem 0xf7d1b000
[    1.127857] ehci-pci 0000:00:1d.0: USB 2.0 started, EHCI 1.00
[    1.128283] usb usb3: New USB device found, idVendor=1d6b, idProduct=0002, bcdDevice= 4.19
[    1.128285] usb usb3: New USB device strings: Mfr=3, Product=2, SerialNumber=1
[    1.128287] usb usb3: Product: EHCI Host Controller
[    1.128288] usb usb3: Manufacturer: Linux 4.19.97-1-MANJARO ehci_hcd
[    1.128289] usb usb3: SerialNumber: 0000:00:1d.0
[    1.128536] hub 3-0:1.0: USB hub found
[    1.128572] hub 3-0:1.0: 2 ports detected
[    1.419954] ata1: SATA link up 6.0 Gbps (SStatus 133 SControl 300)
[    1.421356] ata1.00: ATA-9: ST1000DM003-1CH162, CC47, max UDMA/133
[    1.421360] ata1.00: 1953525168 sectors, multi 16: LBA48 NCQ (depth 32), AA
[    1.422547] ata1.00: configured for UDMA/133
[    1.422840] scsi 0:0:0:0: Direct-Access     ATA      ST1000DM003-1CH1 CC47 PQ: 0 ANSI: 5
[    1.431825] sd 0:0:0:0: [sda] 1953525168 512-byte logical blocks: (1.00 TB/932 GiB)
[    1.431831] sd 0:0:0:0: [sda] 4096-byte physical blocks
[    1.431848] sd 0:0:0:0: [sda] Write Protect is off
[    1.431854] sd 0:0:0:0: [sda] Mode Sense: 00 3a 00 00
[    1.431879] sd 0:0:0:0: [sda] Write cache: enabled, read cache: enabled, doesn't support DPO or FUA
[    1.457859] tsc: Refined TSC clocksource calibration: 3400.039 MHz
[    1.457868] clocksource: tsc: mask: 0xffffffffffffffff max_cycles: 0x3102731c084, max_idle_ns: 440795218402 ns
[    1.457893] clocksource: Switched to clocksource tsc
[    1.467867] usb 1-1: new high-speed USB device number 2 using ehci-pci
[    1.486506]  sda: sda1 sda2 sda3 sda4 sda5 sda6 sda7 sda8 sda9
[    1.487592] sd 0:0:0:0: [sda] Attached SCSI disk
[    1.497829] usb 3-1: new high-speed USB device number 2 using ehci-pci
[    1.668311] usb 1-1: New USB device found, idVendor=8087, idProduct=8008, bcdDevice= 0.05
[    1.668314] usb 1-1: New USB device strings: Mfr=0, Product=0, SerialNumber=0
[    1.668727] hub 1-1:1.0: USB hub found
[    1.668932] hub 1-1:1.0: 4 ports detected
[    1.698602] usb 3-1: New USB device found, idVendor=8087, idProduct=8000, bcdDevice= 0.05
[    1.698606] usb 3-1: New USB device strings: Mfr=0, Product=0, SerialNumber=0
[    1.699097] hub 3-1:1.0: USB hub found
[    1.699295] hub 3-1:1.0: 6 ports detected
[    2.144712] random: fast init done
[    2.287926] usb 4-2: new SuperSpeed Gen 1 USB device number 2 using xhci_hcd
[    2.318822] usb 4-2: New USB device found, idVendor=0bc2, idProduct=ab26, bcdDevice= 1.08
[    2.318824] usb 4-2: New USB device strings: Mfr=1, Product=2, SerialNumber=3
[    2.318826] usb 4-2: Product: BUP Slim BL
[    2.318827] usb 4-2: Manufacturer: Seagate
[    2.318827] usb 4-2: SerialNumber: NA9C8HAD
[    2.323128] usbcore: registered new interface driver usb-storage
[    2.326937] scsi host4: uas
[    2.327024] usbcore: registered new interface driver uas
[    2.327389] scsi 4:0:0:0: Direct-Access     Seagate  BUP Slim BL      0108 PQ: 0 ANSI: 6
[    2.328625] sd 4:0:0:0: [sdb] 1953525167 512-byte logical blocks: (1.00 TB/932 GiB)
[    2.328626] sd 4:0:0:0: [sdb] 4096-byte physical blocks
[    2.328764] sd 4:0:0:0: [sdb] Write Protect is off
[    2.328765] sd 4:0:0:0: [sdb] Mode Sense: 53 00 00 08
[    2.329027] sd 4:0:0:0: [sdb] Write cache: enabled, read cache: enabled, doesn't support DPO or FUA
[    2.329269] sd 4:0:0:0: [sdb] Optimal transfer size 33553920 bytes not a multiple of physical block size (4096 bytes)
[    2.331037]  sdb: sdb1
[    2.332264] sd 4:0:0:0: [sdb] Attached SCSI disk
[    2.467841] usb 2-3: new full-speed USB device number 3 using xhci_hcd
[    2.654105] usb 2-3: New USB device found, idVendor=04d9, idProduct=a070, bcdDevice= 2.40
[    2.654107] usb 2-3: New USB device strings: Mfr=1, Product=2, SerialNumber=0
[    2.654108] usb 2-3: Product: USB Gaming Mouse
[    2.654109] usb 2-3: Manufacturer: Holtek
[    2.659071] hidraw: raw HID events driver (C) Jiri Kosina
[    2.668864] usbcore: registered new interface driver usbhid
[    2.668864] usbhid: USB HID core driver
[    2.671578] input: Holtek USB Gaming Mouse as /devices/pci0000:00/0000:00:14.0/usb2/2-3/2-3:1.0/0003:04D9:A070.0001/input/input2
[    2.738005] holtek_mouse 0003:04D9:A070.0001: input,hidraw0: USB HID v1.10 Keyboard [Holtek USB Gaming Mouse] on usb-0000:00:14.0-3/input0
[    2.738359] input: Holtek USB Gaming Mouse as /devices/pci0000:00/0000:00:14.0/usb2/2-3/2-3:1.1/0003:04D9:A070.0002/input/input3
[    2.797856] usb 2-4: new full-speed USB device number 4 using xhci_hcd
[    2.808069] holtek_mouse 0003:04D9:A070.0002: input,hiddev0,hidraw1: USB HID v1.10 Mouse [Holtek USB Gaming Mouse] on usb-0000:00:14.0-3/input1
[    2.808346] holtek_mouse 0003:04D9:A070.0003: hiddev1,hidraw2: USB HID v1.10 Device [Holtek USB Gaming Mouse] on usb-0000:00:14.0-3/input2
[    2.979642] usb 2-4: New USB device found, idVendor=0c45, idProduct=672e, bcdDevice= 1.00
[    2.979644] usb 2-4: New USB device strings: Mfr=1, Product=2, SerialNumber=0
[    2.979644] usb 2-4: Product: USB DEVICE
[    2.979645] usb 2-4: Manufacturer: SONiX
[    2.981497] input: SONiX USB DEVICE as /devices/pci0000:00/0000:00:14.0/usb2/2-4/2-4:1.0/0003:0C45:672E.0004/input/input4
[    3.002355] EXT4-fs (sda7): mounted filesystem with ordered data mode. Opts: (null)
[    3.048141] hid-generic 0003:0C45:672E.0004: input,hidraw3: USB HID v1.11 Keyboard [SONiX USB DEVICE] on usb-0000:00:14.0-4/input0
[    3.050959] input: SONiX USB DEVICE Keyboard as /devices/pci0000:00/0000:00:14.0/usb2/2-4/2-4:1.1/0003:0C45:672E.0005/input/input5
[    3.118013] input: SONiX USB DEVICE Wireless Radio Control as /devices/pci0000:00/0000:00:14.0/usb2/2-4/2-4:1.1/0003:0C45:672E.0005/input/input6
[    3.118113] input: SONiX USB DEVICE Consumer Control as /devices/pci0000:00/0000:00:14.0/usb2/2-4/2-4:1.1/0003:0C45:672E.0005/input/input7
[    3.118155] input: SONiX USB DEVICE as /devices/pci0000:00/0000:00:14.0/usb2/2-4/2-4:1.1/0003:0C45:672E.0005/input/input8
[    3.118548] hid-generic 0003:0C45:672E.0005: input,hiddev2,hidraw4: USB HID v1.11 Keyboard [SONiX USB DEVICE] on usb-0000:00:14.0-4/input1
[    3.267877] usb 2-8: new full-speed USB device number 5 using xhci_hcd
[    3.450093] usb 2-8: New USB device found, idVendor=1ea7, idProduct=0064, bcdDevice= 2.00
[    3.450097] usb 2-8: New USB device strings: Mfr=0, Product=1, SerialNumber=0
[    3.450100] usb 2-8: Product: 2.4G Mouse
[    3.453700] input: 2.4G Mouse as /devices/pci0000:00/0000:00:14.0/usb2/2-8/2-8:1.0/0003:1EA7:0064.0006/input/input9
[    3.453754] input: 2.4G Mouse Mouse as /devices/pci0000:00/0000:00:14.0/usb2/2-8/2-8:1.0/0003:1EA7:0064.0006/input/input10
[    3.454179] hid-generic 0003:1EA7:0064.0006: input,hiddev3,hidraw5: USB HID v1.10 Mouse [2.4G Mouse] on usb-0000:00:14.0-8/input0
[    4.288793] systemd[1]: systemd 242.153-2-manjaro running in system mode. (+PAM +AUDIT -SELINUX -IMA -APPARMOR +SMACK -SYSVINIT +UTMP +LIBCRYPTSETUP +GCRYPT +GNUTLS +ACL +XZ +LZ4 +SECCOMP +BLKID +ELFUTILS +KMOD +IDN2 -IDN +PCRE2 default-hierarchy=hybrid)
[    4.317910] systemd[1]: Detected architecture x86-64.
[    4.340155] systemd[1]: Set hostname to <LINUXPC>.
[    6.595380] systemd[1]: /etc/systemd/system/teamviewerd.service:9: PIDFile= references a path below legacy directory /var/run/, updating /var/run/teamviewerd.pid â†’ /run/teamviewerd.pid; please update the unit file accordingly.
[    6.677868] systemd[1]: Started Forward Password Requests to Wall Directory Watch.
[    6.690400] systemd[1]: Listening on LVM2 metadata daemon socket.
[    6.690459] systemd[1]: Reached target Remote File Systems.
[    6.690637] systemd[1]: Listening on Journal Socket.
[    6.693771] systemd[1]: Mounting POSIX Message Queue File System...
[    6.695097] systemd[1]: Mounting Kernel Debug File System...
[    6.723419] EXT4-fs (sda7): re-mounted. Opts: (null)
[    6.892764] random: systemd-random-: uninitialized urandom read (512 bytes read)
[    6.983529] audit: type=1130 audit(1579648687.984:2): pid=1 uid=0 auid=4294967295 ses=4294967295 msg='unit=systemd-journald comm="systemd" exe="/usr/lib/systemd/systemd" hostname=? addr=? terminal=? res=success'
[    7.062998] systemd-journald[271]: Received request to flush runtime journal from PID 1
[    7.362168] sd 0:0:0:0: Attached scsi generic sg0 type 0
[    7.362185] sd 4:0:0:0: Attached scsi generic sg1 type 0
[    7.496596] random: lvm: uninitialized urandom read (4 bytes read)
[    7.500117] audit: type=1130 audit(1579648688.504:3): pid=1 uid=0 auid=4294967295 ses=4294967295 msg='unit=lvm2-lvmetad comm="systemd" exe="/usr/lib/systemd/systemd" hostname=? addr=? terminal=? res=success'
[    7.705048] audit: type=1130 audit(1579648688.704:4): pid=1 uid=0 auid=4294967295 ses=4294967295 msg='unit=systemd-modules-load comm="systemd" exe="/usr/lib/systemd/systemd" hostname=? addr=? terminal=? res=success'
[    7.784622] audit: type=1130 audit(1579648688.784:5): pid=1 uid=0 auid=4294967295 ses=4294967295 msg='unit=systemd-tmpfiles-setup-dev comm="systemd" exe="/usr/lib/systemd/systemd" hostname=? addr=? terminal=? res=success'
[    7.824452] audit: type=1130 audit(1579648688.824:6): pid=1 uid=0 auid=4294967295 ses=4294967295 msg='unit=systemd-sysctl comm="systemd" exe="/usr/lib/systemd/systemd" hostname=? addr=? terminal=? res=success'
[    7.910973] audit: type=1130 audit(1579648688.914:7): pid=1 uid=0 auid=4294967295 ses=4294967295 msg='unit=systemd-vconsole-setup comm="systemd" exe="/usr/lib/systemd/systemd" hostname=? addr=? terminal=? res=success'
[    7.910980] audit: type=1131 audit(1579648688.914:8): pid=1 uid=0 auid=4294967295 ses=4294967295 msg='unit=systemd-vconsole-setup comm="systemd" exe="/usr/lib/systemd/systemd" hostname=? addr=? terminal=? res=success'
[    9.274697] audit: type=1130 audit(1579648690.274:9): pid=1 uid=0 auid=4294967295 ses=4294967295 msg='unit=systemd-udevd comm="systemd" exe="/usr/lib/systemd/systemd" hostname=? addr=? terminal=? res=success'
[    9.458698] RAPL PMU: API unit is 2^-32 Joules, 4 fixed counters, 655360 ms ovfl timer
[    9.458699] RAPL PMU: hw unit of domain pp0-core 2^-14 Joules
[    9.458700] RAPL PMU: hw unit of domain package 2^-14 Joules
[    9.458700] RAPL PMU: hw unit of domain dram 2^-14 Joules
[    9.458700] RAPL PMU: hw unit of domain pp1-gpu 2^-14 Joules
[    9.583315] audit: type=1130 audit(1579648690.584:10): pid=1 uid=0 auid=4294967295 ses=4294967295 msg='unit=plymouth-start comm="systemd" exe="/usr/lib/systemd/systemd" hostname=? addr=? terminal=? res=success'
[    9.583320] audit: type=1131 audit(1579648690.584:11): pid=1 uid=0 auid=4294967295 ses=4294967295 msg='unit=plymouth-start comm="systemd" exe="/usr/lib/systemd/systemd" hostname=? addr=? terminal=? res=success'
[    9.728141] input: PC Speaker as /devices/platform/pcspkr/input/input11
[    9.730497] ACPI Warning: SystemIO range 0x0000000000001828-0x000000000000182F conflicts with OpRegion 0x0000000000001800-0x000000000000187F (\PMIO) (20180810/utaddress-204)
[    9.730500] ACPI: If an ACPI driver is available for this device, you should use it instead of the native driver
[    9.730503] ACPI Warning: SystemIO range 0x0000000000001C40-0x0000000000001C4F conflicts with OpRegion 0x0000000000001C00-0x0000000000001FFF (\GPR) (20180810/utaddress-204)
[    9.730504] ACPI: If an ACPI driver is available for this device, you should use it instead of the native driver
[    9.730505] ACPI Warning: SystemIO range 0x0000000000001C30-0x0000000000001C3F conflicts with OpRegion 0x0000000000001C00-0x0000000000001C3F (\GPRL) (20180810/utaddress-204)
[    9.730506] ACPI Warning: SystemIO range 0x0000000000001C30-0x0000000000001C3F conflicts with OpRegion 0x0000000000001C00-0x0000000000001FFF (\GPR) (20180810/utaddress-204)
[    9.730507] ACPI: If an ACPI driver is available for this device, you should use it instead of the native driver
[    9.730508] ACPI Warning: SystemIO range 0x0000000000001C00-0x0000000000001C2F conflicts with OpRegion 0x0000000000001C00-0x0000000000001C3F (\GPRL) (20180810/utaddress-204)
[    9.730509] ACPI Warning: SystemIO range 0x0000000000001C00-0x0000000000001C2F conflicts with OpRegion 0x0000000000001C00-0x0000000000001FFF (\GPR) (20180810/utaddress-204)
[    9.730510] ACPI: If an ACPI driver is available for this device, you should use it instead of the native driver
[    9.730510] lpc_ich: Resource conflict(s) found affecting gpio_ich
[    9.748991] cryptd: max_cpu_qlen set to 1000
[    9.779549] iTCO_vendor_support: vendor-support=0
[    9.780945] iTCO_wdt: Intel TCO WatchDog Timer Driver v1.11
[    9.780981] iTCO_wdt: Found a Lynx Point TCO device (Version=2, TCOBASE=0x1860)
[    9.781046] iTCO_wdt: initialized. heartbeat=30 sec (nowayout=0)
[    9.800143] i801_smbus 0000:00:1f.3: SPD Write Disable is set
[    9.800166] i801_smbus 0000:00:1f.3: SMBus using PCI interrupt
[    9.930113] AVX2 version of gcm_enc/dec engaged.
[    9.930114] AES CTR mode by8 optimization enabled
[   10.140177] r8169 0000:02:00.0: can't disable ASPM; OS doesn't have ASPM control
[   10.140455] intel-spi intel-spi: s25fl064k (8192 Kbytes)
[   10.179512] libphy: r8169: probed
[   10.179746] r8169 0000:02:00.0 eth0: RTL8168g/8111g, 00:d8:61:15:92:cd, XID 4c000800, IRQ 29
[   10.179748] r8169 0000:02:00.0 eth0: jumbo features [frames: 9200 bytes, tx checksumming: ko]
[   10.301881] r8169 0000:02:00.0 enp2s0: renamed from eth0
[   10.328879] Linux agpgart interface v0.103
[   10.332309] Creating 1 MTD partitions on "intel-spi":
[   10.332311] 0x000000000000-0x000000800000 : "BIOS"
[   10.599452] mousedev: PS/2 mouse device common for all mice
[   10.928452] Adding 15010812k swap on /dev/sda9.  Priority:-2 extents:1 across:15010812k FS
[   11.039367] VFIO - User Level meta-driver version: 0.3
[   11.039483] snd_hda_intel 0000:00:03.0: enabling device (0000 -> 0002)
[   11.039735] snd_hda_intel 0000:00:1b.0: enabling device (0000 -> 0002)
[   11.225503] snd_hda_codec_realtek hdaudioC1D0: autoconfig for ALC887-VD: line_outs=1 (0x14/0x0/0x0/0x0/0x0) type:line
[   11.225504] snd_hda_codec_realtek hdaudioC1D0:    speaker_outs=0 (0x0/0x0/0x0/0x0/0x0)
[   11.225505] snd_hda_codec_realtek hdaudioC1D0:    hp_outs=1 (0x1b/0x0/0x0/0x0/0x0)
[   11.225506] snd_hda_codec_realtek hdaudioC1D0:    mono: mono_out=0x0
[   11.225506] snd_hda_codec_realtek hdaudioC1D0:    inputs:
[   11.225507] snd_hda_codec_realtek hdaudioC1D0:      Front Mic=0x19
[   11.225508] snd_hda_codec_realtek hdaudioC1D0:      Rear Mic=0x18
[   11.225508] snd_hda_codec_realtek hdaudioC1D0:      Line=0x1a
[   11.236873] input: HDA Intel PCH Front Mic as /devices/pci0000:00/0000:00:1b.0/sound/card1/input12
[   11.236913] input: HDA Intel PCH Rear Mic as /devices/pci0000:00/0000:00:1b.0/sound/card1/input13
[   11.236945] input: HDA Intel PCH Line as /devices/pci0000:00/0000:00:1b.0/sound/card1/input14
[   11.236979] input: HDA Intel PCH Line Out as /devices/pci0000:00/0000:00:1b.0/sound/card1/input15
[   11.237010] input: HDA Intel PCH Front Headphone as /devices/pci0000:00/0000:00:1b.0/sound/card1/input16
[   11.460337] intel_rapl: Found RAPL domain package
[   11.460337] intel_rapl: Found RAPL domain core
[   11.460338] intel_rapl: Found RAPL domain uncore
[   11.460338] intel_rapl: Found RAPL domain dram
[   11.462524] [drm] PipeC fused off
[   11.462536] checking generic (e0000000 7f0000) vs hw (e0000000 10000000)
[   11.462537] fb: switching to inteldrmfb from EFI VGA
[   11.462549] Console: switching to colour dummy device 80x25
[   11.462591] [drm] Replacing VGA console driver
[   11.463084] [drm] Supports vblank timestamp caching Rev 2 (21.10.2013).
[   11.463084] [drm] Driver supports precise vblank timestamp query.
[   11.463245] i915 0000:00:02.0: vgaarb: changed VGA decodes: olddecodes=io+mem,decodes=io+mem:owns=io+mem
[   11.465581] [drm] Initialized i915 1.6.0 20180719 for 0000:00:02.0 on minor 0
[   11.466433] ACPI: Video Device [GFX0] (multi-head: yes  rom: no  post: no)
[   11.466639] input: Video Bus as /devices/LNXSYSTM:00/LNXSYBUS:00/PNP0A08:00/LNXVIDEO:00/input/input17
[   11.466727] snd_hda_intel 0000:00:03.0: bound 0000:00:02.0 (ops i915_audio_component_bind_ops [i915])
[   11.504331] fbcon: inteldrmfb (fb0) is primary device
[   11.527289] Console: switching to colour frame buffer device 240x67
[   11.546750] i915 0000:00:02.0: fb0: inteldrmfb frame buffer device
[   11.722397] input: HDA Intel HDMI HDMI/DP,pcm=3 as /devices/pci0000:00/0000:00:03.0/sound/card0/input18
[   11.722468] input: HDA Intel HDMI HDMI/DP,pcm=7 as /devices/pci0000:00/0000:00:03.0/sound/card0/input19
[   11.722534] input: HDA Intel HDMI HDMI/DP,pcm=8 as /devices/pci0000:00/0000:00:03.0/sound/card0/input20
[   12.649557] random: crng init done
[   12.758587] kauditd_printk_skb: 8 callbacks suppressed
[   12.758588] audit: type=1130 audit(1579648693.764:20): pid=1 uid=0 auid=4294967295 ses=4294967295 msg='unit=lvm2-monitor comm="systemd" exe="/usr/lib/systemd/systemd" hostname=? addr=? terminal=? res=success'
[   12.824581] loop: module loaded
[   14.864800] squashfs: version 4.0 (2009/01/31) Phillip Lougher
[   17.440790] audit: type=1130 audit(1579648698.444:21): pid=1 uid=0 auid=4294967295 ses=4294967295 msg='unit=systemd-fsck@dev-disk-by\x2duuid-3ddab7f7\x2d1786\x2d4467\x2d82c8\x2d81a381beba1a comm="systemd" exe="/usr/lib/systemd/systemd" hostname=? addr=? terminal=? res=success'
[   18.039836] EXT4-fs (sda8): mounted filesystem with ordered data mode. Opts: (null)
[   19.461980] audit: type=1130 audit(1579648700.464:22): pid=1 uid=0 auid=4294967295 ses=4294967295 msg='unit=systemd-journal-flush comm="systemd" exe="/usr/lib/systemd/systemd" hostname=? addr=? terminal=? res=success'
[   20.229827] audit: type=1130 audit(1579648701.234:23): pid=1 uid=0 auid=4294967295 ses=4294967295 msg='unit=systemd-fsck@dev-disk-by\x2duuid-906C\x2dEF72 comm="systemd" exe="/usr/lib/systemd/systemd" hostname=? addr=? terminal=? res=success'
[   20.537065] audit: type=1130 audit(1579648701.534:24): pid=1 uid=0 auid=4294967295 ses=4294967295 msg='unit=plymouth-read-write comm="systemd" exe="/usr/lib/systemd/systemd" hostname=? addr=? terminal=? res=success'
[   20.537068] audit: type=1131 audit(1579648701.534:25): pid=1 uid=0 auid=4294967295 ses=4294967295 msg='unit=plymouth-read-write comm="systemd" exe="/usr/lib/systemd/systemd" hostname=? addr=? terminal=? res=success'
[   20.657931] audit: type=1130 audit(1579648701.664:26): pid=1 uid=0 auid=4294967295 ses=4294967295 msg='unit=systemd-tmpfiles-setup comm="systemd" exe="/usr/lib/systemd/systemd" hostname=? addr=? terminal=? res=success'
[   20.705860] audit: type=1127 audit(1579648701.704:27): pid=532 uid=0 auid=4294967295 ses=4294967295 msg=' comm="systemd-update-utmp" exe="/usr/lib/systemd/systemd-update-utmp" hostname=? addr=? terminal=? res=success'
[   20.722043] audit: type=1130 audit(1579648701.724:28): pid=1 uid=0 auid=4294967295 ses=4294967295 msg='unit=systemd-update-utmp comm="systemd" exe="/usr/lib/systemd/systemd" hostname=? addr=? terminal=? res=success'
[   21.308050] audit: type=1130 audit(1579648702.314:29): pid=1 uid=0 auid=4294967295 ses=4294967295 msg='unit=systemd-timesyncd comm="systemd" exe="/usr/lib/systemd/systemd" hostname=? addr=? terminal=? res=success'
[   21.505499] audit: type=1130 audit(1579648702.504:30): pid=1 uid=0 auid=4294967295 ses=4294967295 msg='unit=shadow comm="systemd" exe="/usr/lib/systemd/systemd" hostname=? addr=? terminal=? res=success'
[   21.509624] audit: type=1130 audit(1579648702.514:31): pid=1 uid=0 auid=4294967295 ses=4294967295 msg='unit=dbus comm="systemd" exe="/usr/lib/systemd/systemd" hostname=? addr=? terminal=? res=success'
[   21.786679] nct6775: Found NCT6779D or compatible chip at 0x4e:0xa00
[   24.470331] kauditd_printk_skb: 9 callbacks suppressed
[   24.470332] audit: type=1130 audit(1579648705.474:41): pid=1 uid=0 auid=4294967295 ses=4294967295 msg='unit=systemd-user-sessions comm="systemd" exe="/usr/lib/systemd/systemd" hostname=? addr=? terminal=? res=success'
[   24.510452] audit: type=1130 audit(1579648705.514:42): pid=1 uid=0 auid=4294967295 ses=4294967295 msg='unit=plymouth-quit-wait comm="systemd" exe="/usr/lib/systemd/systemd" hostname=? addr=? terminal=? res=success'
[   24.510455] audit: type=1131 audit(1579648705.514:43): pid=1 uid=0 auid=4294967295 ses=4294967295 msg='unit=plymouth-quit-wait comm="systemd" exe="/usr/lib/systemd/systemd" hostname=? addr=? terminal=? res=success'
[   24.511777] audit: type=1130 audit(1579648705.514:44): pid=1 uid=0 auid=4294967295 ses=4294967295 msg='unit=plymouth-quit comm="systemd" exe="/usr/lib/systemd/systemd" hostname=? addr=? terminal=? res=success'
[   24.511781] audit: type=1131 audit(1579648705.514:45): pid=1 uid=0 auid=4294967295 ses=4294967295 msg='unit=plymouth-quit comm="systemd" exe="/usr/lib/systemd/systemd" hostname=? addr=? terminal=? res=success'
[   24.513696] audit: type=1130 audit(1579648705.514:46): pid=1 uid=0 auid=4294967295 ses=4294967295 msg='unit=sddm comm="systemd" exe="/usr/lib/systemd/systemd" hostname=? addr=? terminal=? res=success'
[   25.318038] audit: type=1130 audit(1579648706.324:47): pid=1 uid=0 auid=4294967295 ses=4294967295 msg='unit=systemd-hostnamed comm="systemd" exe="/usr/lib/systemd/systemd" hostname=? addr=? terminal=? res=success'
[   26.669371] audit: type=1130 audit(1579648707.674:48): pid=1 uid=0 auid=4294967295 ses=4294967295 msg='unit=polkit comm="systemd" exe="/usr/lib/systemd/systemd" hostname=? addr=? terminal=? res=success'
[   26.755269] audit: type=1130 audit(1579648707.754:49): pid=1 uid=0 auid=4294967295 ses=4294967295 msg='unit=org.cups.cupsd comm="systemd" exe="/usr/lib/systemd/systemd" hostname=? addr=? terminal=? res=success'
[   26.946827] audit: type=1130 audit(1579648707.944:50): pid=1 uid=0 auid=4294967295 ses=4294967295 msg='unit=NetworkManager-dispatcher comm="systemd" exe="/usr/lib/systemd/systemd" hostname=? addr=? terminal=? res=success'
[   27.591605] IPv6: ADDRCONF(NETDEV_UP): enp2s0: link is not ready
[   27.784449] Generic PHY r8169-200:00: attached PHY driver [Generic PHY] (mii_bus:phy_addr=r8169-200:00, irq=IGNORE)
[   27.950039] IPv6: ADDRCONF(NETDEV_UP): enp2s0: link is not ready
[   27.950461] r8169 0000:02:00.0 enp2s0: Link is Down
[   29.550719] r8169 0000:02:00.0 enp2s0: Link is Up - 100Mbps/Full - flow control off
[   29.550730] IPv6: ADDRCONF(NETDEV_CHANGE): enp2s0: link becomes ready
[   30.668776] kauditd_printk_skb: 1 callbacks suppressed
[   30.668778] audit: type=1130 audit(1579648711.674:52): pid=1 uid=0 auid=4294967295 ses=4294967295 msg='unit=NetworkManager-wait-online comm="systemd" exe="/usr/lib/systemd/systemd" hostname=? addr=? terminal=? res=success'
[   31.029553] audit: type=1131 audit(1579648712.034:53): pid=1 uid=0 auid=4294967295 ses=4294967295 msg='unit=systemd-timesyncd comm="systemd" exe="/usr/lib/systemd/systemd" hostname=? addr=? terminal=? res=success'
[   31.069702] audit: type=1130 audit(1579648712.074:54): pid=1 uid=0 auid=4294967295 ses=4294967295 msg='unit=ntpd comm="systemd" exe="/usr/lib/systemd/systemd" hostname=? addr=? terminal=? res=success'
[   32.188053] audit: type=1130 audit(1579648713.194:55): pid=1 uid=0 auid=4294967295 ses=4294967295 msg='unit=teamviewerd comm="systemd" exe="/usr/lib/systemd/systemd" hostname=? addr=? terminal=? res=success'
[   35.809491] audit: type=1130 audit(1579648716.814:56): pid=1 uid=0 auid=4294967295 ses=4294967295 msg='unit=tlp comm="systemd" exe="/usr/lib/systemd/systemd" hostname=? addr=? terminal=? res=success'
[   38.701637] audit: type=1100 audit(1579648719.704:57): pid=944 uid=0 auid=4294967295 ses=4294967295 msg='op=PAM:authentication grantors=pam_tally,pam_shells,pam_permit,pam_gnome_keyring acct="v_dev" exe="/usr/lib/sddm/sddm-helper" hostname=? addr=? terminal=? res=success'
[   38.786516] audit: type=1101 audit(1579648719.784:58): pid=944 uid=0 auid=4294967295 ses=4294967295 msg='op=PAM:accounting grantors=pam_tally2,pam_access,pam_unix,pam_permit,pam_time acct="v_dev" exe="/usr/lib/sddm/sddm-helper" hostname=? addr=? terminal=? res=success'
[   38.793815] audit: type=1103 audit(1579648719.794:59): pid=944 uid=0 auid=4294967295 ses=4294967295 msg='op=PAM:setcred grantors=pam_tally,pam_shells,pam_permit,pam_gnome_keyring acct="v_dev" exe="/usr/lib/sddm/sddm-helper" hostname=? addr=? terminal=? res=success'
[   38.793900] audit: type=1006 audit(1579648719.794:60): pid=944 uid=0 old-auid=4294967295 auid=1000 tty=(none) old-ses=4294967295 ses=1 res=1
[   38.946998] audit: type=1130 audit(1579648719.944:61): pid=1 uid=0 auid=4294967295 ses=4294967295 msg='unit=user-runtime-dir@1000 comm="systemd" exe="/usr/lib/systemd/systemd" hostname=? addr=? terminal=? res=success'
[   38.963207] audit: type=1101 audit(1579648719.964:62): pid=1341 uid=0 auid=4294967295 ses=4294967295 msg='op=PAM:accounting grantors=pam_tally2,pam_access,pam_unix,pam_permit,pam_time acct="v_dev" exe="/usr/lib/systemd/systemd" hostname=? addr=? terminal=? res=success'
[   38.963253] audit: type=1006 audit(1579648719.964:63): pid=1341 uid=0 old-auid=4294967295 auid=1000 tty=(none) old-ses=4294967295 ses=2 res=1
[   38.965467] audit: type=1105 audit(1579648719.964:64): pid=1341 uid=0 auid=1000 ses=2 msg='op=PAM:session_open grantors=pam_loginuid,pam_loginuid,pam_keyinit,pam_limits,pam_unix,pam_permit,pam_mail,pam_systemd,pam_env acct="v_dev" exe="/usr/lib/systemd/systemd" hostname=? addr=? terminal=? res=success'
[   39.879039] audit: type=1130 audit(1579648720.884:65): pid=1 uid=0 auid=4294967295 ses=4294967295 msg='unit=user@1000 comm="systemd" exe="/usr/lib/systemd/systemd" hostname=? addr=? terminal=? res=success'
[   41.014307] audit: type=1131 audit(1579648722.024:66): pid=1 uid=0 auid=4294967295 ses=4294967295 msg='unit=NetworkManager-dispatcher comm="systemd" exe="/usr/lib/systemd/systemd" hostname=? addr=? terminal=? res=success'
[   41.387776] audit: type=1105 audit(1579648722.384:67): pid=944 uid=0 auid=1000 ses=1 msg='op=PAM:session_open grantors=pam_loginuid,pam_keyinit,pam_limits,pam_unix,pam_permit,pam_mail,pam_systemd,pam_env,pam_gnome_keyring,pam_kwallet5 acct="v_dev" exe="/usr/lib/sddm/sddm-helper" hostname=? addr=? terminal=:0 res=success'
[   55.478529] audit: type=1131 audit(1579648736.484:68): pid=1 uid=0 auid=4294967295 ses=4294967295 msg='unit=systemd-hostnamed comm="systemd" exe="/usr/lib/systemd/systemd" hostname=? addr=? terminal=? res=success'
[   64.978258] audit: type=1130 audit(1579648745.984:69): pid=1 uid=0 auid=4294967295 ses=4294967295 msg='unit=udisks2 comm="systemd" exe="/usr/lib/systemd/systemd" hostname=? addr=? terminal=? res=success'
[   65.411306] audit: type=1130 audit(1579648746.414:70): pid=1 uid=0 auid=4294967295 ses=4294967295 msg='unit=rtkit-daemon comm="systemd" exe="/usr/lib/systemd/systemd" hostname=? addr=? terminal=? res=success'
[   73.530579] audit: type=1130 audit(1579648754.534:71): pid=1 uid=0 auid=4294967295 ses=4294967295 msg='unit=upower comm="systemd" exe="/usr/lib/systemd/systemd" hostname=? addr=? terminal=? res=success'
[   75.736453] fuse init (API version 7.27)
[  122.085485] audit: type=1130 audit(1579648803.084:72): pid=1 uid=0 auid=4294967295 ses=4294967295 msg='unit=blueman-mechanism comm="systemd" exe="/usr/lib/systemd/systemd" hostname=? addr=? terminal=? res=success'
[  131.726684] audit: type=1130 audit(1579648812.724:73): pid=1 uid=0 auid=4294967295 ses=4294967295 msg='unit=snapd comm="systemd" exe="/usr/lib/systemd/systemd" hostname=? addr=? terminal=? res=success'
[  135.567012] audit: type=1130 audit(1579648816.564:74): pid=1 uid=0 auid=4294967295 ses=4294967295 msg='unit=man-db comm="systemd" exe="/usr/lib/systemd/systemd" hostname=? addr=? terminal=? res=success'
[  135.567015] audit: type=1131 audit(1579648816.564:75): pid=1 uid=0 auid=4294967295 ses=4294967295 msg='unit=man-db comm="systemd" exe="/usr/lib/systemd/systemd" hostname=? addr=? terminal=? res=success'
[  151.130448] audit: type=1131 audit(1579648832.134:76): pid=1 uid=0 auid=4294967295 ses=4294967295 msg='unit=blueman-mechanism comm="systemd" exe="/usr/lib/systemd/systemd" hostname=? addr=? terminal=? res=success'
[  161.854084] CPU4: Core temperature above threshold, cpu clock throttled (total events = 1)
[  161.854085] CPU0: Core temperature above threshold, cpu clock throttled (total events = 1)
[  161.854086] CPU2: Package temperature above threshold, cpu clock throttled (total events = 1)
[  161.854087] CPU6: Package temperature above threshold, cpu clock throttled (total events = 1)
[  161.854089] CPU5: Package temperature above threshold, cpu clock throttled (total events = 1)
[  161.854090] CPU3: Package temperature above threshold, cpu clock throttled (total events = 1)
[  161.854091] CPU1: Package temperature above threshold, cpu clock throttled (total events = 1)
[  161.854092] CPU7: Package temperature above threshold, cpu clock throttled (total events = 1)
[  161.854092] CPU0: Package temperature above threshold, cpu clock throttled (total events = 1)
[  161.854094] CPU4: Package temperature above threshold, cpu clock throttled (total events = 1)
[  161.855103] CPU4: Core temperature/speed normal
[  161.855103] CPU0: Core temperature/speed normal
[  161.855104] CPU3: Package temperature/speed normal
[  161.855106] CPU6: Package temperature/speed normal
[  161.855106] CPU2: Package temperature/speed normal
[  161.855107] CPU1: Package temperature/speed normal
[  161.855108] CPU7: Package temperature/speed normal
[  161.855109] CPU5: Package temperature/speed normal
[  161.855109] CPU0: Package temperature/speed normal
[  161.855110] CPU4: Package temperature/speed normal
[  266.328510] audit: type=1130 audit(1579648947.854:77): pid=1 uid=0 auid=4294967295 ses=4294967295 msg='unit=updatedb comm="systemd" exe="/usr/lib/systemd/systemd" hostname=? addr=? terminal=? res=success'
[  266.328513] audit: type=1131 audit(1579648947.854:78): pid=1 uid=0 auid=4294967295 ses=4294967295 msg='unit=updatedb comm="systemd" exe="/usr/lib/systemd/systemd" hostname=? addr=? terminal=? res=success'
[  928.738123] audit: type=1130 audit(1579649610.285:79): pid=1 uid=0 auid=4294967295 ses=4294967295 msg='unit=systemd-tmpfiles-clean comm="systemd" exe="/usr/lib/systemd/systemd" hostname=? addr=? terminal=? res=success'
[  928.738126] audit: type=1131 audit(1579649610.285:80): pid=1 uid=0 auid=4294967295 ses=4294967295 msg='unit=systemd-tmpfiles-clean comm="systemd" exe="/usr/lib/systemd/systemd" hostname=? addr=? terminal=? res=success'
[ 1994.943130] audit: type=1100 audit(1579650676.512:81): pid=9555 uid=1000 auid=1000 ses=1 msg='op=PAM:authentication grantors=pam_unix,pam_permit acct="v_dev" exe="/usr/bin/sudo" hostname=? addr=? terminal=/dev/pts/2 res=success'
[ 1994.943294] audit: type=1101 audit(1579650676.512:82): pid=9555 uid=1000 auid=1000 ses=1 msg='op=PAM:accounting grantors=pam_unix,pam_permit,pam_time acct="v_dev" exe="/usr/bin/sudo" hostname=? addr=? terminal=/dev/pts/2 res=success'
[ 1994.943532] audit: type=1110 audit(1579650676.512:83): pid=9555 uid=0 auid=1000 ses=1 msg='op=PAM:setcred grantors=pam_unix,pam_permit acct="root" exe="/usr/bin/sudo" hostname=? addr=? terminal=/dev/pts/2 res=success'
[ 1994.947880] audit: type=1105 audit(1579650676.512:84): pid=9555 uid=0 auid=1000 ses=1 msg='op=PAM:session_open grantors=pam_limits,pam_unix,pam_permit acct="root" exe="/usr/bin/sudo" hostname=? addr=? terminal=/dev/pts/2 res=success'
[    0.000000] microcode: microcode updated early to revision 0x27, date = 2019-02-26
[    0.000000] Linux version 4.19.97-1-MANJARO (builder@3e86ad599b2d) (gcc version 9.2.0 (GCC)) #1 SMP Sat Jan 18 00:17:24 UTC 2020
[    0.000000] Command line: BOOT_IMAGE=/boot/vmlinuz-4.19-x86_64 root=UUID=049b41b7-ce65-4c3a-a153-a58e007ec15f rw video=1920x1080
[    0.000000] KERNEL supported cpus:
[    0.000000]   Intel GenuineIntel
[    0.000000]   AMD AuthenticAMD
[    0.000000]   Centaur CentaurHauls
[    0.000000] x86/fpu: Supporting XSAVE feature 0x001: 'x87 floating point registers'
[    0.000000] x86/fpu: Supporting XSAVE feature 0x002: 'SSE registers'
[    0.000000] x86/fpu: Supporting XSAVE feature 0x004: 'AVX registers'
[    0.000000] x86/fpu: xstate_offset[2]:  576, xstate_sizes[2]:  256
[    0.000000] x86/fpu: Enabled xstate features 0x7, context size is 832 bytes, using 'standard' format.
[    0.000000] BIOS-provided physical RAM map:
[    0.000000] BIOS-e820: [mem 0x0000000000000000-0x0000000000057fff] usable
[    0.000000] BIOS-e820: [mem 0x0000000000058000-0x0000000000058fff] reserved
[    0.000000] BIOS-e820: [mem 0x0000000000059000-0x000000000009efff] usable
[    0.000000] BIOS-e820: [mem 0x000000000009f000-0x000000000009ffff] reserved
[    0.000000] BIOS-e820: [mem 0x0000000000100000-0x00000000c6522fff] usable
[    0.000000] BIOS-e820: [mem 0x00000000c6523000-0x00000000c6529fff] ACPI NVS
[    0.000000] BIOS-e820: [mem 0x00000000c652a000-0x00000000c696dfff] usable
[    0.000000] BIOS-e820: [mem 0x00000000c696e000-0x00000000c6efefff] reserved
[    0.000000] BIOS-e820: [mem 0x00000000c6eff000-0x00000000d8da6fff] usable
[    0.000000] BIOS-e820: [mem 0x00000000d8da7000-0x00000000d8e3ffff] reserved
[    0.000000] BIOS-e820: [mem 0x00000000d8e40000-0x00000000d8e92fff] usable
[    0.000000] BIOS-e820: [mem 0x00000000d8e93000-0x00000000d8fc7fff] ACPI NVS
[    0.000000] BIOS-e820: [mem 0x00000000d8fc8000-0x00000000d9f80fff] reserved
[    0.000000] BIOS-e820: [mem 0x00000000d9f81000-0x00000000d9ffefff] type 20
[    0.000000] BIOS-e820: [mem 0x00000000d9fff000-0x00000000d9ffffff] usable
[    0.000000] BIOS-e820: [mem 0x00000000db000000-0x00000000df1fffff] reserved
[    0.000000] BIOS-e820: [mem 0x00000000f8000000-0x00000000fbffffff] reserved
[    0.000000] BIOS-e820: [mem 0x00000000fec00000-0x00000000fec00fff] reserved
[    0.000000] BIOS-e820: [mem 0x00000000fed00000-0x00000000fed03fff] reserved
[    0.000000] BIOS-e820: [mem 0x00000000fed1c000-0x00000000fed1ffff] reserved
[    0.000000] BIOS-e820: [mem 0x00000000fee00000-0x00000000fee00fff] reserved
[    0.000000] BIOS-e820: [mem 0x00000000ff000000-0x00000000ffffffff] reserved
[    0.000000] BIOS-e820: [mem 0x0000000100000000-0x000000021fdfffff] usable
[    0.000000] NX (Execute Disable) protection: active
[    0.000000] efi: EFI v2.31 by American Megatrends
[    0.000000] efi:  ESRT=0xd9f7f998  ACPI=0xd8f9b000  ACPI 2.0=0xd8f9b000  SMBIOS=0xf04d0  MPS=0xfd500 
[    0.000000] SMBIOS 2.8 present.
[    0.000000] DMI: MSI MS-7817/H81M-E33 (MS-7817), BIOS V6.8 07/17/2018
[    0.000000] tsc: Fast TSC calibration using PIT
[    0.000000] tsc: Detected 3400.135 MHz processor
[    0.001396] e820: update [mem 0x00000000-0x00000fff] usable ==> reserved
[    0.001397] e820: remove [mem 0x000a0000-0x000fffff] usable
[    0.001403] last_pfn = 0x21fe00 max_arch_pfn = 0x400000000
[    0.001405] MTRR default type: uncachable
[    0.001406] MTRR fixed ranges enabled:
[    0.001407]   00000-9FFFF write-back
[    0.001407]   A0000-BFFFF uncachable
[    0.001408]   C0000-CFFFF write-protect
[    0.001408]   D0000-DFFFF uncachable
[    0.001409]   E0000-FFFFF write-protect
[    0.001409] MTRR variable ranges enabled:
[    0.001410]   0 base 0000000000 mask 7E00000000 write-back
[    0.001411]   1 base 0200000000 mask 7FE0000000 write-back
[    0.001411]   2 base 00E0000000 mask 7FE0000000 uncachable
[    0.001412]   3 base 00DC000000 mask 7FFC000000 uncachable
[    0.001412]   4 base 00DB000000 mask 7FFF000000 uncachable
[    0.001413]   5 base 021FE00000 mask 7FFFE00000 uncachable
[    0.001413]   6 disabled
[    0.001413]   7 disabled
[    0.001413]   8 disabled
[    0.001414]   9 disabled
[    0.002200] x86/PAT: Configuration [0-7]: WB  WC  UC- UC  WB  WP  UC- WT  
[    0.002300] total RAM covered: 8110M
[    0.002512] Found optimal setting for mtrr clean up
[    0.002513]  gran_size: 64K 	chunk_size: 128M 	num_reg: 8  	lose cover RAM: 0G
[    0.003277] e820: update [mem 0xdb000000-0xffffffff] usable ==> reserved
[    0.003280] last_pfn = 0xda000 max_arch_pfn = 0x400000000
[    0.009084] found SMP MP-table at [mem 0x000fd790-0x000fd79f]
[    0.009095] esrt: Reserving ESRT space from 0x00000000d9f7f998 to 0x00000000d9f7f9d0.
[    0.009143] Scanning 1 areas for low memory corruption
[    0.009148] Using GB pages for direct mapping
[    0.009149] BRK [0x165e01000, 0x165e01fff] PGTABLE
[    0.009150] BRK [0x165e02000, 0x165e02fff] PGTABLE
[    0.009151] BRK [0x165e03000, 0x165e03fff] PGTABLE
[    0.009177] BRK [0x165e04000, 0x165e04fff] PGTABLE
[    0.009178] BRK [0x165e05000, 0x165e05fff] PGTABLE
[    0.009298] BRK [0x165e06000, 0x165e06fff] PGTABLE
[    0.009328] BRK [0x165e07000, 0x165e07fff] PGTABLE
[    0.009422] BRK [0x165e08000, 0x165e08fff] PGTABLE
[    0.009461] BRK [0x165e09000, 0x165e09fff] PGTABLE
[    0.009520] BRK [0x165e0a000, 0x165e0afff] PGTABLE
[    0.009554] BRK [0x165e0b000, 0x165e0bfff] PGTABLE
[    0.009599] BRK [0x165e0c000, 0x165e0cfff] PGTABLE
[    0.009642] Secure boot could not be determined
[    0.009643] RAMDISK: [mem 0x36811000-0x373fffff]
[    0.009648] ACPI: Early table checksum verification disabled
[    0.009650] ACPI: RSDP 0x00000000D8F9B000 000024 (v02 ALASKA)
[    0.009652] ACPI: XSDT 0x00000000D8F9B080 000084 (v01 ALASKA A M I    01072009 AMI  00010013)
[    0.009656] ACPI: FACP 0x00000000D8FA87A8 00010C (v05 ALASKA A M I    01072009 AMI  00010013)
[    0.009660] ACPI: DSDT 0x00000000D8F9B1A0 00D608 (v02 ALASKA A M I    00000036 INTL 20120711)
[    0.009662] ACPI: FACS 0x00000000D8FC7F80 000040
[    0.009663] ACPI: APIC 0x00000000D8FA88B8 000092 (v03 ALASKA A M I    01072009 AMI  00010013)
[    0.009665] ACPI: FPDT 0x00000000D8FA8950 000044 (v01 ALASKA A M I    01072009 AMI  00010013)
[    0.009667] ACPI: ASF! 0x00000000D8FA8998 0000A5 (v32 INTEL   HCG     00000001 TFSM 000F4240)
[    0.009668] ACPI: SSDT 0x00000000D8FA8A40 000539 (v01 PmRef  Cpu0Ist  00003000 INTL 20120711)
[    0.009670] ACPI: SSDT 0x00000000D8FA8F80 000AD8 (v01 PmRef  CpuPm    00003000 INTL 20120711)
[    0.009672] ACPI: MCFG 0x00000000D8FA9A58 00003C (v01 ALASKA A M I    01072009 MSFT 00000097)
[    0.009674] ACPI: HPET 0x00000000D8FA9A98 000038 (v01 ALASKA A M I    01072009 AMI. 00000005)
[    0.009675] ACPI: SSDT 0x00000000D8FA9AD0 00036D (v01 SataRe SataTabl 00001000 INTL 20120711)
[    0.009677] ACPI: SSDT 0x00000000D8FA9E40 003528 (v01 SaSsdt SaSsdt   00003000 INTL 20091112)
[    0.009679] ACPI: DMAR 0x00000000D8FAD368 0000B8 (v01 INTEL  HSW      00000001 INTL 00000001)
[    0.009681] ACPI: BGRT 0x00000000D8FAD420 000038 (v00 ALASKA A M I    01072009 AMI  00010013)
[    0.009686] ACPI: Local APIC address 0xfee00000
[    0.009746] No NUMA configuration found
[    0.009747] Faking a node at [mem 0x0000000000000000-0x000000021fdfffff]
[    0.009751] NODE_DATA(0) allocated [mem 0x21fdfc000-0x21fdfffff]
[    0.009769] Zone ranges:
[    0.009769]   DMA      [mem 0x0000000000001000-0x0000000000ffffff]
[    0.009770]   DMA32    [mem 0x0000000001000000-0x00000000ffffffff]
[    0.009771]   Normal   [mem 0x0000000100000000-0x000000021fdfffff]
[    0.009771]   Device   empty
[    0.009772] Movable zone start for each node
[    0.009772] Early memory node ranges
[    0.009773]   node   0: [mem 0x0000000000001000-0x0000000000057fff]
[    0.009773]   node   0: [mem 0x0000000000059000-0x000000000009efff]
[    0.009774]   node   0: [mem 0x0000000000100000-0x00000000c6522fff]
[    0.009774]   node   0: [mem 0x00000000c652a000-0x00000000c696dfff]
[    0.009775]   node   0: [mem 0x00000000c6eff000-0x00000000d8da6fff]
[    0.009775]   node   0: [mem 0x00000000d8e40000-0x00000000d8e92fff]
[    0.009775]   node   0: [mem 0x00000000d9fff000-0x00000000d9ffffff]
[    0.009776]   node   0: [mem 0x0000000100000000-0x000000021fdfffff]
[    0.009778] Reserved but unavailable: 98 pages
[    0.009779] Initmem setup node 0 [mem 0x0000000000001000-0x000000021fdfffff]
[    0.009780] On node 0 totalpages: 2065920
[    0.009781]   DMA zone: 64 pages used for memmap
[    0.009781]   DMA zone: 27 pages reserved
[    0.009782]   DMA zone: 3997 pages, LIFO batch:0
[    0.009842]   DMA32 zone: 13794 pages used for memmap
[    0.009842]   DMA32 zone: 882787 pages, LIFO batch:63
[    0.023356]   Normal zone: 18424 pages used for memmap
[    0.023358]   Normal zone: 1179136 pages, LIFO batch:63
[    0.040250] Reserving Intel graphics memory at [mem 0xdb200000-0xdf1fffff]
[    0.040317] ACPI: PM-Timer IO Port: 0x1808
[    0.040318] ACPI: Local APIC address 0xfee00000
[    0.040323] ACPI: LAPIC_NMI (acpi_id[0xff] high edge lint[0x1])
[    0.040332] IOAPIC[0]: apic_id 8, version 32, address 0xfec00000, GSI 0-23
[    0.040334] ACPI: INT_SRC_OVR (bus 0 bus_irq 0 global_irq 2 dfl dfl)
[    0.040335] ACPI: INT_SRC_OVR (bus 0 bus_irq 9 global_irq 9 high level)
[    0.040336] ACPI: IRQ0 used by override.
[    0.040336] ACPI: IRQ9 used by override.
[    0.040338] Using ACPI (MADT) for SMP configuration information
[    0.040339] ACPI: HPET id: 0x8086a701 base: 0xfed00000
[    0.040351] e820: update [mem 0xc99e3000-0xc9c23fff] usable ==> reserved
[    0.040359] smpboot: Allowing 8 CPUs, 0 hotplug CPUs
[    0.040386] PM: Registered nosave memory: [mem 0x00000000-0x00000fff]
[    0.040387] PM: Registered nosave memory: [mem 0x00058000-0x00058fff]
[    0.040388] PM: Registered nosave memory: [mem 0x0009f000-0x0009ffff]
[    0.040389] PM: Registered nosave memory: [mem 0x000a0000-0x000fffff]
[    0.040390] PM: Registered nosave memory: [mem 0xc6523000-0xc6529fff]
[    0.040392] PM: Registered nosave memory: [mem 0xc696e000-0xc6efefff]
[    0.040393] PM: Registered nosave memory: [mem 0xc99e3000-0xc9c23fff]
[    0.040394] PM: Registered nosave memory: [mem 0xd8da7000-0xd8e3ffff]
[    0.040396] PM: Registered nosave memory: [mem 0xd8e93000-0xd8fc7fff]
[    0.040396] PM: Registered nosave memory: [mem 0xd8fc8000-0xd9f80fff]
[    0.040396] PM: Registered nosave memory: [mem 0xd9f81000-0xd9ffefff]
[    0.040398] PM: Registered nosave memory: [mem 0xda000000-0xdaffffff]
[    0.040398] PM: Registered nosave memory: [mem 0xdb000000-0xdf1fffff]
[    0.040398] PM: Registered nosave memory: [mem 0xdf200000-0xf7ffffff]
[    0.040399] PM: Registered nosave memory: [mem 0xf8000000-0xfbffffff]
[    0.040399] PM: Registered nosave memory: [mem 0xfc000000-0xfebfffff]
[    0.040399] PM: Registered nosave memory: [mem 0xfec00000-0xfec00fff]
[    0.040400] PM: Registered nosave memory: [mem 0xfec01000-0xfecfffff]
[    0.040400] PM: Registered nosave memory: [mem 0xfed00000-0xfed03fff]
[    0.040401] PM: Registered nosave memory: [mem 0xfed04000-0xfed1bfff]
[    0.040401] PM: Registered nosave memory: [mem 0xfed1c000-0xfed1ffff]
[    0.040401] PM: Registered nosave memory: [mem 0xfed20000-0xfedfffff]
[    0.040402] PM: Registered nosave memory: [mem 0xfee00000-0xfee00fff]
[    0.040402] PM: Registered nosave memory: [mem 0xfee01000-0xfeffffff]
[    0.040402] PM: Registered nosave memory: [mem 0xff000000-0xffffffff]
[    0.040404] [mem 0xdf200000-0xf7ffffff] available for PCI devices
[    0.040405] Booting paravirtualized kernel on bare hardware
[    0.040407] clocksource: refined-jiffies: mask: 0xffffffff max_cycles: 0xffffffff, max_idle_ns: 19112604462750000 ns
[    0.125514] random: get_random_bytes called from start_kernel+0x93/0x530 with crng_init=0
[    0.125520] setup_percpu: NR_CPUS:320 nr_cpumask_bits:320 nr_cpu_ids:8 nr_node_ids:1
[    0.125781] percpu: Embedded 46 pages/cpu s151552 r8192 d28672 u262144
[    0.125787] pcpu-alloc: s151552 r8192 d28672 u262144 alloc=1*2097152
[    0.125787] pcpu-alloc: [0] 0 1 2 3 4 5 6 7 
[    0.125804] Built 1 zonelists, mobility grouping on.  Total pages: 2033611
[    0.125804] Policy zone: Normal
[    0.125805] Kernel command line: BOOT_IMAGE=/boot/vmlinuz-4.19-x86_64 root=UUID=049b41b7-ce65-4c3a-a153-a58e007ec15f rw video=1920x1080
[    0.131686] Calgary: detecting Calgary via BIOS EBDA area
[    0.131688] Calgary: Unable to locate Rio Grande table in EBDA - bailing!
[    0.159326] Memory: 7790524K/8263680K available (12300K kernel code, 1365K rwdata, 3600K rodata, 1608K init, 3732K bss, 473156K reserved, 0K cma-reserved)
[    0.159396] SLUB: HWalign=64, Order=0-3, MinObjects=0, CPUs=8, Nodes=1
[    0.159400] Kernel/User page tables isolation: enabled
[    0.165783] ftrace: allocating 36349 entries in 142 pages
[    0.176394] rcu: Hierarchical RCU implementation.
[    0.176394] rcu: 	RCU restricting CPUs from NR_CPUS=320 to nr_cpu_ids=8.
[    0.176395] rcu: Adjusting geometry for rcu_fanout_leaf=16, nr_cpu_ids=8
[    0.177450] NR_IRQS: 20736, nr_irqs: 488, preallocated irqs: 16
[    0.177633] Console: colour dummy device 80x25
[    0.177636] console [tty0] enabled
[    0.177647] ACPI: Core revision 20180810
[    0.177788] clocksource: hpet: mask: 0xffffffff max_cycles: 0xffffffff, max_idle_ns: 133484882848 ns
[    0.177796] hpet clockevent registered
[    0.177799] APIC: Switch to symmetric I/O mode setup
[    0.177801] DMAR: Host address width 39
[    0.177801] DMAR: DRHD base: 0x000000fed90000 flags: 0x0
[    0.177804] DMAR: dmar0: reg_base_addr fed90000 ver 1:0 cap c0000020660462 ecap f0101a
[    0.177805] DMAR: DRHD base: 0x000000fed91000 flags: 0x1
[    0.177807] DMAR: dmar1: reg_base_addr fed91000 ver 1:0 cap d2008020660462 ecap f010da
[    0.177808] DMAR: RMRR base: 0x000000d9ea3000 end: 0x000000d9eb1fff
[    0.177808] DMAR: RMRR base: 0x000000db000000 end: 0x000000df1fffff
[    0.177810] DMAR-IR: IOAPIC id 8 under DRHD base  0xfed91000 IOMMU 1
[    0.177810] DMAR-IR: HPET id 0 under DRHD base 0xfed91000
[    0.177811] DMAR-IR: Queued invalidation will be enabled to support x2apic and Intr-remapping.
[    0.178290] DMAR-IR: Enabled IRQ remapping in x2apic mode
[    0.178290] x2apic enabled
[    0.178296] Switched APIC routing to cluster x2apic.
[    0.178695] ..TIMER: vector=0x30 apic1=0 pin1=2 apic2=-1 pin2=-1
[    0.227798] clocksource: tsc-early: mask: 0xffffffffffffffff max_cycles: 0x3102ce9797e, max_idle_ns: 440795326916 ns
[    0.227806] Calibrating delay loop (skipped), value calculated using timer frequency.. 6800.27 BogoMIPS (lpj=34001350)
[    0.227808] pid_max: default: 32768 minimum: 301
[    0.228358] Security Framework initialized
[    0.228359] Yama: becoming mindful.
[    0.228363] AppArmor: AppArmor disabled by boot time parameter
[    0.229799] Dentry cache hash table entries: 1048576 (order: 11, 8388608 bytes)
[    0.230568] Inode-cache hash table entries: 524288 (order: 10, 4194304 bytes)
[    0.230601] Mount-cache hash table entries: 16384 (order: 5, 131072 bytes)
[    0.230626] Mountpoint-cache hash table entries: 16384 (order: 5, 131072 bytes)
[    0.230799] CPU0: Thermal monitoring enabled (TM1)
[    0.230809] process: using mwait in idle threads
[    0.230811] Last level iTLB entries: 4KB 1024, 2MB 1024, 4MB 1024
[    0.230812] Last level dTLB entries: 4KB 1024, 2MB 1024, 4MB 1024, 1GB 4
[    0.230813] Spectre V1 : Mitigation: usercopy/swapgs barriers and __user pointer sanitization
[    0.230814] Spectre V2 : Mitigation: Full generic retpoline
[    0.230814] Spectre V2 : Spectre v2 / SpectreRSB mitigation: Filling RSB on context switch
[    0.230815] Spectre V2 : Enabling Restricted Speculation for firmware calls
[    0.230819] Spectre V2 : mitigation: Enabling conditional Indirect Branch Prediction Barrier
[    0.230820] Spectre V2 : User space: Mitigation: STIBP via seccomp and prctl
[    0.230821] Speculative Store Bypass: Mitigation: Speculative Store Bypass disabled via prctl and seccomp
[    0.230837] MDS: Mitigation: Clear CPU buffers
[    0.233939] Freeing SMP alternatives memory: 28K
[    0.249082] TSC deadline timer enabled
[    0.249084] smpboot: CPU0: Intel(R) Core(TM) i7-4770 CPU @ 3.40GHz (family: 0x6, model: 0x3c, stepping: 0x3)
[    0.249142] Performance Events: PEBS fmt2+, Haswell events, 16-deep LBR, full-width counters, Intel PMU driver.
[    0.249172] ... version:                3
[    0.249172] ... bit width:              48
[    0.249172] ... generic registers:      4
[    0.249173] ... value mask:             0000ffffffffffff
[    0.249173] ... max period:             00007fffffffffff
[    0.249174] ... fixed-purpose events:   3
[    0.249174] ... event mask:             000000070000000f
[    0.249200] rcu: Hierarchical SRCU implementation.
[    0.249948] NMI watchdog: Enabled. Permanently consumes one hw-PMU counter.
[    0.249990] smp: Bringing up secondary CPUs ...
[    0.250042] x86: Booting SMP configuration:
[    0.250043] .... node  #0, CPUs:      #1 #2 #3 #4
[    0.252210] MDS CPU bug present and SMT on, data leak possible. See https://www.kernel.org/doc/html/latest/admin-guide/hw-vuln/mds.html for more details.
[    0.252210]  #5 #6 #7
[    0.252210] smp: Brought up 1 node, 8 CPUs
[    0.252210] smpboot: Max logical packages: 1
[    0.252210] smpboot: Total of 8 processors activated (54402.16 BogoMIPS)
[    0.258029] devtmpfs: initialized
[    0.258029] x86/mm: Memory block size: 128MB
[    0.258229] PM: Registering ACPI NVS region [mem 0xc6523000-0xc6529fff] (28672 bytes)
[    0.258229] PM: Registering ACPI NVS region [mem 0xd8e93000-0xd8fc7fff] (1265664 bytes)
[    0.258229] clocksource: jiffies: mask: 0xffffffff max_cycles: 0xffffffff, max_idle_ns: 19112604462750000 ns
[    0.258229] futex hash table entries: 2048 (order: 5, 131072 bytes)
[    0.258229] pinctrl core: initialized pinctrl subsystem
[    0.258229] RTC time: 23:18:01, date: 01/21/20
[    0.258229] NET: Registered protocol family 16
[    0.258229] audit: initializing netlink subsys (disabled)
[    0.258229] audit: type=2000 audit(1579648681.080:1): state=initialized audit_enabled=0 res=1
[    0.258229] cpuidle: using governor ladder
[    0.258229] cpuidle: using governor menu
[    0.258229] ACPI FADT declares the system doesn't support PCIe ASPM, so disable it
[    0.258229] ACPI: bus type PCI registered
[    0.258229] acpiphp: ACPI Hot Plug PCI Controller Driver version: 0.5
[    0.258229] PCI: MMCONFIG for domain 0000 [bus 00-3f] at [mem 0xf8000000-0xfbffffff] (base 0xf8000000)
[    0.258229] PCI: MMCONFIG at [mem 0xf8000000-0xfbffffff] reserved in E820
[    0.258229] PCI: Using configuration type 1 for base access
[    0.258229] core: PMU erratum BJ122, BV98, HSD29 worked around, HT is on
[    0.258458] HugeTLB registered 1.00 GiB page size, pre-allocated 0 pages
[    0.258458] HugeTLB registered 2.00 MiB page size, pre-allocated 0 pages
[    0.258458] ACPI: Added _OSI(Module Device)
[    0.258458] ACPI: Added _OSI(Processor Device)
[    0.258458] ACPI: Added _OSI(3.0 _SCP Extensions)
[    0.258458] ACPI: Added _OSI(Processor Aggregator Device)
[    0.258458] ACPI: Added _OSI(Linux-Dell-Video)
[    0.258458] ACPI: Added _OSI(Linux-Lenovo-NV-HDMI-Audio)
[    0.264645] ACPI: 5 ACPI AML tables successfully acquired and loaded
[    0.264645] ACPI: [Firmware Bug]: BIOS _OSI(Linux) query ignored
[    0.268431] ACPI: Dynamic OEM Table Load:
[    0.268431] ACPI: SSDT 0xFFFF9AB515C6CC00 0003D3 (v01 PmRef  Cpu0Cst  00003001 INTL 20120711)
[    0.268431] ACPI: Dynamic OEM Table Load:
[    0.268431] ACPI: SSDT 0xFFFF9AB515CD7800 0005AA (v01 PmRef  ApIst    00003000 INTL 20120711)
[    0.268431] ACPI: Dynamic OEM Table Load:
[    0.268431] ACPI: SSDT 0xFFFF9AB515823800 000119 (v01 PmRef  ApCst    00003000 INTL 20120711)
[    0.269279] ACPI: Interpreter enabled
[    0.269298] ACPI: (supports S0 S3 S4 S5)
[    0.269299] ACPI: Using IOAPIC for interrupt routing
[    0.269319] PCI: Using host bridge windows from ACPI; if necessary, use "pci=nocrs" and report a bug
[    0.269555] ACPI: Enabled 7 GPEs in block 00 to 3F
[    0.278919] ACPI: Power Resource [FN00] (off)
[    0.278975] ACPI: Power Resource [FN01] (off)
[    0.279031] ACPI: Power Resource [FN02] (off)
[    0.279085] ACPI: Power Resource [FN03] (off)
[    0.279143] ACPI: Power Resource [FN04] (off)
[    0.279780] ACPI: PCI Root Bridge [PCI0] (domain 0000 [bus 00-3e])
[    0.279784] acpi PNP0A08:00: _OSC: OS supports [ExtendedConfig ASPM ClockPM Segments MSI]
[    0.279995] acpi PNP0A08:00: _OSC: platform does not support [PCIeHotplug SHPCHotplug PME]
[    0.280123] acpi PNP0A08:00: _OSC: OS now controls [AER PCIeCapability LTR]
[    0.280123] acpi PNP0A08:00: FADT indicates ASPM is unsupported, using BIOS configuration
[    0.280501] PCI host bridge to bus 0000:00
[    0.280503] pci_bus 0000:00: root bus resource [io  0x0000-0x0cf7 window]
[    0.280504] pci_bus 0000:00: root bus resource [io  0x0d00-0xffff window]
[    0.280505] pci_bus 0000:00: root bus resource [mem 0x000a0000-0x000bffff window]
[    0.280505] pci_bus 0000:00: root bus resource [mem 0x000d0000-0x000d3fff window]
[    0.280506] pci_bus 0000:00: root bus resource [mem 0x000d4000-0x000d7fff window]
[    0.280506] pci_bus 0000:00: root bus resource [mem 0x000d8000-0x000dbfff window]
[    0.280507] pci_bus 0000:00: root bus resource [mem 0x000dc000-0x000dffff window]
[    0.280508] pci_bus 0000:00: root bus resource [mem 0xdf200000-0xfeafffff window]
[    0.280508] pci_bus 0000:00: root bus resource [bus 00-3e]
[    0.280513] pci 0000:00:00.0: [8086:0c00] type 00 class 0x060000
[    0.280582] pci 0000:00:02.0: [8086:0412] type 00 class 0x030000
[    0.280590] pci 0000:00:02.0: reg 0x10: [mem 0xf7800000-0xf7bfffff 64bit]
[    0.280594] pci 0000:00:02.0: reg 0x18: [mem 0xe0000000-0xefffffff 64bit pref]
[    0.280596] pci 0000:00:02.0: reg 0x20: [io  0xf000-0xf03f]
[    0.280605] pci 0000:00:02.0: BAR 2: assigned to efifb
[    0.280658] pci 0000:00:03.0: [8086:0c0c] type 00 class 0x040300
[    0.280664] pci 0000:00:03.0: reg 0x10: [mem 0xf7d14000-0xf7d17fff 64bit]
[    0.280740] pci 0000:00:14.0: [8086:8c31] type 00 class 0x0c0330
[    0.280757] pci 0000:00:14.0: reg 0x10: [mem 0xf7d00000-0xf7d0ffff 64bit]
[    0.280807] pci 0000:00:14.0: PME# supported from D3hot D3cold
[    0.280865] pci 0000:00:16.0: [8086:8c3a] type 00 class 0x078000
[    0.280882] pci 0000:00:16.0: reg 0x10: [mem 0xf7d1e000-0xf7d1e00f 64bit]
[    0.280935] pci 0000:00:16.0: PME# supported from D0 D3hot D3cold
[    0.280997] pci 0000:00:1a.0: [8086:8c2d] type 00 class 0x0c0320
[    0.281015] pci 0000:00:1a.0: reg 0x10: [mem 0xf7d1c000-0xf7d1c3ff]
[    0.281087] pci 0000:00:1a.0: PME# supported from D0 D3hot D3cold
[    0.281148] pci 0000:00:1b.0: [8086:8c20] type 00 class 0x040300
[    0.281163] pci 0000:00:1b.0: reg 0x10: [mem 0xf7d10000-0xf7d13fff 64bit]
[    0.281213] pci 0000:00:1b.0: PME# supported from D0 D3hot D3cold
[    0.281270] pci 0000:00:1c.0: [8086:8c10] type 01 class 0x060400
[    0.281333] pci 0000:00:1c.0: PME# supported from D0 D3hot D3cold
[    0.281433] pci 0000:00:1c.2: [8086:8c14] type 01 class 0x060400
[    0.281494] pci 0000:00:1c.2: PME# supported from D0 D3hot D3cold
[    0.281595] pci 0000:00:1d.0: [8086:8c26] type 00 class 0x0c0320
[    0.281614] pci 0000:00:1d.0: reg 0x10: [mem 0xf7d1b000-0xf7d1b3ff]
[    0.281686] pci 0000:00:1d.0: PME# supported from D0 D3hot D3cold
[    0.281750] pci 0000:00:1f.0: [8086:8c5c] type 00 class 0x060100
[    0.281894] pci 0000:00:1f.2: [8086:8c02] type 00 class 0x010601
[    0.281907] pci 0000:00:1f.2: reg 0x10: [io  0xf0b0-0xf0b7]
[    0.281913] pci 0000:00:1f.2: reg 0x14: [io  0xf0a0-0xf0a3]
[    0.281918] pci 0000:00:1f.2: reg 0x18: [io  0xf090-0xf097]
[    0.281924] pci 0000:00:1f.2: reg 0x1c: [io  0xf080-0xf083]
[    0.281930] pci 0000:00:1f.2: reg 0x20: [io  0xf060-0xf07f]
[    0.281936] pci 0000:00:1f.2: reg 0x24: [mem 0xf7d1a000-0xf7d1a7ff]
[    0.281965] pci 0000:00:1f.2: PME# supported from D3hot
[    0.282017] pci 0000:00:1f.3: [8086:8c22] type 00 class 0x0c0500
[    0.282032] pci 0000:00:1f.3: reg 0x10: [mem 0xf7d19000-0xf7d190ff 64bit]
[    0.282048] pci 0000:00:1f.3: reg 0x20: [io  0xf040-0xf05f]
[    0.282158] acpiphp: Slot [1] registered
[    0.282162] pci 0000:00:1c.0: PCI bridge to [bus 01]
[    0.282223] pci 0000:02:00.0: [10ec:8168] type 00 class 0x020000
[    0.282251] pci 0000:02:00.0: reg 0x10: [io  0xe000-0xe0ff]
[    0.282277] pci 0000:02:00.0: reg 0x18: [mem 0xf7c00000-0xf7c00fff 64bit]
[    0.282293] pci 0000:02:00.0: reg 0x20: [mem 0xf0000000-0xf0003fff 64bit pref]
[    0.282384] pci 0000:02:00.0: supports D1 D2
[    0.282385] pci 0000:02:00.0: PME# supported from D0 D1 D2 D3hot D3cold
[    0.282483] pci 0000:00:1c.2: PCI bridge to [bus 02]
[    0.282486] pci 0000:00:1c.2:   bridge window [io  0xe000-0xefff]
[    0.282489] pci 0000:00:1c.2:   bridge window [mem 0xf7c00000-0xf7cfffff]
[    0.282493] pci 0000:00:1c.2:   bridge window [mem 0xf0000000-0xf00fffff 64bit pref]
[    0.283101] ACPI: PCI Interrupt Link [LNKA] (IRQs 3 4 5 6 10 *11 12 14 15)
[    0.283146] ACPI: PCI Interrupt Link [LNKB] (IRQs 3 4 5 6 10 11 12 14 15) *0, disabled.
[    0.283190] ACPI: PCI Interrupt Link [LNKC] (IRQs *3 4 5 6 10 11 12 14 15)
[    0.283233] ACPI: PCI Interrupt Link [LNKD] (IRQs 3 4 5 6 *10 11 12 14 15)
[    0.283276] ACPI: PCI Interrupt Link [LNKE] (IRQs 3 4 5 6 10 11 12 14 15) *0, disabled.
[    0.283319] ACPI: PCI Interrupt Link [LNKF] (IRQs 3 4 5 6 10 11 12 14 15) *0, disabled.
[    0.283362] ACPI: PCI Interrupt Link [LNKG] (IRQs 3 4 *5 6 10 11 12 14 15)
[    0.283405] ACPI: PCI Interrupt Link [LNKH] (IRQs 3 4 5 6 10 *11 12 14 15)
[    0.283723] pci 0000:00:02.0: vgaarb: setting as boot VGA device
[    0.283723] pci 0000:00:02.0: vgaarb: VGA device added: decodes=io+mem,owns=io+mem,locks=none
[    0.283723] pci 0000:00:02.0: vgaarb: bridge control possible
[    0.283723] vgaarb: loaded
[    0.283723] ACPI: bus type USB registered
[    0.283723] usbcore: registered new interface driver usbfs
[    0.283723] usbcore: registered new interface driver hub
[    0.283723] usbcore: registered new device driver usb
[    0.283723] pps_core: LinuxPPS API ver. 1 registered
[    0.283723] pps_core: Software ver. 5.3.6 - Copyright 2005-2007 Rodolfo Giometti <giometti@linux.it>
[    0.283723] PTP clock support registered
[    0.283723] EDAC MC: Ver: 3.0.0
[    0.283723] Registered efivars operations
[    0.283723] PCI: Using ACPI for IRQ routing
[    0.283723] PCI: pci_cache_line_size set to 64 bytes
[    0.283723] e820: reserve RAM buffer [mem 0x00058000-0x0005ffff]
[    0.283723] e820: reserve RAM buffer [mem 0x0009f000-0x0009ffff]
[    0.283723] e820: reserve RAM buffer [mem 0xc6523000-0xc7ffffff]
[    0.283723] e820: reserve RAM buffer [mem 0xc696e000-0xc7ffffff]
[    0.283723] e820: reserve RAM buffer [mem 0xc99e3000-0xcbffffff]
[    0.283723] e820: reserve RAM buffer [mem 0xd8da7000-0xdbffffff]
[    0.283723] e820: reserve RAM buffer [mem 0xd8e93000-0xdbffffff]
[    0.283723] e820: reserve RAM buffer [mem 0xda000000-0xdbffffff]
[    0.283723] e820: reserve RAM buffer [mem 0x21fe00000-0x21fffffff]
[    0.283723] NetLabel: Initializing
[    0.283723] NetLabel:  domain hash size = 128
