[    0.000000] microcode: microcode updated early to revision 0x27, date = 2019-02-26
[    0.000000] Linux version 4.19.91-1-MANJARO (builduser@lancaster) (gcc version 9.2.0 (GCC)) #1 SMP Sat Dec 21 11:18:44 UTC 2019
[    0.000000] Command line: BOOT_IMAGE=/boot/vmlinuz-4.19-x86_64 root=UUID=049b41b7-ce65-4c3a-a153-a58e007ec15f rw video=1920x1080
[    0.000000] KERNEL supported cpus:
[    0.000000]   Intel GenuineIntel
[    0.000000]   AMD AuthenticAMD
[    0.000000]   Centaur CentaurHauls
[    0.000000] x86/fpu: Supporting XSAVE feature 0x001: 'x87 floating point registers'
[    0.000000] x86/fpu: Supporting XSAVE feature 0x002: 'SSE registers'
[    0.000000] x86/fpu: Supporting XSAVE feature 0x004: 'AVX registers'
[    0.000000] x86/fpu: xstate_offset[2]:  576, xstate_sizes[2]:  256
[    0.000000] x86/fpu: Enabled xstate features 0x7, context size is 832 bytes, using 'standard' format.
[    0.000000] BIOS-provided physical RAM map:
[    0.000000] BIOS-e820: [mem 0x0000000000000000-0x0000000000057fff] usable
[    0.000000] BIOS-e820: [mem 0x0000000000058000-0x0000000000058fff] reserved
[    0.000000] BIOS-e820: [mem 0x0000000000059000-0x000000000009efff] usable
[    0.000000] BIOS-e820: [mem 0x000000000009f000-0x000000000009ffff] reserved
[    0.000000] BIOS-e820: [mem 0x0000000000100000-0x00000000c6522fff] usable
[    0.000000] BIOS-e820: [mem 0x00000000c6523000-0x00000000c6529fff] ACPI NVS
[    0.000000] BIOS-e820: [mem 0x00000000c652a000-0x00000000c696dfff] usable
[    0.000000] BIOS-e820: [mem 0x00000000c696e000-0x00000000c6efefff] reserved
[    0.000000] BIOS-e820: [mem 0x00000000c6eff000-0x00000000d8da6fff] usable
[    0.000000] BIOS-e820: [mem 0x00000000d8da7000-0x00000000d8e3ffff] reserved
[    0.000000] BIOS-e820: [mem 0x00000000d8e40000-0x00000000d8e92fff] usable
[    0.000000] BIOS-e820: [mem 0x00000000d8e93000-0x00000000d8fc7fff] ACPI NVS
[    0.000000] BIOS-e820: [mem 0x00000000d8fc8000-0x00000000d9f80fff] reserved
[    0.000000] BIOS-e820: [mem 0x00000000d9f81000-0x00000000d9ffefff] type 20
[    0.000000] BIOS-e820: [mem 0x00000000d9fff000-0x00000000d9ffffff] usable
[    0.000000] BIOS-e820: [mem 0x00000000db000000-0x00000000df1fffff] reserved
[    0.000000] BIOS-e820: [mem 0x00000000f8000000-0x00000000fbffffff] reserved
[    0.000000] BIOS-e820: [mem 0x00000000fec00000-0x00000000fec00fff] reserved
[    0.000000] BIOS-e820: [mem 0x00000000fed00000-0x00000000fed03fff] reserved
[    0.000000] BIOS-e820: [mem 0x00000000fed1c000-0x00000000fed1ffff] reserved
[    0.000000] BIOS-e820: [mem 0x00000000fee00000-0x00000000fee00fff] reserved
[    0.000000] BIOS-e820: [mem 0x00000000ff000000-0x00000000ffffffff] reserved
[    0.000000] BIOS-e820: [mem 0x0000000100000000-0x000000021fdfffff] usable
[    0.000000] NX (Execute Disable) protection: active
[    0.000000] efi: EFI v2.31 by American Megatrends
[    0.000000] efi:  ESRT=0xd9f7f998  ACPI=0xd8f9b000  ACPI 2.0=0xd8f9b000  SMBIOS=0xf04d0  MPS=0xfd500 
[    0.000000] SMBIOS 2.8 present.
[    0.000000] DMI: MSI MS-7817/H81M-E33 (MS-7817), BIOS V6.8 07/17/2018
[    0.000000] tsc: Fast TSC calibration using PIT
[    0.000000] tsc: Detected 3399.976 MHz processor
[    0.001396] e820: update [mem 0x00000000-0x00000fff] usable ==> reserved
[    0.001397] e820: remove [mem 0x000a0000-0x000fffff] usable
[    0.001402] last_pfn = 0x21fe00 max_arch_pfn = 0x400000000
[    0.001405] MTRR default type: uncachable
[    0.001406] MTRR fixed ranges enabled:
[    0.001407]   00000-9FFFF write-back
[    0.001407]   A0000-BFFFF uncachable
[    0.001408]   C0000-CFFFF write-protect
[    0.001408]   D0000-DFFFF uncachable
[    0.001409]   E0000-FFFFF write-protect
[    0.001409] MTRR variable ranges enabled:
[    0.001410]   0 base 0000000000 mask 7E00000000 write-back
[    0.001411]   1 base 0200000000 mask 7FE0000000 write-back
[    0.001411]   2 base 00E0000000 mask 7FE0000000 uncachable
[    0.001412]   3 base 00DC000000 mask 7FFC000000 uncachable
[    0.001412]   4 base 00DB000000 mask 7FFF000000 uncachable
[    0.001413]   5 base 021FE00000 mask 7FFFE00000 uncachable
[    0.001413]   6 disabled
[    0.001413]   7 disabled
[    0.001414]   8 disabled
[    0.001414]   9 disabled
[    0.002218] x86/PAT: Configuration [0-7]: WB  WC  UC- UC  WB  WP  UC- WT  
[    0.002322] total RAM covered: 8110M
[    0.002538] Found optimal setting for mtrr clean up
[    0.002539]  gran_size: 64K 	chunk_size: 128M 	num_reg: 8  	lose cover RAM: 0G
[    0.003310] e820: update [mem 0xdb000000-0xffffffff] usable ==> reserved
[    0.003313] last_pfn = 0xda000 max_arch_pfn = 0x400000000
[    0.009102] found SMP MP-table at [mem 0x000fd790-0x000fd79f]
[    0.009114] esrt: Reserving ESRT space from 0x00000000d9f7f998 to 0x00000000d9f7f9d0.
[    0.009151] Scanning 1 areas for low memory corruption
[    0.009155] Using GB pages for direct mapping
[    0.009157] BRK [0x18f601000, 0x18f601fff] PGTABLE
[    0.009158] BRK [0x18f602000, 0x18f602fff] PGTABLE
[    0.009159] BRK [0x18f603000, 0x18f603fff] PGTABLE
[    0.009179] BRK [0x18f604000, 0x18f604fff] PGTABLE
[    0.009180] BRK [0x18f605000, 0x18f605fff] PGTABLE
[    0.009271] BRK [0x18f606000, 0x18f606fff] PGTABLE
[    0.009297] BRK [0x18f607000, 0x18f607fff] PGTABLE
[    0.009376] BRK [0x18f608000, 0x18f608fff] PGTABLE
[    0.009409] BRK [0x18f609000, 0x18f609fff] PGTABLE
[    0.009461] BRK [0x18f60a000, 0x18f60afff] PGTABLE
[    0.009491] BRK [0x18f60b000, 0x18f60bfff] PGTABLE
[    0.009531] BRK [0x18f60c000, 0x18f60cfff] PGTABLE
[    0.009566] Secure boot could not be determined
[    0.009566] RAMDISK: [mem 0x36813000-0x37400fff]
[    0.009572] ACPI: Early table checksum verification disabled
[    0.009575] ACPI: RSDP 0x00000000D8F9B000 000024 (v02 ALASKA)
[    0.009577] ACPI: XSDT 0x00000000D8F9B080 000084 (v01 ALASKA A M I    01072009 AMI  00010013)
[    0.009581] ACPI: FACP 0x00000000D8FA87A8 00010C (v05 ALASKA A M I    01072009 AMI  00010013)
[    0.009585] ACPI: DSDT 0x00000000D8F9B1A0 00D608 (v02 ALASKA A M I    00000036 INTL 20120711)
[    0.009587] ACPI: FACS 0x00000000D8FC7F80 000040
[    0.009588] ACPI: APIC 0x00000000D8FA88B8 000092 (v03 ALASKA A M I    01072009 AMI  00010013)
[    0.009590] ACPI: FPDT 0x00000000D8FA8950 000044 (v01 ALASKA A M I    01072009 AMI  00010013)
[    0.009592] ACPI: ASF! 0x00000000D8FA8998 0000A5 (v32 INTEL   HCG     00000001 TFSM 000F4240)
[    0.009594] ACPI: SSDT 0x00000000D8FA8A40 000539 (v01 PmRef  Cpu0Ist  00003000 INTL 20120711)
[    0.009596] ACPI: SSDT 0x00000000D8FA8F80 000AD8 (v01 PmRef  CpuPm    00003000 INTL 20120711)
[    0.009597] ACPI: MCFG 0x00000000D8FA9A58 00003C (v01 ALASKA A M I    01072009 MSFT 00000097)
[    0.009599] ACPI: HPET 0x00000000D8FA9A98 000038 (v01 ALASKA A M I    01072009 AMI. 00000005)
[    0.009601] ACPI: SSDT 0x00000000D8FA9AD0 00036D (v01 SataRe SataTabl 00001000 INTL 20120711)
[    0.009603] ACPI: SSDT 0x00000000D8FA9E40 003528 (v01 SaSsdt SaSsdt   00003000 INTL 20091112)
[    0.009604] ACPI: DMAR 0x00000000D8FAD368 0000B8 (v01 INTEL  HSW      00000001 INTL 00000001)
[    0.009606] ACPI: BGRT 0x00000000D8FAD420 000038 (v00 ALASKA A M I    01072009 AMI  00010013)
[    0.009611] ACPI: Local APIC address 0xfee00000
[    0.009672] No NUMA configuration found
[    0.009672] Faking a node at [mem 0x0000000000000000-0x000000021fdfffff]
[    0.009676] NODE_DATA(0) allocated [mem 0x21fdfc000-0x21fdfffff]
[    0.009694] Zone ranges:
[    0.009695]   DMA      [mem 0x0000000000001000-0x0000000000ffffff]
[    0.009696]   DMA32    [mem 0x0000000001000000-0x00000000ffffffff]
[    0.009697]   Normal   [mem 0x0000000100000000-0x000000021fdfffff]
[    0.009697]   Device   empty
[    0.009698] Movable zone start for each node
[    0.009698] Early memory node ranges
[    0.009699]   node   0: [mem 0x0000000000001000-0x0000000000057fff]
[    0.009699]   node   0: [mem 0x0000000000059000-0x000000000009efff]
[    0.009700]   node   0: [mem 0x0000000000100000-0x00000000c6522fff]
[    0.009700]   node   0: [mem 0x00000000c652a000-0x00000000c696dfff]
[    0.009700]   node   0: [mem 0x00000000c6eff000-0x00000000d8da6fff]
[    0.009701]   node   0: [mem 0x00000000d8e40000-0x00000000d8e92fff]
[    0.009701]   node   0: [mem 0x00000000d9fff000-0x00000000d9ffffff]
[    0.009702]   node   0: [mem 0x0000000100000000-0x000000021fdfffff]
[    0.009704] Reserved but unavailable: 98 pages
[    0.009705] Initmem setup node 0 [mem 0x0000000000001000-0x000000021fdfffff]
[    0.009706] On node 0 totalpages: 2065920
[    0.009707]   DMA zone: 64 pages used for memmap
[    0.009707]   DMA zone: 27 pages reserved
[    0.009708]   DMA zone: 3997 pages, LIFO batch:0
[    0.009768]   DMA32 zone: 13794 pages used for memmap
[    0.009768]   DMA32 zone: 882787 pages, LIFO batch:63
[    0.023428]   Normal zone: 18424 pages used for memmap
[    0.023429]   Normal zone: 1179136 pages, LIFO batch:63
[    0.040542] Reserving Intel graphics memory at [mem 0xdb200000-0xdf1fffff]
[    0.040610] ACPI: PM-Timer IO Port: 0x1808
[    0.040611] ACPI: Local APIC address 0xfee00000
[    0.040616] ACPI: LAPIC_NMI (acpi_id[0xff] high edge lint[0x1])
[    0.040625] IOAPIC[0]: apic_id 8, version 32, address 0xfec00000, GSI 0-23
[    0.040627] ACPI: INT_SRC_OVR (bus 0 bus_irq 0 global_irq 2 dfl dfl)
[    0.040628] ACPI: INT_SRC_OVR (bus 0 bus_irq 9 global_irq 9 high level)
[    0.040629] ACPI: IRQ0 used by override.
[    0.040629] ACPI: IRQ9 used by override.
[    0.040631] Using ACPI (MADT) for SMP configuration information
[    0.040632] ACPI: HPET id: 0x8086a701 base: 0xfed00000
[    0.040646] smpboot: Allowing 8 CPUs, 0 hotplug CPUs
[    0.040671] PM: Registered nosave memory: [mem 0x00000000-0x00000fff]
[    0.040673] PM: Registered nosave memory: [mem 0x00058000-0x00058fff]
[    0.040674] PM: Registered nosave memory: [mem 0x0009f000-0x0009ffff]
[    0.040675] PM: Registered nosave memory: [mem 0x000a0000-0x000fffff]
[    0.040676] PM: Registered nosave memory: [mem 0xc6523000-0xc6529fff]
[    0.040677] PM: Registered nosave memory: [mem 0xc696e000-0xc6efefff]
[    0.040679] PM: Registered nosave memory: [mem 0xd8da7000-0xd8e3ffff]
[    0.040680] PM: Registered nosave memory: [mem 0xd8e93000-0xd8fc7fff]
[    0.040680] PM: Registered nosave memory: [mem 0xd8fc8000-0xd9f80fff]
[    0.040681] PM: Registered nosave memory: [mem 0xd9f81000-0xd9ffefff]
[    0.040682] PM: Registered nosave memory: [mem 0xda000000-0xdaffffff]
[    0.040682] PM: Registered nosave memory: [mem 0xdb000000-0xdf1fffff]
[    0.040683] PM: Registered nosave memory: [mem 0xdf200000-0xf7ffffff]
[    0.040683] PM: Registered nosave memory: [mem 0xf8000000-0xfbffffff]
[    0.040683] PM: Registered nosave memory: [mem 0xfc000000-0xfebfffff]
[    0.040684] PM: Registered nosave memory: [mem 0xfec00000-0xfec00fff]
[    0.040684] PM: Registered nosave memory: [mem 0xfec01000-0xfecfffff]
[    0.040685] PM: Registered nosave memory: [mem 0xfed00000-0xfed03fff]
[    0.040685] PM: Registered nosave memory: [mem 0xfed04000-0xfed1bfff]
[    0.040685] PM: Registered nosave memory: [mem 0xfed1c000-0xfed1ffff]
[    0.040686] PM: Registered nosave memory: [mem 0xfed20000-0xfedfffff]
[    0.040686] PM: Registered nosave memory: [mem 0xfee00000-0xfee00fff]
[    0.040686] PM: Registered nosave memory: [mem 0xfee01000-0xfeffffff]
[    0.040687] PM: Registered nosave memory: [mem 0xff000000-0xffffffff]
[    0.040688] [mem 0xdf200000-0xf7ffffff] available for PCI devices
[    0.040689] Booting paravirtualized kernel on bare hardware
[    0.040691] clocksource: refined-jiffies: mask: 0xffffffff max_cycles: 0xffffffff, max_idle_ns: 19112604462750000 ns
[    0.121436] random: get_random_bytes called from start_kernel+0x93/0x530 with crng_init=0
[    0.121442] setup_percpu: NR_CPUS:320 nr_cpumask_bits:320 nr_cpu_ids:8 nr_node_ids:1
[    0.121745] percpu: Embedded 46 pages/cpu s151552 r8192 d28672 u262144
[    0.121751] pcpu-alloc: s151552 r8192 d28672 u262144 alloc=1*2097152
[    0.121752] pcpu-alloc: [0] 0 1 2 3 4 5 6 7 
[    0.121768] Built 1 zonelists, mobility grouping on.  Total pages: 2033611
[    0.121769] Policy zone: Normal
[    0.121770] Kernel command line: BOOT_IMAGE=/boot/vmlinuz-4.19-x86_64 root=UUID=049b41b7-ce65-4c3a-a153-a58e007ec15f rw video=1920x1080
[    0.128794] Calgary: detecting Calgary via BIOS EBDA area
[    0.128795] Calgary: Unable to locate Rio Grande table in EBDA - bailing!
[    0.160892] Memory: 7790520K/8263680K available (12300K kernel code, 1366K rwdata, 3604K rodata, 1612K init, 3720K bss, 473160K reserved, 0K cma-reserved)
[    0.160965] SLUB: HWalign=64, Order=0-3, MinObjects=0, CPUs=8, Nodes=1
[    0.160970] Kernel/User page tables isolation: enabled
[    0.167355] ftrace: allocating 36393 entries in 143 pages
[    0.177891] rcu: Hierarchical RCU implementation.
[    0.177892] rcu: 	RCU restricting CPUs from NR_CPUS=320 to nr_cpu_ids=8.
[    0.177892] rcu: Adjusting geometry for rcu_fanout_leaf=16, nr_cpu_ids=8
[    0.178905] NR_IRQS: 20736, nr_irqs: 488, preallocated irqs: 16
[    0.179091] Console: colour dummy device 80x25
[    0.179096] console [tty0] enabled
[    0.179107] ACPI: Core revision 20180810
[    0.179247] clocksource: hpet: mask: 0xffffffff max_cycles: 0xffffffff, max_idle_ns: 133484882848 ns
[    0.179255] hpet clockevent registered
[    0.179259] APIC: Switch to symmetric I/O mode setup
[    0.179260] DMAR: Host address width 39
[    0.179261] DMAR: DRHD base: 0x000000fed90000 flags: 0x0
[    0.179264] DMAR: dmar0: reg_base_addr fed90000 ver 1:0 cap c0000020660462 ecap f0101a
[    0.179265] DMAR: DRHD base: 0x000000fed91000 flags: 0x1
[    0.179267] DMAR: dmar1: reg_base_addr fed91000 ver 1:0 cap d2008020660462 ecap f010da
[    0.179267] DMAR: RMRR base: 0x000000d9ea3000 end: 0x000000d9eb1fff
[    0.179268] DMAR: RMRR base: 0x000000db000000 end: 0x000000df1fffff
[    0.179269] DMAR-IR: IOAPIC id 8 under DRHD base  0xfed91000 IOMMU 1
[    0.179270] DMAR-IR: HPET id 0 under DRHD base 0xfed91000
[    0.179270] DMAR-IR: Queued invalidation will be enabled to support x2apic and Intr-remapping.
[    0.179830] DMAR-IR: Enabled IRQ remapping in x2apic mode
[    0.179831] x2apic enabled
[    0.179836] Switched APIC routing to cluster x2apic.
[    0.180231] ..TIMER: vector=0x30 apic1=0 pin1=2 apic2=-1 pin2=-1
[    0.229259] clocksource: tsc-early: mask: 0xffffffffffffffff max_cycles: 0x310237e2144, max_idle_ns: 440795220210 ns
[    0.229267] Calibrating delay loop (skipped), value calculated using timer frequency.. 6799.95 BogoMIPS (lpj=33999760)
[    0.229269] pid_max: default: 32768 minimum: 301
[    0.229850] Security Framework initialized
[    0.229851] Yama: becoming mindful.
[    0.229855] AppArmor: AppArmor disabled by boot time parameter
[    0.231563] Dentry cache hash table entries: 1048576 (order: 11, 8388608 bytes)
[    0.232475] Inode-cache hash table entries: 524288 (order: 10, 4194304 bytes)
[    0.232513] Mount-cache hash table entries: 16384 (order: 5, 131072 bytes)
[    0.232542] Mountpoint-cache hash table entries: 16384 (order: 5, 131072 bytes)
[    0.232721] CPU0: Thermal monitoring enabled (TM1)
[    0.232731] process: using mwait in idle threads
[    0.232733] Last level iTLB entries: 4KB 1024, 2MB 1024, 4MB 1024
[    0.232734] Last level dTLB entries: 4KB 1024, 2MB 1024, 4MB 1024, 1GB 4
[    0.232735] Spectre V1 : Mitigation: usercopy/swapgs barriers and __user pointer sanitization
[    0.232736] Spectre V2 : Mitigation: Full generic retpoline
[    0.232736] Spectre V2 : Spectre v2 / SpectreRSB mitigation: Filling RSB on context switch
[    0.232736] Spectre V2 : Enabling Restricted Speculation for firmware calls
[    0.232742] Spectre V2 : mitigation: Enabling conditional Indirect Branch Prediction Barrier
[    0.232742] Spectre V2 : User space: Mitigation: STIBP via seccomp and prctl
[    0.232743] Speculative Store Bypass: Mitigation: Speculative Store Bypass disabled via prctl and seccomp
[    0.232760] MDS: Mitigation: Clear CPU buffers
[    0.235868] Freeing SMP alternatives memory: 28K
[    0.250827] TSC deadline timer enabled
[    0.250829] smpboot: CPU0: Intel(R) Core(TM) i7-4770 CPU @ 3.40GHz (family: 0x6, model: 0x3c, stepping: 0x3)
[    0.250890] Performance Events: PEBS fmt2+, Haswell events, 16-deep LBR, full-width counters, Intel PMU driver.
[    0.250921] ... version:                3
[    0.250921] ... bit width:              48
[    0.250921] ... generic registers:      4
[    0.250922] ... value mask:             0000ffffffffffff
[    0.250922] ... max period:             00007fffffffffff
[    0.250923] ... fixed-purpose events:   3
[    0.250923] ... event mask:             000000070000000f
[    0.250951] rcu: Hierarchical SRCU implementation.
[    0.251722] NMI watchdog: Enabled. Permanently consumes one hw-PMU counter.
[    0.251768] smp: Bringing up secondary CPUs ...
[    0.251823] x86: Booting SMP configuration:
[    0.251824] .... node  #0, CPUs:      #1 #2 #3 #4
[    0.254182] MDS CPU bug present and SMT on, data leak possible. See https://www.kernel.org/doc/html/latest/admin-guide/hw-vuln/mds.html for more details.
[    0.254182]  #5 #6 #7
[    0.254182] smp: Brought up 1 node, 8 CPUs
[    0.254182] smpboot: Max logical packages: 1
[    0.254182] smpboot: Total of 8 processors activated (54399.61 BogoMIPS)
[    0.259501] devtmpfs: initialized
[    0.259501] x86/mm: Memory block size: 128MB
[    0.259696] PM: Registering ACPI NVS region [mem 0xc6523000-0xc6529fff] (28672 bytes)
[    0.259696] PM: Registering ACPI NVS region [mem 0xd8e93000-0xd8fc7fff] (1265664 bytes)
[    0.259696] clocksource: jiffies: mask: 0xffffffff max_cycles: 0xffffffff, max_idle_ns: 19112604462750000 ns
[    0.259696] futex hash table entries: 2048 (order: 5, 131072 bytes)
[    0.259696] pinctrl core: initialized pinctrl subsystem
[    0.259696] RTC time:  5:23:17, date: 01/06/20
[    0.259696] NET: Registered protocol family 16
[    0.259696] audit: initializing netlink subsys (disabled)
[    0.259696] audit: type=2000 audit(1578288197.080:1): state=initialized audit_enabled=0 res=1
[    0.259696] cpuidle: using governor ladder
[    0.259696] cpuidle: using governor menu
[    0.259696] ACPI FADT declares the system doesn't support PCIe ASPM, so disable it
[    0.259696] ACPI: bus type PCI registered
[    0.259696] acpiphp: ACPI Hot Plug PCI Controller Driver version: 0.5
[    0.259696] PCI: MMCONFIG for domain 0000 [bus 00-3f] at [mem 0xf8000000-0xfbffffff] (base 0xf8000000)
[    0.259696] PCI: MMCONFIG at [mem 0xf8000000-0xfbffffff] reserved in E820
[    0.259696] PCI: Using configuration type 1 for base access
[    0.259696] core: PMU erratum BJ122, BV98, HSD29 worked around, HT is on
[    0.259918] HugeTLB registered 1.00 GiB page size, pre-allocated 0 pages
[    0.259918] HugeTLB registered 2.00 MiB page size, pre-allocated 0 pages
[    0.259918] ACPI: Added _OSI(Module Device)
[    0.259918] ACPI: Added _OSI(Processor Device)
[    0.259918] ACPI: Added _OSI(3.0 _SCP Extensions)
[    0.259918] ACPI: Added _OSI(Processor Aggregator Device)
[    0.259918] ACPI: Added _OSI(Linux-Dell-Video)
[    0.259918] ACPI: Added _OSI(Linux-Lenovo-NV-HDMI-Audio)
[    0.266261] ACPI: 5 ACPI AML tables successfully acquired and loaded
[    0.269604] ACPI: [Firmware Bug]: BIOS _OSI(Linux) query ignored
[    0.270258] ACPI: Dynamic OEM Table Load:
[    0.270258] ACPI: SSDT 0xFFFFA3D155C6E400 0003D3 (v01 PmRef  Cpu0Cst  00003001 INTL 20120711)
[    0.270258] ACPI: Dynamic OEM Table Load:
[    0.270258] ACPI: SSDT 0xFFFFA3D155CD0800 0005AA (v01 PmRef  ApIst    00003000 INTL 20120711)
[    0.270258] ACPI: Dynamic OEM Table Load:
[    0.270258] ACPI: SSDT 0xFFFFA3D155822C00 000119 (v01 PmRef  ApCst    00003000 INTL 20120711)
[    0.270775] ACPI: Interpreter enabled
[    0.270795] ACPI: (supports S0 S3 S4 S5)
[    0.270795] ACPI: Using IOAPIC for interrupt routing
[    0.270816] PCI: Using host bridge windows from ACPI; if necessary, use "pci=nocrs" and report a bug
[    0.271048] ACPI: Enabled 7 GPEs in block 00 to 3F
[    0.280932] ACPI: Power Resource [FN00] (off)
[    0.280989] ACPI: Power Resource [FN01] (off)
[    0.281044] ACPI: Power Resource [FN02] (off)
[    0.281099] ACPI: Power Resource [FN03] (off)
[    0.281154] ACPI: Power Resource [FN04] (off)
[    0.281803] ACPI: PCI Root Bridge [PCI0] (domain 0000 [bus 00-3e])
[    0.281807] acpi PNP0A08:00: _OSC: OS supports [ExtendedConfig ASPM ClockPM Segments MSI]
[    0.282028] acpi PNP0A08:00: _OSC: platform does not support [PCIeHotplug SHPCHotplug PME]
[    0.282162] acpi PNP0A08:00: _OSC: OS now controls [AER PCIeCapability LTR]
[    0.282162] acpi PNP0A08:00: FADT indicates ASPM is unsupported, using BIOS configuration
[    0.282551] PCI host bridge to bus 0000:00
[    0.282552] pci_bus 0000:00: root bus resource [io  0x0000-0x0cf7 window]
[    0.282553] pci_bus 0000:00: root bus resource [io  0x0d00-0xffff window]
[    0.282554] pci_bus 0000:00: root bus resource [mem 0x000a0000-0x000bffff window]
[    0.282554] pci_bus 0000:00: root bus resource [mem 0x000d0000-0x000d3fff window]
[    0.282555] pci_bus 0000:00: root bus resource [mem 0x000d4000-0x000d7fff window]
[    0.282556] pci_bus 0000:00: root bus resource [mem 0x000d8000-0x000dbfff window]
[    0.282556] pci_bus 0000:00: root bus resource [mem 0x000dc000-0x000dffff window]
[    0.282557] pci_bus 0000:00: root bus resource [mem 0xdf200000-0xfeafffff window]
[    0.282558] pci_bus 0000:00: root bus resource [bus 00-3e]
[    0.282563] pci 0000:00:00.0: [8086:0c00] type 00 class 0x060000
[    0.282633] pci 0000:00:02.0: [8086:0412] type 00 class 0x030000
[    0.282641] pci 0000:00:02.0: reg 0x10: [mem 0xf7800000-0xf7bfffff 64bit]
[    0.282645] pci 0000:00:02.0: reg 0x18: [mem 0xe0000000-0xefffffff 64bit pref]
[    0.282647] pci 0000:00:02.0: reg 0x20: [io  0xf000-0xf03f]
[    0.282656] pci 0000:00:02.0: BAR 2: assigned to efifb
[    0.282710] pci 0000:00:03.0: [8086:0c0c] type 00 class 0x040300
[    0.282716] pci 0000:00:03.0: reg 0x10: [mem 0xf7d14000-0xf7d17fff 64bit]
[    0.282792] pci 0000:00:14.0: [8086:8c31] type 00 class 0x0c0330
[    0.282810] pci 0000:00:14.0: reg 0x10: [mem 0xf7d00000-0xf7d0ffff 64bit]
[    0.282860] pci 0000:00:14.0: PME# supported from D3hot D3cold
[    0.282917] pci 0000:00:16.0: [8086:8c3a] type 00 class 0x078000
[    0.282935] pci 0000:00:16.0: reg 0x10: [mem 0xf7d1e000-0xf7d1e00f 64bit]
[    0.282988] pci 0000:00:16.0: PME# supported from D0 D3hot D3cold
[    0.283050] pci 0000:00:1a.0: [8086:8c2d] type 00 class 0x0c0320
[    0.283068] pci 0000:00:1a.0: reg 0x10: [mem 0xf7d1c000-0xf7d1c3ff]
[    0.283140] pci 0000:00:1a.0: PME# supported from D0 D3hot D3cold
[    0.283201] pci 0000:00:1b.0: [8086:8c20] type 00 class 0x040300
[    0.283216] pci 0000:00:1b.0: reg 0x10: [mem 0xf7d10000-0xf7d13fff 64bit]
[    0.283267] pci 0000:00:1b.0: PME# supported from D0 D3hot D3cold
[    0.283324] pci 0000:00:1c.0: [8086:8c10] type 01 class 0x060400
[    0.283387] pci 0000:00:1c.0: PME# supported from D0 D3hot D3cold
[    0.283488] pci 0000:00:1c.2: [8086:8c14] type 01 class 0x060400
[    0.283550] pci 0000:00:1c.2: PME# supported from D0 D3hot D3cold
[    0.283652] pci 0000:00:1d.0: [8086:8c26] type 00 class 0x0c0320
[    0.283672] pci 0000:00:1d.0: reg 0x10: [mem 0xf7d1b000-0xf7d1b3ff]
[    0.283744] pci 0000:00:1d.0: PME# supported from D0 D3hot D3cold
[    0.283807] pci 0000:00:1f.0: [8086:8c5c] type 00 class 0x060100
[    0.283952] pci 0000:00:1f.2: [8086:8c02] type 00 class 0x010601
[    0.283965] pci 0000:00:1f.2: reg 0x10: [io  0xf0b0-0xf0b7]
[    0.283971] pci 0000:00:1f.2: reg 0x14: [io  0xf0a0-0xf0a3]
[    0.283977] pci 0000:00:1f.2: reg 0x18: [io  0xf090-0xf097]
[    0.283982] pci 0000:00:1f.2: reg 0x1c: [io  0xf080-0xf083]
[    0.283988] pci 0000:00:1f.2: reg 0x20: [io  0xf060-0xf07f]
[    0.283994] pci 0000:00:1f.2: reg 0x24: [mem 0xf7d1a000-0xf7d1a7ff]
[    0.284023] pci 0000:00:1f.2: PME# supported from D3hot
[    0.284076] pci 0000:00:1f.3: [8086:8c22] type 00 class 0x0c0500
[    0.284091] pci 0000:00:1f.3: reg 0x10: [mem 0xf7d19000-0xf7d190ff 64bit]
[    0.284107] pci 0000:00:1f.3: reg 0x20: [io  0xf040-0xf05f]
[    0.284217] acpiphp: Slot [1] registered
[    0.284221] pci 0000:00:1c.0: PCI bridge to [bus 01]
[    0.284283] pci 0000:02:00.0: [10ec:8168] type 00 class 0x020000
[    0.284311] pci 0000:02:00.0: reg 0x10: [io  0xe000-0xe0ff]
[    0.284337] pci 0000:02:00.0: reg 0x18: [mem 0xf7c00000-0xf7c00fff 64bit]
[    0.284353] pci 0000:02:00.0: reg 0x20: [mem 0xf0000000-0xf0003fff 64bit pref]
[    0.284446] pci 0000:02:00.0: supports D1 D2
[    0.284446] pci 0000:02:00.0: PME# supported from D0 D1 D2 D3hot D3cold
[    0.284546] pci 0000:00:1c.2: PCI bridge to [bus 02]
[    0.284549] pci 0000:00:1c.2:   bridge window [io  0xe000-0xefff]
[    0.284551] pci 0000:00:1c.2:   bridge window [mem 0xf7c00000-0xf7cfffff]
[    0.284555] pci 0000:00:1c.2:   bridge window [mem 0xf0000000-0xf00fffff 64bit pref]
[    0.285175] ACPI: PCI Interrupt Link [LNKA] (IRQs 3 4 5 6 10 *11 12 14 15)
[    0.285220] ACPI: PCI Interrupt Link [LNKB] (IRQs 3 4 5 6 10 11 12 14 15) *0, disabled.
[    0.285265] ACPI: PCI Interrupt Link [LNKC] (IRQs *3 4 5 6 10 11 12 14 15)
[    0.285309] ACPI: PCI Interrupt Link [LNKD] (IRQs 3 4 5 6 *10 11 12 14 15)
[    0.285353] ACPI: PCI Interrupt Link [LNKE] (IRQs 3 4 5 6 10 11 12 14 15) *0, disabled.
[    0.285397] ACPI: PCI Interrupt Link [LNKF] (IRQs 3 4 5 6 10 11 12 14 15) *0, disabled.
[    0.285441] ACPI: PCI Interrupt Link [LNKG] (IRQs 3 4 *5 6 10 11 12 14 15)
[    0.285485] ACPI: PCI Interrupt Link [LNKH] (IRQs 3 4 5 6 10 *11 12 14 15)
[    0.285809] pci 0000:00:02.0: vgaarb: setting as boot VGA device
[    0.285809] pci 0000:00:02.0: vgaarb: VGA device added: decodes=io+mem,owns=io+mem,locks=none
[    0.285809] pci 0000:00:02.0: vgaarb: bridge control possible
[    0.285809] vgaarb: loaded
[    0.285809] ACPI: bus type USB registered
[    0.285809] usbcore: registered new interface driver usbfs
[    0.285809] usbcore: registered new interface driver hub
[    0.285809] usbcore: registered new device driver usb
[    0.285809] pps_core: LinuxPPS API ver. 1 registered
[    0.285809] pps_core: Software ver. 5.3.6 - Copyright 2005-2007 Rodolfo Giometti <giometti@linux.it>
[    0.285809] PTP clock support registered
[    0.285809] EDAC MC: Ver: 3.0.0
[    0.285809] Registered efivars operations
[    0.285809] PCI: Using ACPI for IRQ routing
[    0.285809] PCI: pci_cache_line_size set to 64 bytes
[    0.285809] e820: reserve RAM buffer [mem 0x00058000-0x0005ffff]
[    0.285809] e820: reserve RAM buffer [mem 0x0009f000-0x0009ffff]
[    0.285809] e820: reserve RAM buffer [mem 0xc6523000-0xc7ffffff]
[    0.285809] e820: reserve RAM buffer [mem 0xc696e000-0xc7ffffff]
[    0.285809] e820: reserve RAM buffer [mem 0xd8da7000-0xdbffffff]
[    0.285809] e820: reserve RAM buffer [mem 0xd8e93000-0xdbffffff]
[    0.285809] e820: reserve RAM buffer [mem 0xda000000-0xdbffffff]
[    0.285809] e820: reserve RAM buffer [mem 0x21fe00000-0x21fffffff]
[    0.285809] NetLabel: Initializing
[    0.285809] NetLabel:  domain hash size = 128
[    0.285809] NetLabel:  protocols = UNLABELED CIPSOv4 CALIPSO
[    0.285809] NetLabel:  unlabeled traffic allowed by default
[    0.285809] hpet0: at MMIO 0xfed00000, IRQs 2, 8, 0, 0, 0, 0, 0, 0
[    0.285809] hpet0: 8 comparators, 64-bit 14.318180 MHz counter
[    0.289274] clocksource: Switched to clocksource tsc-early
[    0.296347] VFS: Disk quotas dquot_6.6.0
[    0.296359] VFS: Dquot-cache hash table entries: 512 (order 0, 4096 bytes)
[    0.296409] pnp: PnP ACPI init
[    0.296495] system 00:00: [mem 0xfed40000-0xfed44fff] has been reserved
[    0.296499] system 00:00: Plug and Play ACPI device, IDs PNP0c01 (active)
[    0.296674] system 00:01: [io  0x0680-0x069f] has been reserved
[    0.296675] system 00:01: [io  0xffff] has been reserved
[    0.296676] system 00:01: [io  0xffff] has been reserved
[    0.296677] system 00:01: [io  0xffff] has been reserved
[    0.296677] system 00:01: [io  0x1c00-0x1cfe] has been reserved
[    0.296678] system 00:01: [io  0x1d00-0x1dfe] has been reserved
[    0.296679] system 00:01: [io  0x1e00-0x1efe] has been reserved
[    0.296679] system 00:01: [io  0x1f00-0x1ffe] has been reserved
[    0.296680] system 00:01: [io  0x1800-0x18fe] has been reserved
[    0.296683] system 00:01: [io  0x164e-0x164f] has been reserved
[    0.296685] system 00:01: Plug and Play ACPI device, IDs PNP0c02 (active)
[    0.296699] pnp 00:02: Plug and Play ACPI device, IDs PNP0b00 (active)
[    0.296735] system 00:03: [io  0x1854-0x1857] has been reserved
[    0.296737] system 00:03: Plug and Play ACPI device, IDs INT3f0d PNP0c02 (active)
[    0.296832] system 00:04: [io  0x0a00-0x0a0f] has been reserved
[    0.296833] system 00:04: [io  0x0a10-0x0a1f] has been reserved
[    0.296834] system 00:04: Plug and Play ACPI device, IDs PNP0c02 (active)
[    0.296976] pnp 00:05: [dma 0 disabled]
[    0.297005] pnp 00:05: Plug and Play ACPI device, IDs PNP0501 (active)
[    0.297041] system 00:06: [io  0x04d0-0x04d1] has been reserved
[    0.297043] system 00:06: Plug and Play ACPI device, IDs PNP0c02 (active)
[    0.297414] system 00:07: [mem 0xfed1c000-0xfed1ffff] has been reserved
[    0.297415] system 00:07: [mem 0xfed10000-0xfed17fff] has been reserved
[    0.297416] system 00:07: [mem 0xfed18000-0xfed18fff] has been reserved
[    0.297417] system 00:07: [mem 0xfed19000-0xfed19fff] has been reserved
[    0.297418] system 00:07: [mem 0xf8000000-0xfbffffff] has been reserved
[    0.297418] system 00:07: [mem 0xfed20000-0xfed3ffff] has been reserved
[    0.297419] system 00:07: [mem 0xfed90000-0xfed93fff] could not be reserved
[    0.297420] system 00:07: [mem 0xfed45000-0xfed8ffff] has been reserved
[    0.297421] system 00:07: [mem 0xff000000-0xffffffff] has been reserved
[    0.297422] system 00:07: [mem 0xfee00000-0xfeefffff] could not be reserved
[    0.297423] system 00:07: [mem 0xf7fdf000-0xf7fdffff] has been reserved
[    0.297423] system 00:07: [mem 0xf7fe0000-0xf7feffff] has been reserved
[    0.297426] system 00:07: Plug and Play ACPI device, IDs PNP0c02 (active)
[    0.297629] pnp: PnP ACPI: found 8 devices
[    0.302912] clocksource: acpi_pm: mask: 0xffffff max_cycles: 0xffffff, max_idle_ns: 2085701024 ns
[    0.302921] pci 0000:00:1c.0: bridge window [io  0x1000-0x0fff] to [bus 01] add_size 1000
[    0.302923] pci 0000:00:1c.0: bridge window [mem 0x00100000-0x000fffff 64bit pref] to [bus 01] add_size 200000 add_align 100000
[    0.302924] pci 0000:00:1c.0: bridge window [mem 0x00100000-0x000fffff] to [bus 01] add_size 200000 add_align 100000
[    0.302934] pci 0000:00:1c.0: BAR 14: assigned [mem 0xdf200000-0xdf3fffff]
[    0.302938] pci 0000:00:1c.0: BAR 15: assigned [mem 0xdf400000-0xdf5fffff 64bit pref]
[    0.302939] pci 0000:00:1c.0: BAR 13: assigned [io  0x2000-0x2fff]
[    0.302941] pci 0000:00:1c.0: PCI bridge to [bus 01]
[    0.302943] pci 0000:00:1c.0:   bridge window [io  0x2000-0x2fff]
[    0.302946] pci 0000:00:1c.0:   bridge window [mem 0xdf200000-0xdf3fffff]
[    0.302949] pci 0000:00:1c.0:   bridge window [mem 0xdf400000-0xdf5fffff 64bit pref]
[    0.302953] pci 0000:00:1c.2: PCI bridge to [bus 02]
[    0.302955] pci 0000:00:1c.2:   bridge window [io  0xe000-0xefff]
[    0.302958] pci 0000:00:1c.2:   bridge window [mem 0xf7c00000-0xf7cfffff]
[    0.302961] pci 0000:00:1c.2:   bridge window [mem 0xf0000000-0xf00fffff 64bit pref]
[    0.302966] pci_bus 0000:00: resource 4 [io  0x0000-0x0cf7 window]
[    0.302967] pci_bus 0000:00: resource 5 [io  0x0d00-0xffff window]
[    0.302967] pci_bus 0000:00: resource 6 [mem 0x000a0000-0x000bffff window]
[    0.302968] pci_bus 0000:00: resource 7 [mem 0x000d0000-0x000d3fff window]
[    0.302969] pci_bus 0000:00: resource 8 [mem 0x000d4000-0x000d7fff window]
[    0.302969] pci_bus 0000:00: resource 9 [mem 0x000d8000-0x000dbfff window]
[    0.302970] pci_bus 0000:00: resource 10 [mem 0x000dc000-0x000dffff window]
[    0.302971] pci_bus 0000:00: resource 11 [mem 0xdf200000-0xfeafffff window]
[    0.302971] pci_bus 0000:01: resource 0 [io  0x2000-0x2fff]
[    0.302972] pci_bus 0000:01: resource 1 [mem 0xdf200000-0xdf3fffff]
[    0.302973] pci_bus 0000:01: resource 2 [mem 0xdf400000-0xdf5fffff 64bit pref]
[    0.302973] pci_bus 0000:02: resource 0 [io  0xe000-0xefff]
[    0.302974] pci_bus 0000:02: resource 1 [mem 0xf7c00000-0xf7cfffff]
[    0.302975] pci_bus 0000:02: resource 2 [mem 0xf0000000-0xf00fffff 64bit pref]
[    0.303061] NET: Registered protocol family 2
[    0.303185] tcp_listen_portaddr_hash hash table entries: 4096 (order: 4, 65536 bytes)
[    0.303211] TCP established hash table entries: 65536 (order: 7, 524288 bytes)
[    0.303337] TCP bind hash table entries: 65536 (order: 8, 1048576 bytes)
[    0.303553] TCP: Hash tables configured (established 65536 bind 65536)
[    0.303584] UDP hash table entries: 4096 (order: 5, 131072 bytes)
[    0.303615] UDP-Lite hash table entries: 4096 (order: 5, 131072 bytes)
[    0.303672] NET: Registered protocol family 1
[    0.303675] NET: Registered protocol family 44
[    0.303682] pci 0000:00:02.0: Video device with shadowed ROM at [mem 0x000c0000-0x000dffff]
[    0.304046] PCI: CLS 64 bytes, default 64
[    0.304075] Unpacking initramfs...
[    0.397905] Freeing initrd memory: 12216K
[    0.469277] PCI-DMA: Using software bounce buffering for IO (SWIOTLB)
[    0.469278] software IO TLB: mapped [mem 0xc2523000-0xc6523000] (64MB)
[    0.469392] Scanning for low memory corruption every 60 seconds
[    0.469786] Initialise system trusted keyrings
[    0.469793] Key type blacklist registered
[    0.469824] workingset: timestamp_bits=41 max_order=21 bucket_order=0
[    0.470548] zbud: loaded
[    0.471464] Key type asymmetric registered
[    0.471465] Asymmetric key parser 'x509' registered
[    0.471472] Block layer SCSI generic (bsg) driver version 0.4 loaded (major 244)
[    0.471495] io scheduler noop registered
[    0.471496] io scheduler deadline registered
[    0.471516] io scheduler cfq registered
[    0.471517] io scheduler mq-deadline registered
[    0.471518] io scheduler kyber registered
[    0.471530] io scheduler bfq registered
[    0.471544] io scheduler bfq-sq registered (default)
[    0.471544] BFQ I/O-scheduler: v10 (with cgroups support)
[    0.471557] io scheduler bfq-mq registered
[    0.471558] BFQ I/O-scheduler: v10 (with cgroups support)
[    0.471896] shpchp: Standard Hot Plug PCI Controller Driver version: 0.4
[    0.471943] efifb: probing for efifb
[    0.471955] efifb: framebuffer at 0xe0000000, using 8128k, total 8128k
[    0.471955] efifb: mode is 1920x1080x32, linelength=7680, pages=1
[    0.471955] efifb: scrolling: redraw
[    0.471956] efifb: Truecolor: size=8:8:8:8, shift=24:16:8:0
[    0.471990] fbcon: Deferring console take-over
[    0.471990] fb0: EFI VGA frame buffer device
[    0.471995] intel_idle: MWAIT substates: 0x42120
[    0.471996] intel_idle: v0.4.1 model 0x3C
[    0.472191] intel_idle: lapic_timer_reliable_states 0xffffffff
[    0.472245] input: Power Button as /devices/LNXSYSTM:00/LNXSYBUS:00/PNP0C0C:00/input/input0
[    0.472256] ACPI: Power Button [PWRB]
[    0.472289] input: Power Button as /devices/LNXSYSTM:00/LNXPWRBN:00/input/input1
[    0.472297] ACPI: Power Button [PWRF]
[    0.472860] thermal LNXTHERM:00: registered as thermal_zone0
[    0.472860] ACPI: Thermal Zone [TZ00] (28 C)
[    0.473061] thermal LNXTHERM:01: registered as thermal_zone1
[    0.473061] ACPI: Thermal Zone [TZ01] (30 C)
[    0.473176] Serial: 8250/16550 driver, 4 ports, IRQ sharing enabled
[    0.493749] 00:05: ttyS0 at I/O 0x3f8 (irq = 4, base_baud = 115200) is a 16550A
[    0.494107] AMD IOMMUv2 driver by Joerg Roedel <jroedel@suse.de>
[    0.494107] AMD IOMMUv2 functionality not available on this system
[    0.494709] usbcore: registered new interface driver usbserial_generic
[    0.494712] usbserial: USB Serial support registered for generic
[    0.494725] rtc_cmos 00:02: RTC can wake from S4
[    0.494808] rtc rtc0: invalid alarm value: 2020-1-6 5:23:64
[    0.494827] rtc_cmos 00:02: registered as rtc0
[    0.494836] rtc_cmos 00:02: alarms up to one month, y3k, 242 bytes nvram, hpet irqs
[    0.494866] intel_pstate: Intel P-state driver initializing
[    0.495344] ledtrig-cpu: registered to indicate activity on CPUs
[    0.495887] NET: Registered protocol family 10
[    0.508587] Segment Routing with IPv6
[    0.508598] NET: Registered protocol family 17
[    0.509133] mce: Using 9 MCE banks
[    0.509140] RAS: Correctable Errors collector initialized.
[    0.509171] microcode: sig=0x306c3, pf=0x2, revision=0x27
[    0.509237] microcode: Microcode Update Driver: v2.2.
[    0.509243] sched_clock: Marking stable (509050395, 184345)->(518481728, -9246988)
[    0.509374] registered taskstats version 1
[    0.509379] Loading compiled-in X.509 certificates
[    0.511207] Loaded X.509 cert 'Build time autogenerated kernel key: eef5abc95ba7976e85b9910e96c1478675f22e58'
[    0.511219] zswap: loaded using pool lzo/zbud
[    0.513743] Key type big_key registered
[    0.514008]   Magic number: 4:768:364
[    0.514090] rtc_cmos 00:02: setting system clock to 2020-01-06 05:23:17 UTC (1578288197)
[    0.706948] Freeing unused decrypted memory: 2040K
[    0.856562] Freeing unused kernel image memory: 1612K
[    0.979365] Write protecting the kernel read-only data: 18432k
[    0.982574] Freeing unused kernel image memory: 2008K
[    0.982939] Freeing unused kernel image memory: 492K
[    1.002062] x86/mm: Checked W+X mappings: passed, no W+X pages found.
[    1.002063] x86/mm: Checking user space page tables
[    1.008000] x86/mm: Checked W+X mappings: passed, no W+X pages found.
[    1.008001] Run /init as init process
[    1.022841] fbcon: Taking over console
[    1.022935] Console: switching to colour frame buffer device 240x67
[    1.126966] ehci_hcd: USB 2.0 'Enhanced' Host Controller (EHCI) Driver
[    1.127886] ehci-pci: EHCI PCI platform driver
[    1.128057] ehci-pci 0000:00:1a.0: EHCI Host Controller
[    1.128062] ehci-pci 0000:00:1a.0: new USB bus registered, assigned bus number 1
[    1.128073] ehci-pci 0000:00:1a.0: debug port 2
[    1.131807] SCSI subsystem initialized
[    1.131983] ehci-pci 0000:00:1a.0: cache line size of 64 is not supported
[    1.131997] ehci-pci 0000:00:1a.0: irq 16, io mem 0xf7d1c000
[    1.136100] libata version 3.00 loaded.
[    1.138134] ahci 0000:00:1f.2: version 3.0
[    1.138246] ahci 0000:00:1f.2: AHCI 0001.0300 32 slots 4 ports 6 Gbps 0x12 impl SATA mode
[    1.138247] ahci 0000:00:1f.2: flags: 64bit ncq led clo pio slum part ems 
[    1.159401] ehci-pci 0000:00:1a.0: USB 2.0 started, EHCI 1.00
[    1.159532] usb usb1: New USB device found, idVendor=1d6b, idProduct=0002, bcdDevice= 4.19
[    1.159534] usb usb1: New USB device strings: Mfr=3, Product=2, SerialNumber=1
[    1.159536] usb usb1: Product: EHCI Host Controller
[    1.159538] usb usb1: Manufacturer: Linux 4.19.91-1-MANJARO ehci_hcd
[    1.159539] usb usb1: SerialNumber: 0000:00:1a.0
[    1.159739] hub 1-0:1.0: USB hub found
[    1.159756] hub 1-0:1.0: 2 ports detected
[    1.160087] xhci_hcd 0000:00:14.0: xHCI Host Controller
[    1.160093] xhci_hcd 0000:00:14.0: new USB bus registered, assigned bus number 2
[    1.160142] scsi host0: ahci
[    1.160353] scsi host1: ahci
[    1.161148] xhci_hcd 0000:00:14.0: hcc params 0x200077c1 hci version 0x100 quirks 0x0000000000009810
[    1.161154] xhci_hcd 0000:00:14.0: cache line size of 64 is not supported
[    1.161304] scsi host2: ahci
[    1.161326] usb usb2: New USB device found, idVendor=1d6b, idProduct=0002, bcdDevice= 4.19
[    1.161327] usb usb2: New USB device strings: Mfr=3, Product=2, SerialNumber=1
[    1.161328] usb usb2: Product: xHCI Host Controller
[    1.161329] usb usb2: Manufacturer: Linux 4.19.91-1-MANJARO xhci-hcd
[    1.161330] usb usb2: SerialNumber: 0000:00:14.0
[    1.161417] scsi host3: ahci
[    1.161448] hub 2-0:1.0: USB hub found
[    1.161467] hub 2-0:1.0: 10 ports detected
[    1.161521] scsi host4: ahci
[    1.161569] ata1: DUMMY
[    1.161571] ata2: SATA max UDMA/133 abar m2048@0xf7d1a000 port 0xf7d1a180 irq 26
[    1.161572] ata3: DUMMY
[    1.161573] ata4: DUMMY
[    1.161575] ata5: SATA max UDMA/133 abar m2048@0xf7d1a000 port 0xf7d1a300 irq 26
[    1.163540] ehci-pci 0000:00:1d.0: EHCI Host Controller
[    1.163546] ehci-pci 0000:00:1d.0: new USB bus registered, assigned bus number 3
[    1.163549] xhci_hcd 0000:00:14.0: xHCI Host Controller
[    1.163552] xhci_hcd 0000:00:14.0: new USB bus registered, assigned bus number 4
[    1.163554] xhci_hcd 0000:00:14.0: Host supports USB 3.0 SuperSpeed
[    1.163559] ehci-pci 0000:00:1d.0: debug port 2
[    1.163631] usb usb4: New USB device found, idVendor=1d6b, idProduct=0003, bcdDevice= 4.19
[    1.163633] usb usb4: New USB device strings: Mfr=3, Product=2, SerialNumber=1
[    1.163634] usb usb4: Product: xHCI Host Controller
[    1.163635] usb usb4: Manufacturer: Linux 4.19.91-1-MANJARO xhci-hcd
[    1.163636] usb usb4: SerialNumber: 0000:00:14.0
[    1.163742] hub 4-0:1.0: USB hub found
[    1.163754] hub 4-0:1.0: 2 ports detected
[    1.167478] ehci-pci 0000:00:1d.0: cache line size of 64 is not supported
[    1.167494] ehci-pci 0000:00:1d.0: irq 23, io mem 0xf7d1b000
[    1.189330] ehci-pci 0000:00:1d.0: USB 2.0 started, EHCI 1.00
[    1.189502] usb usb3: New USB device found, idVendor=1d6b, idProduct=0002, bcdDevice= 4.19
[    1.189505] usb usb3: New USB device strings: Mfr=3, Product=2, SerialNumber=1
[    1.189506] usb usb3: Product: EHCI Host Controller
[    1.189508] usb usb3: Manufacturer: Linux 4.19.91-1-MANJARO ehci_hcd
[    1.189509] usb usb3: SerialNumber: 0000:00:1d.0
[    1.189750] hub 3-0:1.0: USB hub found
[    1.189775] hub 3-0:1.0: 2 ports detected
[    1.501524] ata2: SATA link up 1.5 Gbps (SStatus 113 SControl 300)
[    1.501552] ata5: SATA link up 3.0 Gbps (SStatus 123 SControl 300)
[    1.503124] ata5.00: ATA-9: ST1000DM003-1CH162, CC47, max UDMA/133
[    1.503128] ata5.00: 1953525168 sectors, multi 16: LBA48 NCQ (depth 32), AA
[    1.503952] ata2.00: ATAPI: HL-DT-ST DVDRAM GH24NSB0, LN00, max UDMA/133
[    1.504566] ata5.00: configured for UDMA/133
[    1.508224] ata2.00: configured for UDMA/133
[    1.516456] scsi 1:0:0:0: CD-ROM            HL-DT-ST DVDRAM GH24NSB0  LN00 PQ: 0 ANSI: 5
[    1.529300] usb 1-1: new high-speed USB device number 2 using ehci-pci
[    1.539385] tsc: Refined TSC clocksource calibration: 3400.033 MHz
[    1.539392] clocksource: tsc: mask: 0xffffffffffffffff max_cycles: 0x31026e6b10a, max_idle_ns: 440795377550 ns
[    1.539422] clocksource: Switched to clocksource tsc
[    1.559306] usb 3-1: new high-speed USB device number 2 using ehci-pci
[    1.572452] scsi 4:0:0:0: Direct-Access     ATA      ST1000DM003-1CH1 CC47 PQ: 0 ANSI: 5
[    1.579072] sd 4:0:0:0: [sda] 1953525168 512-byte logical blocks: (1.00 TB/932 GiB)
[    1.579075] sd 4:0:0:0: [sda] 4096-byte physical blocks
[    1.579080] sd 4:0:0:0: [sda] Write Protect is off
[    1.579082] sd 4:0:0:0: [sda] Mode Sense: 00 3a 00 00
[    1.579090] sd 4:0:0:0: [sda] Write cache: enabled, read cache: enabled, doesn't support DPO or FUA
[    1.638960]  sda: sda1 sda2 sda3 sda4 sda5 sda6 sda7 sda8 sda9
[    1.639858] sd 4:0:0:0: [sda] Attached SCSI disk
[    1.693457] sr 1:0:0:0: [sr0] scsi3-mmc drive: 48x/12x writer dvd-ram cd/rw xa/form2 cdda tray
[    1.693459] cdrom: Uniform CD-ROM driver Revision: 3.20
[    1.693633] sr 1:0:0:0: Attached scsi CD-ROM sr0
[    1.729903] usb 1-1: New USB device found, idVendor=8087, idProduct=8008, bcdDevice= 0.05
[    1.729909] usb 1-1: New USB device strings: Mfr=0, Product=0, SerialNumber=0
[    1.730258] hub 1-1:1.0: USB hub found
[    1.730451] hub 1-1:1.0: 4 ports detected
[    1.779712] usb 3-1: New USB device found, idVendor=8087, idProduct=8000, bcdDevice= 0.05
[    1.779715] usb 3-1: New USB device strings: Mfr=0, Product=0, SerialNumber=0
[    1.780024] hub 3-1:1.0: USB hub found
[    1.780172] hub 3-1:1.0: 6 ports detected
[    2.205733] random: fast init done
[    2.349403] usb 4-1: new SuperSpeed Gen 1 USB device number 2 using xhci_hcd
[    2.380315] usb 4-1: New USB device found, idVendor=0bc2, idProduct=ab26, bcdDevice= 1.08
[    2.380318] usb 4-1: New USB device strings: Mfr=1, Product=2, SerialNumber=3
[    2.380319] usb 4-1: Product: BUP Slim BL
[    2.380320] usb 4-1: Manufacturer: Seagate
[    2.380321] usb 4-1: SerialNumber: NA9C8HAD
[    2.385253] usbcore: registered new interface driver usb-storage
[    2.389185] scsi host5: uas
[    2.389296] usbcore: registered new interface driver uas
[    2.389622] scsi 5:0:0:0: Direct-Access     Seagate  BUP Slim BL      0108 PQ: 0 ANSI: 6
[    2.390808] sd 5:0:0:0: [sdb] 1953525167 512-byte logical blocks: (1.00 TB/932 GiB)
[    2.390809] sd 5:0:0:0: [sdb] 4096-byte physical blocks
[    2.390966] sd 5:0:0:0: [sdb] Write Protect is off
[    2.390967] sd 5:0:0:0: [sdb] Mode Sense: 53 00 00 08
[    2.391271] sd 5:0:0:0: [sdb] Write cache: enabled, read cache: enabled, doesn't support DPO or FUA
[    2.391511] sd 5:0:0:0: [sdb] Optimal transfer size 33553920 bytes not a multiple of physical block size (4096 bytes)
[    2.393367]  sdb: sdb1
[    2.394583] sd 5:0:0:0: [sdb] Attached SCSI disk
[    2.529299] usb 2-2: new full-speed USB device number 3 using xhci_hcd
[    2.711675] usb 2-2: New USB device found, idVendor=1ea7, idProduct=0064, bcdDevice= 2.00
[    2.711677] usb 2-2: New USB device strings: Mfr=0, Product=1, SerialNumber=0
[    2.711679] usb 2-2: Product: 2.4G Mouse
[    2.717270] hidraw: raw HID events driver (C) Jiri Kosina
[    2.722114] usbcore: registered new interface driver usbhid
[    2.722115] usbhid: USB HID core driver
[    2.724432] input: 2.4G Mouse as /devices/pci0000:00/0000:00:14.0/usb2/2-2/2-2:1.0/0003:1EA7:0064.0001/input/input2
[    2.724465] input: 2.4G Mouse Mouse as /devices/pci0000:00/0000:00:14.0/usb2/2-2/2-2:1.0/0003:1EA7:0064.0001/input/input3
[    2.724616] hid-generic 0003:1EA7:0064.0001: input,hiddev0,hidraw0: USB HID v1.10 Mouse [2.4G Mouse] on usb-0000:00:14.0-2/input0
[    2.869339] usb 2-3: new full-speed USB device number 4 using xhci_hcd
[    2.979907] EXT4-fs (sda7): mounted filesystem with ordered data mode. Opts: (null)
[    3.075834] usb 2-3: New USB device found, idVendor=04d9, idProduct=a070, bcdDevice= 2.40
[    3.075847] usb 2-3: New USB device strings: Mfr=1, Product=2, SerialNumber=0
[    3.075849] usb 2-3: Product: USB Gaming Mouse
[    3.075850] usb 2-3: Manufacturer: Holtek
[    3.229328] usb 2-4: new full-speed USB device number 5 using xhci_hcd
[    3.411603] usb 2-4: New USB device found, idVendor=0c45, idProduct=672e, bcdDevice= 1.00
[    3.411607] usb 2-4: New USB device strings: Mfr=1, Product=2, SerialNumber=0
[    3.411609] usb 2-4: Product: USB DEVICE
[    3.411611] usb 2-4: Manufacturer: SONiX
[    3.414059] input: SONiX USB DEVICE as /devices/pci0000:00/0000:00:14.0/usb2/2-4/2-4:1.0/0003:0C45:672E.0005/input/input4
[    3.479401] hid-generic 0003:0C45:672E.0005: input,hidraw1: USB HID v1.11 Keyboard [SONiX USB DEVICE] on usb-0000:00:14.0-4/input0
[    3.481620] input: SONiX USB DEVICE Keyboard as /devices/pci0000:00/0000:00:14.0/usb2/2-4/2-4:1.1/0003:0C45:672E.0006/input/input5
[    3.549377] input: SONiX USB DEVICE Wireless Radio Control as /devices/pci0000:00/0000:00:14.0/usb2/2-4/2-4:1.1/0003:0C45:672E.0006/input/input6
[    3.549443] input: SONiX USB DEVICE Consumer Control as /devices/pci0000:00/0000:00:14.0/usb2/2-4/2-4:1.1/0003:0C45:672E.0006/input/input7
[    3.549477] input: SONiX USB DEVICE as /devices/pci0000:00/0000:00:14.0/usb2/2-4/2-4:1.1/0003:0C45:672E.0006/input/input8
[    3.549819] hid-generic 0003:0C45:672E.0006: input,hiddev1,hidraw2: USB HID v1.11 Keyboard [SONiX USB DEVICE] on usb-0000:00:14.0-4/input1
[    3.699329] usb 2-7: new high-speed USB device number 6 using xhci_hcd
[    3.886050] usb 2-7: New USB device found, idVendor=0846, idProduct=4260, bcdDevice= 2.00
[    3.886054] usb 2-7: New USB device strings: Mfr=1, Product=2, SerialNumber=3
[    3.886056] usb 2-7: Product: NETGEAR WG111v3
[    3.886058] usb 2-7: Manufacturer: Manufacturer_NETGEAR
[    3.886059] usb 2-7: SerialNumber: 001E2ABD0244
[    4.258141] systemd[1]: systemd 242.153-2-manjaro running in system mode. (+PAM +AUDIT -SELINUX -IMA -APPARMOR +SMACK -SYSVINIT +UTMP +LIBCRYPTSETUP +GCRYPT +GNUTLS +ACL +XZ +LZ4 +SECCOMP +BLKID +ELFUTILS +KMOD +IDN2 -IDN +PCRE2 default-hierarchy=hybrid)
[    4.279447] systemd[1]: Detected architecture x86-64.
[    4.309556] systemd[1]: Set hostname to <LINUXPC>.
[    6.781339] systemd[1]: /etc/systemd/system/teamviewerd.service:9: PIDFile= references a path below legacy directory /var/run/, updating /var/run/teamviewerd.pid â†’ /run/teamviewerd.pid; please update the unit file accordingly.
[    6.869770] systemd[1]: Reached target Login Prompts.
[    6.869895] systemd[1]: Started Forward Password Requests to Wall Directory Watch.
[    6.871518] systemd[1]: Created slice system-systemd\x2dfsck.slice.
[    6.871722] systemd[1]: Created slice system-getty.slice.
[    6.871838] systemd[1]: Listening on udev Control Socket.
[    6.877843] systemd[1]: Listening on LVM2 poll daemon socket.
[    6.919556] EXT4-fs (sda7): re-mounted. Opts: (null)
[    7.145470] random: systemd-random-: uninitialized urandom read (512 bytes read)
[    7.279981] audit: type=1130 audit(1578288204.255:2): pid=1 uid=0 auid=4294967295 ses=4294967295 msg='unit=systemd-journald comm="systemd" exe="/usr/lib/systemd/systemd" hostname=? addr=? terminal=? res=success'
[    7.290801] random: lvm: uninitialized urandom read (4 bytes read)
[    7.292571] audit: type=1130 audit(1578288204.265:3): pid=1 uid=0 auid=4294967295 ses=4294967295 msg='unit=lvm2-lvmetad comm="systemd" exe="/usr/lib/systemd/systemd" hostname=? addr=? terminal=? res=success'
[    7.349229] systemd-journald[275]: Received request to flush runtime journal from PID 1
[    7.720801] sr 1:0:0:0: Attached scsi generic sg0 type 5
[    7.720822] sd 4:0:0:0: Attached scsi generic sg1 type 0
[    7.720846] sd 5:0:0:0: Attached scsi generic sg2 type 0
[    7.768137] audit: type=1130 audit(1578288204.735:4): pid=1 uid=0 auid=4294967295 ses=4294967295 msg='unit=systemd-tmpfiles-setup-dev comm="systemd" exe="/usr/lib/systemd/systemd" hostname=? addr=? terminal=? res=success'
[    8.779666] audit: type=1130 audit(1578288205.755:5): pid=1 uid=0 auid=4294967295 ses=4294967295 msg='unit=systemd-modules-load comm="systemd" exe="/usr/lib/systemd/systemd" hostname=? addr=? terminal=? res=success'
[    9.019287] audit: type=1130 audit(1578288205.985:6): pid=1 uid=0 auid=4294967295 ses=4294967295 msg='unit=systemd-sysctl comm="systemd" exe="/usr/lib/systemd/systemd" hostname=? addr=? terminal=? res=success'
[    9.208151] audit: type=1130 audit(1578288206.175:7): pid=1 uid=0 auid=4294967295 ses=4294967295 msg='unit=systemd-vconsole-setup comm="systemd" exe="/usr/lib/systemd/systemd" hostname=? addr=? terminal=? res=success'
[    9.208153] audit: type=1131 audit(1578288206.175:8): pid=1 uid=0 auid=4294967295 ses=4294967295 msg='unit=systemd-vconsole-setup comm="systemd" exe="/usr/lib/systemd/systemd" hostname=? addr=? terminal=? res=success'
[   10.068839] audit: type=1130 audit(1578288207.035:9): pid=1 uid=0 auid=4294967295 ses=4294967295 msg='unit=systemd-udevd comm="systemd" exe="/usr/lib/systemd/systemd" hostname=? addr=? terminal=? res=success'
[   10.302676] audit: type=1130 audit(1578288207.275:10): pid=1 uid=0 auid=4294967295 ses=4294967295 msg='unit=plymouth-start comm="systemd" exe="/usr/lib/systemd/systemd" hostname=? addr=? terminal=? res=success'
[   10.302678] audit: type=1131 audit(1578288207.275:11): pid=1 uid=0 auid=4294967295 ses=4294967295 msg='unit=plymouth-start comm="systemd" exe="/usr/lib/systemd/systemd" hostname=? addr=? terminal=? res=success'
[   10.441139] input: PC Speaker as /devices/platform/pcspkr/input/input9
[   10.518870] ACPI Warning: SystemIO range 0x0000000000001828-0x000000000000182F conflicts with OpRegion 0x0000000000001800-0x000000000000187F (\PMIO) (20180810/utaddress-204)
[   10.518873] ACPI: If an ACPI driver is available for this device, you should use it instead of the native driver
[   10.518875] ACPI Warning: SystemIO range 0x0000000000001C40-0x0000000000001C4F conflicts with OpRegion 0x0000000000001C00-0x0000000000001FFF (\GPR) (20180810/utaddress-204)
[   10.518877] ACPI: If an ACPI driver is available for this device, you should use it instead of the native driver
[   10.518877] ACPI Warning: SystemIO range 0x0000000000001C30-0x0000000000001C3F conflicts with OpRegion 0x0000000000001C00-0x0000000000001C3F (\GPRL) (20180810/utaddress-204)
[   10.518879] ACPI Warning: SystemIO range 0x0000000000001C30-0x0000000000001C3F conflicts with OpRegion 0x0000000000001C00-0x0000000000001FFF (\GPR) (20180810/utaddress-204)
[   10.518880] ACPI: If an ACPI driver is available for this device, you should use it instead of the native driver
[   10.518880] ACPI Warning: SystemIO range 0x0000000000001C00-0x0000000000001C2F conflicts with OpRegion 0x0000000000001C00-0x0000000000001C3F (\GPRL) (20180810/utaddress-204)
[   10.518882] ACPI Warning: SystemIO range 0x0000000000001C00-0x0000000000001C2F conflicts with OpRegion 0x0000000000001C00-0x0000000000001FFF (\GPR) (20180810/utaddress-204)
[   10.518883] ACPI: If an ACPI driver is available for this device, you should use it instead of the native driver
[   10.518883] lpc_ich: Resource conflict(s) found affecting gpio_ich
[   10.577502] RAPL PMU: API unit is 2^-32 Joules, 4 fixed counters, 655360 ms ovfl timer
[   10.577503] RAPL PMU: hw unit of domain pp0-core 2^-14 Joules
[   10.577503] RAPL PMU: hw unit of domain package 2^-14 Joules
[   10.577504] RAPL PMU: hw unit of domain dram 2^-14 Joules
[   10.577504] RAPL PMU: hw unit of domain pp1-gpu 2^-14 Joules
[   10.601051] i801_smbus 0000:00:1f.3: SPD Write Disable is set
[   10.601075] i801_smbus 0000:00:1f.3: SMBus using PCI interrupt
[   10.620586] iTCO_vendor_support: vendor-support=0
[   10.622287] iTCO_wdt: Intel TCO WatchDog Timer Driver v1.11
[   10.622323] iTCO_wdt: Found a Lynx Point TCO device (Version=2, TCOBASE=0x1860)
[   10.622385] iTCO_wdt: initialized. heartbeat=30 sec (nowayout=0)
[   10.890171] cryptd: max_cpu_qlen set to 1000
[   10.955535] intel-spi intel-spi: s25fl064k (8192 Kbytes)
[   10.964880] AVX2 version of gcm_enc/dec engaged.
[   10.964882] AES CTR mode by8 optimization enabled
[   11.095703] Creating 1 MTD partitions on "intel-spi":
[   11.095705] 0x000000000000-0x000000800000 : "BIOS"
[   11.260206] r8169 0000:02:00.0: can't disable ASPM; OS doesn't have ASPM control
[   11.260797] Linux agpgart interface v0.103
[   11.291804] libphy: r8169: probed
[   11.292084] r8169 0000:02:00.0 eth0: RTL8168g/8111g, 00:d8:61:15:92:cd, XID 4c000800, IRQ 29
[   11.292086] r8169 0000:02:00.0 eth0: jumbo features [frames: 9200 bytes, tx checksumming: ko]
[   11.376897] r8169 0000:02:00.0 enp2s0: renamed from eth0
[   11.484729] snd_hda_intel 0000:00:03.0: enabling device (0000 -> 0002)
[   11.484838] snd_hda_intel 0000:00:1b.0: enabling device (0000 -> 0002)
[   11.677621] snd_hda_codec_realtek hdaudioC1D0: autoconfig for ALC887-VD: line_outs=1 (0x14/0x0/0x0/0x0/0x0) type:line
[   11.677623] snd_hda_codec_realtek hdaudioC1D0:    speaker_outs=0 (0x0/0x0/0x0/0x0/0x0)
[   11.677625] snd_hda_codec_realtek hdaudioC1D0:    hp_outs=1 (0x1b/0x0/0x0/0x0/0x0)
[   11.677626] snd_hda_codec_realtek hdaudioC1D0:    mono: mono_out=0x0
[   11.677626] snd_hda_codec_realtek hdaudioC1D0:    inputs:
[   11.677628] snd_hda_codec_realtek hdaudioC1D0:      Front Mic=0x19
[   11.677629] snd_hda_codec_realtek hdaudioC1D0:      Rear Mic=0x18
[   11.677631] snd_hda_codec_realtek hdaudioC1D0:      Line=0x1a
[   11.690292] input: HDA Intel PCH Front Mic as /devices/pci0000:00/0000:00:1b.0/sound/card1/input10
[   11.690342] input: HDA Intel PCH Rear Mic as /devices/pci0000:00/0000:00:1b.0/sound/card1/input11
[   11.690387] input: HDA Intel PCH Line as /devices/pci0000:00/0000:00:1b.0/sound/card1/input12
[   11.690445] input: HDA Intel PCH Line Out as /devices/pci0000:00/0000:00:1b.0/sound/card1/input13
[   11.690487] input: HDA Intel PCH Front Headphone as /devices/pci0000:00/0000:00:1b.0/sound/card1/input14
[   11.889906] mousedev: PS/2 mouse device common for all mice
[   12.099648] input: Holtek USB Gaming Mouse as /devices/pci0000:00/0000:00:14.0/usb2/2-3/2-3:1.0/0003:04D9:A070.0002/input/input15
[   12.100678] VFIO - User Level meta-driver version: 0.3
[   12.169616] holtek_mouse 0003:04D9:A070.0002: input,hidraw3: USB HID v1.10 Keyboard [Holtek USB Gaming Mouse] on usb-0000:00:14.0-3/input0
[   12.169915] input: Holtek USB Gaming Mouse as /devices/pci0000:00/0000:00:14.0/usb2/2-3/2-3:1.1/0003:04D9:A070.0003/input/input16
[   12.239735] holtek_mouse 0003:04D9:A070.0003: input,hiddev2,hidraw4: USB HID v1.10 Mouse [Holtek USB Gaming Mouse] on usb-0000:00:14.0-3/input1
[   12.239873] holtek_mouse 0003:04D9:A070.0004: hiddev3,hidraw5: USB HID v1.10 Device [Holtek USB Gaming Mouse] on usb-0000:00:14.0-3/input2
[   12.290552] audit: type=1130 audit(1578288209.265:12): pid=1 uid=0 auid=4294967295 ses=4294967295 msg='unit=systemd-vconsole-setup comm="systemd" exe="/usr/lib/systemd/systemd" hostname=? addr=? terminal=? res=success'
[   12.290558] audit: type=1131 audit(1578288209.265:13): pid=1 uid=0 auid=4294967295 ses=4294967295 msg='unit=systemd-vconsole-setup comm="systemd" exe="/usr/lib/systemd/systemd" hostname=? addr=? terminal=? res=success'
[   12.304275] audit: type=1130 audit(1578288209.275:14): pid=1 uid=0 auid=4294967295 ses=4294967295 msg='unit=plymouth-start comm="systemd" exe="/usr/lib/systemd/systemd" hostname=? addr=? terminal=? res=success'
[   12.304285] audit: type=1131 audit(1578288209.275:15): pid=1 uid=0 auid=4294967295 ses=4294967295 msg='unit=plymouth-start comm="systemd" exe="/usr/lib/systemd/systemd" hostname=? addr=? terminal=? res=success'
[   12.398881] cfg80211: Loading compiled-in X.509 certificates for regulatory database
[   12.400888] cfg80211: Loaded X.509 cert 'sforshee: 00b28ddf47aef9cea7'
[   12.589648] intel_rapl: Found RAPL domain package
[   12.589649] intel_rapl: Found RAPL domain core
[   12.589650] intel_rapl: Found RAPL domain uncore
[   12.589650] intel_rapl: Found RAPL domain dram
[   12.599671] Adding 15010812k swap on /dev/sda9.  Priority:-2 extents:1 across:15010812k FS
[   12.678451] [drm] PipeC fused off
[   12.678467] checking generic (e0000000 7f0000) vs hw (e0000000 10000000)
[   12.678468] fb: switching to inteldrmfb from EFI VGA
[   12.678487] Console: switching to colour dummy device 80x25
[   12.678544] [drm] Replacing VGA console driver
[   12.679214] [drm] Supports vblank timestamp caching Rev 2 (21.10.2013).
[   12.679215] [drm] Driver supports precise vblank timestamp query.
[   12.679527] i915 0000:00:02.0: vgaarb: changed VGA decodes: olddecodes=io+mem,decodes=io+mem:owns=io+mem
[   12.684905] [drm] Initialized i915 1.6.0 20180719 for 0000:00:02.0 on minor 0
[   12.686433] ACPI: Video Device [GFX0] (multi-head: yes  rom: no  post: no)
[   12.686640] input: Video Bus as /devices/LNXSYSTM:00/LNXSYBUS:00/PNP0A08:00/LNXVIDEO:00/input/input17
[   12.686746] snd_hda_intel 0000:00:03.0: bound 0000:00:02.0 (ops i915_audio_component_bind_ops [i915])
[   12.724047] fbcon: inteldrmfb (fb0) is primary device
[   12.748714] Console: switching to colour frame buffer device 240x67
[   12.770394] i915 0000:00:02.0: fb0: inteldrmfb frame buffer device
[   12.869528] random: crng init done
[   13.143440] input: HDA Intel HDMI HDMI/DP,pcm=3 as /devices/pci0000:00/0000:00:03.0/sound/card0/input18
[   13.143513] input: HDA Intel HDMI HDMI/DP,pcm=7 as /devices/pci0000:00/0000:00:03.0/sound/card0/input19
[   13.143576] input: HDA Intel HDMI HDMI/DP,pcm=8 as /devices/pci0000:00/0000:00:03.0/sound/card0/input20
[   13.165294] audit: type=1130 audit(1578288210.135:16): pid=1 uid=0 auid=4294967295 ses=4294967295 msg='unit=systemd-vconsole-setup comm="systemd" exe="/usr/lib/systemd/systemd" hostname=? addr=? terminal=? res=success'
[   13.165296] audit: type=1131 audit(1578288210.135:17): pid=1 uid=0 auid=4294967295 ses=4294967295 msg='unit=systemd-vconsole-setup comm="systemd" exe="/usr/lib/systemd/systemd" hostname=? addr=? terminal=? res=success'
[   13.172877] ieee80211 phy0: Selected rate control algorithm 'minstrel_ht'
[   13.173064] ieee80211 phy0: hwaddr 00:1e:2a:bd:02:44, RTL8187BvE V0 + rtl8225z2, rfkill mask 2
[   13.179979] audit: type=1130 audit(1578288210.155:18): pid=1 uid=0 auid=4294967295 ses=4294967295 msg='unit=plymouth-start comm="systemd" exe="/usr/lib/systemd/systemd" hostname=? addr=? terminal=? res=success'
[   13.179988] audit: type=1131 audit(1578288210.155:19): pid=1 uid=0 auid=4294967295 ses=4294967295 msg='unit=plymouth-start comm="systemd" exe="/usr/lib/systemd/systemd" hostname=? addr=? terminal=? res=success'
[   13.184945] rtl8187: Customer ID is 0x00
[   13.185416] rtl8187: wireless switch is on
[   13.185448] usbcore: registered new interface driver rtl8187
[   13.201161] rtl8187 2-7:1.0 wlp0s20u7: renamed from wlan0
[   13.298718] audit: type=1130 audit(1578288210.265:20): pid=1 uid=0 auid=4294967295 ses=4294967295 msg='unit=systemd-rfkill comm="systemd" exe="/usr/lib/systemd/systemd" hostname=? addr=? terminal=? res=success'
[   14.920537] audit: type=1130 audit(1578288211.895:21): pid=1 uid=0 auid=4294967295 ses=4294967295 msg='unit=lvm2-monitor comm="systemd" exe="/usr/lib/systemd/systemd" hostname=? addr=? terminal=? res=success'
[   16.536912] loop: module loaded
[   17.159464] squashfs: version 4.0 (2009/01/31) Phillip Lougher
[   18.304715] audit: type=1131 audit(1578288215.285:22): pid=1 uid=0 auid=4294967295 ses=4294967295 msg='unit=systemd-rfkill comm="systemd" exe="/usr/lib/systemd/systemd" hostname=? addr=? terminal=? res=success'
[   20.645640] audit: type=1130 audit(1578288217.615:23): pid=1 uid=0 auid=4294967295 ses=4294967295 msg='unit=systemd-fsck@dev-disk-by\x2duuid-3ddab7f7\x2d1786\x2d4467\x2d82c8\x2d81a381beba1a comm="systemd" exe="/usr/lib/systemd/systemd" hostname=? addr=? terminal=? res=success'
[   21.135580] EXT4-fs (sda8): mounted filesystem with ordered data mode. Opts: (null)
[   21.757355] audit: type=1130 audit(1578288218.725:24): pid=1 uid=0 auid=4294967295 ses=4294967295 msg='unit=systemd-journal-flush comm="systemd" exe="/usr/lib/systemd/systemd" hostname=? addr=? terminal=? res=success'
[   22.361652] audit: type=1130 audit(1578288219.335:25): pid=1 uid=0 auid=4294967295 ses=4294967295 msg='unit=systemd-fsck@dev-disk-by\x2duuid-906C\x2dEF72 comm="systemd" exe="/usr/lib/systemd/systemd" hostname=? addr=? terminal=? res=success'
[   22.674547] audit: type=1130 audit(1578288219.645:26): pid=1 uid=0 auid=4294967295 ses=4294967295 msg='unit=plymouth-read-write comm="systemd" exe="/usr/lib/systemd/systemd" hostname=? addr=? terminal=? res=success'
[   22.674550] audit: type=1131 audit(1578288219.645:27): pid=1 uid=0 auid=4294967295 ses=4294967295 msg='unit=plymouth-read-write comm="systemd" exe="/usr/lib/systemd/systemd" hostname=? addr=? terminal=? res=success'
[   22.776283] audit: type=1130 audit(1578288219.745:28): pid=1 uid=0 auid=4294967295 ses=4294967295 msg='unit=systemd-tmpfiles-setup comm="systemd" exe="/usr/lib/systemd/systemd" hostname=? addr=? terminal=? res=success'
[   22.788146] audit: type=1127 audit(1578288219.755:29): pid=549 uid=0 auid=4294967295 ses=4294967295 msg=' comm="systemd-update-utmp" exe="/usr/lib/systemd/systemd-update-utmp" hostname=? addr=? terminal=? res=success'
[   22.819241] audit: type=1130 audit(1578288219.785:30): pid=1 uid=0 auid=4294967295 ses=4294967295 msg='unit=systemd-update-utmp comm="systemd" exe="/usr/lib/systemd/systemd" hostname=? addr=? terminal=? res=success'
[   23.427713] audit: type=1130 audit(1578288220.395:31): pid=1 uid=0 auid=4294967295 ses=4294967295 msg='unit=systemd-timesyncd comm="systemd" exe="/usr/lib/systemd/systemd" hostname=? addr=? terminal=? res=success'
[   23.626063] audit: type=1130 audit(1578288220.595:32): pid=1 uid=0 auid=4294967295 ses=4294967295 msg='unit=shadow comm="systemd" exe="/usr/lib/systemd/systemd" hostname=? addr=? terminal=? res=success'
[   23.629024] audit: type=1130 audit(1578288220.595:33): pid=1 uid=0 auid=4294967295 ses=4294967295 msg='unit=cronie comm="systemd" exe="/usr/lib/systemd/systemd" hostname=? addr=? terminal=? res=success'
[   23.632555] audit: type=1130 audit(1578288220.605:34): pid=1 uid=0 auid=4294967295 ses=4294967295 msg='unit=dbus comm="systemd" exe="/usr/lib/systemd/systemd" hostname=? addr=? terminal=? res=success'
[   23.636422] audit: type=1130 audit(1578288220.605:35): pid=1 uid=0 auid=4294967295 ses=4294967295 msg='unit=alsa-restore comm="systemd" exe="/usr/lib/systemd/systemd" hostname=? addr=? terminal=? res=success'
[   23.753327] nct6775: Found NCT6779D or compatible chip at 0x4e:0xa00
[   26.212930] audit: type=1130 audit(1578288223.185:36): pid=1 uid=0 auid=4294967295 ses=4294967295 msg='unit=logrotate comm="systemd" exe="/usr/lib/systemd/systemd" hostname=? addr=? terminal=? res=success'
[   26.212945] audit: type=1131 audit(1578288223.185:37): pid=1 uid=0 auid=4294967295 ses=4294967295 msg='unit=logrotate comm="systemd" exe="/usr/lib/systemd/systemd" hostname=? addr=? terminal=? res=success'
[   26.213904] audit: type=1131 audit(1578288223.185:38): pid=1 uid=0 auid=4294967295 ses=4294967295 msg='unit=shadow comm="systemd" exe="/usr/lib/systemd/systemd" hostname=? addr=? terminal=? res=success'
[   26.215658] audit: type=1130 audit(1578288223.185:39): pid=1 uid=0 auid=4294967295 ses=4294967295 msg='unit=systemd-logind comm="systemd" exe="/usr/lib/systemd/systemd" hostname=? addr=? terminal=? res=success'
[   26.217076] audit: type=1130 audit(1578288223.185:40): pid=1 uid=0 auid=4294967295 ses=4294967295 msg='unit=NetworkManager comm="systemd" exe="/usr/lib/systemd/systemd" hostname=? addr=? terminal=? res=success'
[   28.497193] kauditd_printk_skb: 9 callbacks suppressed
[   28.497195] audit: type=1130 audit(1578288225.465:50): pid=1 uid=0 auid=4294967295 ses=4294967295 msg='unit=NetworkManager-dispatcher comm="systemd" exe="/usr/lib/systemd/systemd" hostname=? addr=? terminal=? res=success'
[   28.807598] audit: type=1130 audit(1578288225.775:51): pid=1 uid=0 auid=4294967295 ses=4294967295 msg='unit=org.cups.cupsd comm="systemd" exe="/usr/lib/systemd/systemd" hostname=? addr=? terminal=? res=success'
[   28.906437] IPv6: ADDRCONF(NETDEV_UP): enp2s0: link is not ready
[   28.979985] Generic PHY r8169-200:00: attached PHY driver [Generic PHY] (mii_bus:phy_addr=r8169-200:00, irq=IGNORE)
[   29.161489] IPv6: ADDRCONF(NETDEV_UP): enp2s0: link is not ready
[   29.165877] IPv6: ADDRCONF(NETDEV_UP): wlp0s20u7: link is not ready
[   29.330764] audit: type=1130 audit(1578288226.305:52): pid=1 uid=0 auid=4294967295 ses=4294967295 msg='unit=polkit comm="systemd" exe="/usr/lib/systemd/systemd" hostname=? addr=? terminal=? res=success'
[   30.709022] audit: type=1130 audit(1578288227.675:53): pid=1 uid=0 auid=4294967295 ses=4294967295 msg='unit=ModemManager comm="systemd" exe="/usr/lib/systemd/systemd" hostname=? addr=? terminal=? res=success'
[   31.530272] IPv6: ADDRCONF(NETDEV_UP): wlp0s20u7: link is not ready
[   33.910484] IPv6: ADDRCONF(NETDEV_UP): wlp0s20u7: link is not ready
[   34.855545] audit: type=1130 audit(1578288231.825:54): pid=1 uid=0 auid=4294967295 ses=4294967295 msg='unit=wpa_supplicant comm="systemd" exe="/usr/lib/systemd/systemd" hostname=? addr=? terminal=? res=success'
[   35.203302] IPv6: ADDRCONF(NETDEV_UP): wlp0s20u7: link is not ready
[   36.591108] audit: type=1100 audit(1578288233.565:55): pid=627 uid=0 auid=4294967295 ses=4294967295 msg='op=PAM:authentication grantors=pam_tally,pam_shells,pam_permit,pam_gnome_keyring acct="v_dev" exe="/usr/lib/sddm/sddm-helper" hostname=? addr=? terminal=? res=success'
[   36.939640] audit: type=1101 audit(1578288233.915:56): pid=627 uid=0 auid=4294967295 ses=4294967295 msg='op=PAM:accounting grantors=pam_tally2,pam_access,pam_unix,pam_permit,pam_time acct="v_dev" exe="/usr/lib/sddm/sddm-helper" hostname=? addr=? terminal=? res=success'
[   36.954672] audit: type=1103 audit(1578288233.925:57): pid=627 uid=0 auid=4294967295 ses=4294967295 msg='op=PAM:setcred grantors=pam_tally,pam_shells,pam_permit,pam_gnome_keyring acct="v_dev" exe="/usr/lib/sddm/sddm-helper" hostname=? addr=? terminal=? res=success'
[   36.954821] audit: type=1006 audit(1578288233.925:58): pid=627 uid=0 old-auid=4294967295 auid=1000 tty=(none) old-ses=4294967295 ses=1 res=1
[   37.344090] audit: type=1130 audit(1578288234.315:59): pid=1 uid=0 auid=4294967295 ses=4294967295 msg='unit=user-runtime-dir@1000 comm="systemd" exe="/usr/lib/systemd/systemd" hostname=? addr=? terminal=? res=success'
[   37.357507] audit: type=1101 audit(1578288234.325:60): pid=633 uid=0 auid=4294967295 ses=4294967295 msg='op=PAM:accounting grantors=pam_tally2,pam_access,pam_unix,pam_permit,pam_time acct="v_dev" exe="/usr/lib/systemd/systemd" hostname=? addr=? terminal=? res=success'
[   37.357548] audit: type=1006 audit(1578288234.325:61): pid=633 uid=0 old-auid=4294967295 auid=1000 tty=(none) old-ses=4294967295 ses=2 res=1
[   37.359604] audit: type=1105 audit(1578288234.335:62): pid=633 uid=0 auid=1000 ses=2 msg='op=PAM:session_open grantors=pam_loginuid,pam_loginuid,pam_keyinit,pam_limits,pam_unix,pam_permit,pam_mail,pam_systemd,pam_env acct="v_dev" exe="/usr/lib/systemd/systemd" hostname=? addr=? terminal=? res=success'
[   39.662903] audit: type=1130 audit(1578288236.635:63): pid=1 uid=0 auid=4294967295 ses=4294967295 msg='unit=user@1000 comm="systemd" exe="/usr/lib/systemd/systemd" hostname=? addr=? terminal=? res=success'
[   40.289716] audit: type=1105 audit(1578288237.265:64): pid=627 uid=0 auid=1000 ses=1 msg='op=PAM:session_open grantors=pam_loginuid,pam_keyinit,pam_limits,pam_unix,pam_permit,pam_mail,pam_systemd,pam_env,pam_gnome_keyring,pam_kwallet5 acct="v_dev" exe="/usr/lib/sddm/sddm-helper" hostname=? addr=? terminal=:0 res=success'
[   40.970349] IPv6: ADDRCONF(NETDEV_UP): wlp0s20u7: link is not ready
[   44.159228] audit: type=1131 audit(1578288241.125:65): pid=1 uid=0 auid=4294967295 ses=4294967295 msg='unit=NetworkManager-dispatcher comm="systemd" exe="/usr/lib/systemd/systemd" hostname=? addr=? terminal=? res=success'
[   44.249723] wlp0s20u7: authenticate with 34:e8:94:92:ef:6c
[   44.761370] wlp0s20u7: send auth to 34:e8:94:92:ef:6c (try 1/3)
[   44.969325] wlp0s20u7: send auth to 34:e8:94:92:ef:6c (try 2/3)
[   45.179305] wlp0s20u7: send auth to 34:e8:94:92:ef:6c (try 3/3)
[   45.184745] wlp0s20u7: authenticated
[   45.189305] wlp0s20u7: associate with 34:e8:94:92:ef:6c (try 1/3)
[   45.399304] wlp0s20u7: associate with 34:e8:94:92:ef:6c (try 2/3)
[   45.609304] wlp0s20u7: associate with 34:e8:94:92:ef:6c (try 3/3)
[   45.819301] wlp0s20u7: association with 34:e8:94:92:ef:6c timed out
[   49.249632] wlp0s20u7: authenticate with 34:e8:94:92:ef:6c
[   49.751789] wlp0s20u7: send auth to 34:e8:94:92:ef:6c (try 1/3)
[   49.755720] wlp0s20u7: authenticated
[   49.759315] wlp0s20u7: associate with 34:e8:94:92:ef:6c (try 1/3)
[   49.765379] wlp0s20u7: RX AssocResp from 34:e8:94:92:ef:6c (capab=0x411 status=0 aid=2)
[   49.767418] wlp0s20u7: associated
[   49.914866] IPv6: ADDRCONF(NETDEV_CHANGE): wlp0s20u7: link becomes ready
[   50.399829] audit: type=1130 audit(1578288247.375:66): pid=1 uid=0 auid=4294967295 ses=4294967295 msg='unit=NetworkManager-dispatcher comm="systemd" exe="/usr/lib/systemd/systemd" hostname=? addr=? terminal=? res=success'
[   52.301921] audit: type=1130 audit(1578288249.275:67): pid=1 uid=0 auid=4294967295 ses=4294967295 msg='unit=NetworkManager-wait-online comm="systemd" exe="/usr/lib/systemd/systemd" hostname=? addr=? terminal=? res=success'
[   52.479905] audit: type=1131 audit(1578288249.455:68): pid=1 uid=0 auid=4294967295 ses=4294967295 msg='unit=systemd-timesyncd comm="systemd" exe="/usr/lib/systemd/systemd" hostname=? addr=? terminal=? res=success'
[   53.901685] audit: type=1130 audit(1578288250.875:69): pid=1 uid=0 auid=4294967295 ses=4294967295 msg='unit=ntpd comm="systemd" exe="/usr/lib/systemd/systemd" hostname=? addr=? terminal=? res=success'
[   55.506816] audit: type=1130 audit(1578288252.475:70): pid=1 uid=0 auid=4294967295 ses=4294967295 msg='unit=man-db comm="systemd" exe="/usr/lib/systemd/systemd" hostname=? addr=? terminal=? res=success'
[   55.506830] audit: type=1131 audit(1578288252.475:71): pid=1 uid=0 auid=4294967295 ses=4294967295 msg='unit=man-db comm="systemd" exe="/usr/lib/systemd/systemd" hostname=? addr=? terminal=? res=success'
[   55.879452] audit: type=1130 audit(1578288252.855:72): pid=1 uid=0 auid=4294967295 ses=4294967295 msg='unit=teamviewerd comm="systemd" exe="/usr/lib/systemd/systemd" hostname=? addr=? terminal=? res=success'
[   57.240879] audit: type=1131 audit(1578288254.215:73): pid=1 uid=0 auid=4294967295 ses=4294967295 msg='unit=systemd-hostnamed comm="systemd" exe="/usr/lib/systemd/systemd" hostname=? addr=? terminal=? res=success'
[   59.394196] audit: type=1130 audit(1578288256.365:74): pid=1 uid=0 auid=4294967295 ses=4294967295 msg='unit=tlp comm="systemd" exe="/usr/lib/systemd/systemd" hostname=? addr=? terminal=? res=success'
[   64.012146] audit: type=1131 audit(1578288260.985:75): pid=1 uid=0 auid=4294967295 ses=4294967295 msg='unit=NetworkManager-dispatcher comm="systemd" exe="/usr/lib/systemd/systemd" hostname=? addr=? terminal=? res=success'
[   77.775744] audit: type=1130 audit(1578288274.745:76): pid=1 uid=0 auid=4294967295 ses=4294967295 msg='unit=udisks2 comm="systemd" exe="/usr/lib/systemd/systemd" hostname=? addr=? terminal=? res=success'
[   79.441475] audit: type=1130 audit(1578288276.415:77): pid=1 uid=0 auid=4294967295 ses=4294967295 msg='unit=upower comm="systemd" exe="/usr/lib/systemd/systemd" hostname=? addr=? terminal=? res=success'
[   80.199506] audit: type=1130 audit(1578288277.175:78): pid=1 uid=0 auid=4294967295 ses=4294967295 msg='unit=rtkit-daemon comm="systemd" exe="/usr/lib/systemd/systemd" hostname=? addr=? terminal=? res=success'
[   83.561890] fuse init (API version 7.27)
[  119.004834] IPv6: ADDRCONF(NETDEV_UP): wlp0s20u7: link is not ready
[  119.011168] audit: type=1130 audit(1578288315.985:79): pid=1 uid=0 auid=4294967295 ses=4294967295 msg='unit=NetworkManager-dispatcher comm="systemd" exe="/usr/lib/systemd/systemd" hostname=? addr=? terminal=? res=success'
[  119.069804] audit: type=1131 audit(1578288316.045:80): pid=1 uid=0 auid=4294967295 ses=4294967295 msg='unit=ntpd comm="systemd" exe="/usr/lib/systemd/systemd" hostname=? addr=? terminal=? res=success'
[  121.419916] IPv6: ADDRCONF(NETDEV_UP): wlp0s20u7: link is not ready
[  129.020971] audit: type=1130 audit(1578288325.995:81): pid=1 uid=0 auid=4294967295 ses=4294967295 msg='unit=snapd comm="systemd" exe="/usr/lib/systemd/systemd" hostname=? addr=? terminal=? res=success'
[  132.012412] audit: type=1131 audit(1578288328.985:82): pid=1 uid=0 auid=4294967295 ses=4294967295 msg='unit=NetworkManager-dispatcher comm="systemd" exe="/usr/lib/systemd/systemd" hostname=? addr=? terminal=? res=success'
[  134.766142] audit: type=1130 audit(1578288331.735:83): pid=1 uid=0 auid=4294967295 ses=4294967295 msg='unit=blueman-mechanism comm="systemd" exe="/usr/lib/systemd/systemd" hostname=? addr=? terminal=? res=success'
[  164.778154] audit: type=1131 audit(1578288361.745:84): pid=1 uid=0 auid=4294967295 ses=4294967295 msg='unit=blueman-mechanism comm="systemd" exe="/usr/lib/systemd/systemd" hostname=? addr=? terminal=? res=success'
[  248.364099] audit: type=1130 audit(1578288445.336:85): pid=1 uid=0 auid=4294967295 ses=4294967295 msg='unit=updatedb comm="systemd" exe="/usr/lib/systemd/systemd" hostname=? addr=? terminal=? res=success'
[  248.364103] audit: type=1131 audit(1578288445.336:86): pid=1 uid=0 auid=4294967295 ses=4294967295 msg='unit=updatedb comm="systemd" exe="/usr/lib/systemd/systemd" hostname=? addr=? terminal=? res=success'
[  251.403409] usb 2-7: USB disconnect, device number 6
[  251.659029] audit: type=1130 audit(1578288448.636:87): pid=1 uid=0 auid=4294967295 ses=4294967295 msg='unit=systemd-rfkill comm="systemd" exe="/usr/lib/systemd/systemd" hostname=? addr=? terminal=? res=success'
[  256.666248] audit: type=1131 audit(1578288453.636:88): pid=1 uid=0 auid=4294967295 ses=4294967295 msg='unit=systemd-rfkill comm="systemd" exe="/usr/lib/systemd/systemd" hostname=? addr=? terminal=? res=success'
[  369.765706] r8169 0000:02:00.0 enp2s0: Link is Up - 100Mbps/Full - flow control off
[  369.765718] IPv6: ADDRCONF(NETDEV_CHANGE): enp2s0: link becomes ready
[  370.412313] audit: type=1130 audit(1578288567.386:89): pid=1 uid=0 auid=4294967295 ses=4294967295 msg='unit=NetworkManager-dispatcher comm="systemd" exe="/usr/lib/systemd/systemd" hostname=? addr=? terminal=? res=success'
[  370.470925] audit: type=1130 audit(1578288567.446:90): pid=1 uid=0 auid=4294967295 ses=4294967295 msg='unit=ntpd comm="systemd" exe="/usr/lib/systemd/systemd" hostname=? addr=? terminal=? res=success'
[  381.012166] audit: type=1131 audit(1578288577.986:91): pid=1 uid=0 auid=4294967295 ses=4294967295 msg='unit=NetworkManager-dispatcher comm="systemd" exe="/usr/lib/systemd/systemd" hostname=? addr=? terminal=? res=success'
[  684.167927] audit: type=1100 audit(1578288881.753:92): pid=5350 uid=1000 auid=1000 ses=1 msg='op=PAM:authentication grantors=pam_unix,pam_permit acct="v_dev" exe="/usr/bin/sudo" hostname=? addr=? terminal=/dev/pts/2 res=success'
[  684.168082] audit: type=1101 audit(1578288881.753:93): pid=5350 uid=1000 auid=1000 ses=1 msg='op=PAM:accounting grantors=pam_unix,pam_permit,pam_time acct="v_dev" exe="/usr/bin/sudo" hostname=? addr=? terminal=/dev/pts/2 res=success'
[  684.168270] audit: type=1110 audit(1578288881.753:94): pid=5350 uid=0 auid=1000 ses=1 msg='op=PAM:setcred grantors=pam_unix,pam_permit acct="root" exe="/usr/bin/sudo" hostname=? addr=? terminal=/dev/pts/2 res=success'
[  684.173978] audit: type=1105 audit(1578288881.753:95): pid=5350 uid=0 auid=1000 ses=1 msg='op=PAM:session_open grantors=pam_limits,pam_unix,pam_permit acct="root" exe="/usr/bin/sudo" hostname=? addr=? terminal=/dev/pts/2 res=success'
[  684.175392] test: loading out-of-tree module taints kernel.
[  684.175507] test: module verification failed: signature and/or required key missing - tainting kernel
[  684.175974] inside mod_init
[  684.175975] this is a print
[  684.176894] audit: type=1106 audit(1578288881.763:96): pid=5350 uid=0 auid=1000 ses=1 msg='op=PAM:session_close grantors=pam_limits,pam_unix,pam_permit acct="root" exe="/usr/bin/sudo" hostname=? addr=? terminal=/dev/pts/2 res=success'
[  684.177012] audit: type=1104 audit(1578288881.763:97): pid=5350 uid=0 auid=1000 ses=1 msg='op=PAM:setcred grantors=pam_unix,pam_permit acct="root" exe="/usr/bin/sudo" hostname=? addr=? terminal=/dev/pts/2 res=success'
[  709.508239] audit: type=1101 audit(1578288907.094:98): pid=5383 uid=1000 auid=1000 ses=1 msg='op=PAM:accounting grantors=pam_unix,pam_permit,pam_time acct="v_dev" exe="/usr/bin/sudo" hostname=? addr=? terminal=/dev/pts/2 res=success'
[  709.508406] audit: type=1110 audit(1578288907.094:99): pid=5383 uid=0 auid=1000 ses=1 msg='op=PAM:setcred grantors=pam_unix,pam_permit,pam_env acct="root" exe="/usr/bin/sudo" hostname=? addr=? terminal=/dev/pts/2 res=success'
[  709.512151] audit: type=1105 audit(1578288907.094:100): pid=5383 uid=0 auid=1000 ses=1 msg='op=PAM:session_open grantors=pam_limits,pam_unix,pam_permit acct="root" exe="/usr/bin/sudo" hostname=? addr=? terminal=/dev/pts/2 res=success'
[    0.000000] microcode: microcode updated early to revision 0x27, date = 2019-02-26
[    0.000000] Linux version 4.19.91-1-MANJARO (builduser@lancaster) (gcc version 9.2.0 (GCC)) #1 SMP Sat Dec 21 11:18:44 UTC 2019
[    0.000000] Command line: BOOT_IMAGE=/boot/vmlinuz-4.19-x86_64 root=UUID=049b41b7-ce65-4c3a-a153-a58e007ec15f rw video=1920x1080
[    0.000000] KERNEL supported cpus:
[    0.000000]   Intel GenuineIntel
[    0.000000]   AMD AuthenticAMD
[    0.000000]   Centaur CentaurHauls
[    0.000000] x86/fpu: Supporting XSAVE feature 0x001: 'x87 floating point registers'
[    0.000000] x86/fpu: Supporting XSAVE feature 0x002: 'SSE registers'
[    0.000000] x86/fpu: Supporting XSAVE feature 0x004: 'AVX registers'
[    0.000000] x86/fpu: xstate_offset[2]:  576, xstate_sizes[2]:  256
[    0.000000] x86/fpu: Enabled xstate features 0x7, context size is 832 bytes, using 'standard' format.
[    0.000000] BIOS-provided physical RAM map:
[    0.000000] BIOS-e820: [mem 0x0000000000000000-0x0000000000057fff] usable
[    0.000000] BIOS-e820: [mem 0x0000000000058000-0x0000000000058fff] reserved
[    0.000000] BIOS-e820: [mem 0x0000000000059000-0x000000000009efff] usable
[    0.000000] BIOS-e820: [mem 0x000000000009f000-0x000000000009ffff] reserved
[    0.000000] BIOS-e820: [mem 0x0000000000100000-0x00000000c6522fff] usable
[    0.000000] BIOS-e820: [mem 0x00000000c6523000-0x00000000c6529fff] ACPI NVS
[    0.000000] BIOS-e820: [mem 0x00000000c652a000-0x00000000c696dfff] usable
[    0.000000] BIOS-e820: [mem 0x00000000c696e000-0x00000000c6efefff] reserved
[    0.000000] BIOS-e820: [mem 0x00000000c6eff000-0x00000000d8da6fff] usable
[    0.000000] BIOS-e820: [mem 0x00000000d8da7000-0x00000000d8e3ffff] reserved
[    0.000000] BIOS-e820: [mem 0x00000000d8e40000-0x00000000d8e92fff] usable
[    0.000000] BIOS-e820: [mem 0x00000000d8e93000-0x00000000d8fc7fff] ACPI NVS
[    0.000000] BIOS-e820: [mem 0x00000000d8fc8000-0x00000000d9f80fff] reserved
[    0.000000] BIOS-e820: [mem 0x00000000d9f81000-0x00000000d9ffefff] type 20
[    0.000000] BIOS-e820: [mem 0x00000000d9fff000-0x00000000d9ffffff] usable
[    0.000000] BIOS-e820: [mem 0x00000000db000000-0x00000000df1fffff] reserved
[    0.000000] BIOS-e820: [mem 0x00000000f8000000-0x00000000fbffffff] reserved
[    0.000000] BIOS-e820: [mem 0x00000000fec00000-0x00000000fec00fff] reserved
[    0.000000] BIOS-e820: [mem 0x00000000fed00000-0x00000000fed03fff] reserved
[    0.000000] BIOS-e820: [mem 0x00000000fed1c000-0x00000000fed1ffff] reserved
[    0.000000] BIOS-e820: [mem 0x00000000fee00000-0x00000000fee00fff] reserved
[    0.000000] BIOS-e820: [mem 0x00000000ff000000-0x00000000ffffffff] reserved
[    0.000000] BIOS-e820: [mem 0x0000000100000000-0x000000021fdfffff] usable
[    0.000000] NX (Execute Disable) protection: active
[    0.000000] efi: EFI v2.31 by American Megatrends
[    0.000000] efi:  ESRT=0xd9f7f998  ACPI=0xd8f9b000  ACPI 2.0=0xd8f9b000  SMBIOS=0xf04d0  MPS=0xfd500 
[    0.000000] SMBIOS 2.8 present.
[    0.000000] DMI: MSI MS-7817/H81M-E33 (MS-7817), BIOS V6.8 07/17/2018
[    0.000000] tsc: Fast TSC calibration using PIT
[    0.000000] tsc: Detected 3399.976 MHz processor
[    0.001396] e820: update [mem 0x00000000-0x00000fff] usable ==> reserved
[    0.001397] e820: remove [mem 0x000a0000-0x000fffff] usable
[    0.001402] last_pfn = 0x21fe00 max_arch_pfn = 0x400000000
[    0.001405] MTRR default type: uncachable
[    0.001406] MTRR fixed ranges enabled:
[    0.001407]   00000-9FFFF write-back
[    0.001407]   A0000-BFFFF uncachable
[    0.001408]   C0000-CFFFF write-protect
[    0.001408]   D0000-DFFFF uncachable
[    0.001409]   E0000-FFFFF write-protect
[    0.001409] MTRR variable ranges enabled:
[    0.001410]   0 base 0000000000 mask 7E00000000 write-back
[    0.001411]   1 base 0200000000 mask 7FE0000000 write-back
[    0.001411]   2 base 00E0000000 mask 7FE0000000 uncachable
[    0.001412]   3 base 00DC000000 mask 7FFC000000 uncachable
[    0.001412]   4 base 00DB000000 mask 7FFF000000 uncachable
[    0.001413]   5 base 021FE00000 mask 7FFFE00000 uncachable
[    0.001413]   6 disabled
[    0.001413]   7 disabled
[    0.001414]   8 disabled
[    0.001414]   9 disabled
[    0.002218] x86/PAT: Configuration [0-7]: WB  WC  UC- UC  WB  WP  UC- WT  
[    0.002322] total RAM covered: 8110M
[    0.002538] Found optimal setting for mtrr clean up
[    0.002539]  gran_size: 64K 	chunk_size: 128M 	num_reg: 8  	lose cover RAM: 0G
[    0.003310] e820: update [mem 0xdb000000-0xffffffff] usable ==> reserved
[    0.003313] last_pfn = 0xda000 max_arch_pfn = 0x400000000
[    0.009102] found SMP MP-table at [mem 0x000fd790-0x000fd79f]
[    0.009114] esrt: Reserving ESRT space from 0x00000000d9f7f998 to 0x00000000d9f7f9d0.
[    0.009151] Scanning 1 areas for low memory corruption
[    0.009155] Using GB pages for direct mapping
[    0.009157] BRK [0x18f601000, 0x18f601fff] PGTABLE
[    0.009158] BRK [0x18f602000, 0x18f602fff] PGTABLE
[    0.009159] BRK [0x18f603000, 0x18f603fff] PGTABLE
[    0.009179] BRK [0x18f604000, 0x18f604fff] PGTABLE
[    0.009180] BRK [0x18f605000, 0x18f605fff] PGTABLE
[    0.009271] BRK [0x18f606000, 0x18f606fff] PGTABLE
[    0.009297] BRK [0x18f607000, 0x18f607fff] PGTABLE
[    0.009376] BRK [0x18f608000, 0x18f608fff] PGTABLE
[    0.009409] BRK [0x18f609000, 0x18f609fff] PGTABLE
[    0.009461] BRK [0x18f60a000, 0x18f60afff] PGTABLE
[    0.009491] BRK [0x18f60b000, 0x18f60bfff] PGTABLE
[    0.009531] BRK [0x18f60c000, 0x18f60cfff] PGTABLE
[    0.009566] Secure boot could not be determined
[    0.009566] RAMDISK: [mem 0x36813000-0x37400fff]
[    0.009572] ACPI: Early table checksum verification disabled
[    0.009575] ACPI: RSDP 0x00000000D8F9B000 000024 (v02 ALASKA)
[    0.009577] ACPI: XSDT 0x00000000D8F9B080 000084 (v01 ALASKA A M I    01072009 AMI  00010013)
[    0.009581] ACPI: FACP 0x00000000D8FA87A8 00010C (v05 ALASKA A M I    01072009 AMI  00010013)
[    0.009585] ACPI: DSDT 0x00000000D8F9B1A0 00D608 (v02 ALASKA A M I    00000036 INTL 20120711)
[    0.009587] ACPI: FACS 0x00000000D8FC7F80 000040
[    0.009588] ACPI: APIC 0x00000000D8FA88B8 000092 (v03 ALASKA A M I    01072009 AMI  00010013)
[    0.009590] ACPI: FPDT 0x00000000D8FA8950 000044 (v01 ALASKA A M I    01072009 AMI  00010013)
[    0.009592] ACPI: ASF! 0x00000000D8FA8998 0000A5 (v32 INTEL   HCG     00000001 TFSM 000F4240)
[    0.009594] ACPI: SSDT 0x00000000D8FA8A40 000539 (v01 PmRef  Cpu0Ist  00003000 INTL 20120711)
[    0.009596] ACPI: SSDT 0x00000000D8FA8F80 000AD8 (v01 PmRef  CpuPm    00003000 INTL 20120711)
[    0.009597] ACPI: MCFG 0x00000000D8FA9A58 00003C (v01 ALASKA A M I    01072009 MSFT 00000097)
[    0.009599] ACPI: HPET 0x00000000D8FA9A98 000038 (v01 ALASKA A M I    01072009 AMI. 00000005)
[    0.009601] ACPI: SSDT 0x00000000D8FA9AD0 00036D (v01 SataRe SataTabl 00001000 INTL 20120711)
[    0.009603] ACPI: SSDT 0x00000000D8FA9E40 003528 (v01 SaSsdt SaSsdt   00003000 INTL 20091112)
[    0.009604] ACPI: DMAR 0x00000000D8FAD368 0000B8 (v01 INTEL  HSW      00000001 INTL 00000001)
[    0.009606] ACPI: BGRT 0x00000000D8FAD420 000038 (v00 ALASKA A M I    01072009 AMI  00010013)
[    0.009611] ACPI: Local APIC address 0xfee00000
[    0.009672] No NUMA configuration found
[    0.009672] Faking a node at [mem 0x0000000000000000-0x000000021fdfffff]
[    0.009676] NODE_DATA(0) allocated [mem 0x21fdfc000-0x21fdfffff]
[    0.009694] Zone ranges:
[    0.009695]   DMA      [mem 0x0000000000001000-0x0000000000ffffff]
[    0.009696]   DMA32    [mem 0x0000000001000000-0x00000000ffffffff]
[    0.009697]   Normal   [mem 0x0000000100000000-0x000000021fdfffff]
[    0.009697]   Device   empty
[    0.009698] Movable zone start for each node
[    0.009698] Early memory node ranges
[    0.009699]   node   0: [mem 0x0000000000001000-0x0000000000057fff]
[    0.009699]   node   0: [mem 0x0000000000059000-0x000000000009efff]
[    0.009700]   node   0: [mem 0x0000000000100000-0x00000000c6522fff]
[    0.009700]   node   0: [mem 0x00000000c652a000-0x00000000c696dfff]
[    0.009700]   node   0: [mem 0x00000000c6eff000-0x00000000d8da6fff]
[    0.009701]   node   0: [mem 0x00000000d8e40000-0x00000000d8e92fff]
[    0.009701]   node   0: [mem 0x00000000d9fff000-0x00000000d9ffffff]
[    0.009702]   node   0: [mem 0x0000000100000000-0x000000021fdfffff]
[    0.009704] Reserved but unavailable: 98 pages
[    0.009705] Initmem setup node 0 [mem 0x0000000000001000-0x000000021fdfffff]
[    0.009706] On node 0 totalpages: 2065920
[    0.009707]   DMA zone: 64 pages used for memmap
[    0.009707]   DMA zone: 27 pages reserved
[    0.009708]   DMA zone: 3997 pages, LIFO batch:0
[    0.009768]   DMA32 zone: 13794 pages used for memmap
[    0.009768]   DMA32 zone: 882787 pages, LIFO batch:63
[    0.023428]   Normal zone: 18424 pages used for memmap
[    0.023429]   Normal zone: 1179136 pages, LIFO batch:63
[    0.040542] Reserving Intel graphics memory at [mem 0xdb200000-0xdf1fffff]
[    0.040610] ACPI: PM-Timer IO Port: 0x1808
[    0.040611] ACPI: Local APIC address 0xfee00000
[    0.040616] ACPI: LAPIC_NMI (acpi_id[0xff] high edge lint[0x1])
[    0.040625] IOAPIC[0]: apic_id 8, version 32, address 0xfec00000, GSI 0-23
[    0.040627] ACPI: INT_SRC_OVR (bus 0 bus_irq 0 global_irq 2 dfl dfl)
[    0.040628] ACPI: INT_SRC_OVR (bus 0 bus_irq 9 global_irq 9 high level)
[    0.040629] ACPI: IRQ0 used by override.
[    0.040629] ACPI: IRQ9 used by override.
[    0.040631] Using ACPI (MADT) for SMP configuration information
[    0.040632] ACPI: HPET id: 0x8086a701 base: 0xfed00000
[    0.040646] smpboot: Allowing 8 CPUs, 0 hotplug CPUs
[    0.040671] PM: Registered nosave memory: [mem 0x00000000-0x00000fff]
[    0.040673] PM: Registered nosave memory: [mem 0x00058000-0x00058fff]
[    0.040674] PM: Registered nosave memory: [mem 0x0009f000-0x0009ffff]
[    0.040675] PM: Registered nosave memory: [mem 0x000a0000-0x000fffff]
[    0.040676] PM: Registered nosave memory: [mem 0xc6523000-0xc6529fff]
[    0.040677] PM: Registered nosave memory: [mem 0xc696e000-0xc6efefff]
[    0.040679] PM: Registered nosave memory: [mem 0xd8da7000-0xd8e3ffff]
[    0.040680] PM: Registered nosave memory: [mem 0xd8e93000-0xd8fc7fff]
[    0.040680] PM: Registered nosave memory: [mem 0xd8fc8000-0xd9f80fff]
[    0.040681] PM: Registered nosave memory: [mem 0xd9f81000-0xd9ffefff]
[    0.040682] PM: Registered nosave memory: [mem 0xda000000-0xdaffffff]
[    0.040682] PM: Registered nosave memory: [mem 0xdb000000-0xdf1fffff]
[    0.040683] PM: Registered nosave memory: [mem 0xdf200000-0xf7ffffff]
[    0.040683] PM: Registered nosave memory: [mem 0xf8000000-0xfbffffff]
[    0.040683] PM: Registered nosave memory: [mem 0xfc000000-0xfebfffff]
[    0.040684] PM: Registered nosave memory: [mem 0xfec00000-0xfec00fff]
[    0.040684] PM: Registered nosave memory: [mem 0xfec01000-0xfecfffff]
[    0.040685] PM: Registered nosave memory: [mem 0xfed00000-0xfed03fff]
[    0.040685] PM: Registered nosave memory: [mem 0xfed04000-0xfed1bfff]
[    0.040685] PM: Registered nosave memory: [mem 0xfed1c000-0xfed1ffff]
[    0.040686] PM: Registered nosave memory: [mem 0xfed20000-0xfedfffff]
[    0.040686] PM: Registered nosave memory: [mem 0xfee00000-0xfee00fff]
[    0.040686] PM: Registered nosave memory: [mem 0xfee01000-0xfeffffff]
[    0.040687] PM: Registered nosave memory: [mem 0xff000000-0xffffffff]
[    0.040688] [mem 0xdf200000-0xf7ffffff] available for PCI devices
[    0.040689] Booting paravirtualized kernel on bare hardware
[    0.040691] clocksource: refined-jiffies: mask: 0xffffffff max_cycles: 0xffffffff, max_idle_ns: 19112604462750000 ns
[    0.121436] random: get_random_bytes called from start_kernel+0x93/0x530 with crng_init=0
[    0.121442] setup_percpu: NR_CPUS:320 nr_cpumask_bits:320 nr_cpu_ids:8 nr_node_ids:1
[    0.121745] percpu: Embedded 46 pages/cpu s151552 r8192 d28672 u262144
[    0.121751] pcpu-alloc: s151552 r8192 d28672 u262144 alloc=1*2097152
[    0.121752] pcpu-alloc: [0] 0 1 2 3 4 5 6 7 
[    0.121768] Built 1 zonelists, mobility grouping on.  Total pages: 2033611
[    0.121769] Policy zone: Normal
[    0.121770] Kernel command line: BOOT_IMAGE=/boot/vmlinuz-4.19-x86_64 root=UUID=049b41b7-ce65-4c3a-a153-a58e007ec15f rw video=1920x1080
[    0.128794] Calgary: detecting Calgary via BIOS EBDA area
[    0.128795] Calgary: Unable to locate Rio Grande table in EBDA - bailing!
[    0.160892] Memory: 7790520K/8263680K available (12300K kernel code, 1366K rwdata, 3604K rodata, 1612K init, 3720K bss, 473160K reserved, 0K cma-reserved)
[    0.160965] SLUB: HWalign=64, Order=0-3, MinObjects=0, CPUs=8, Nodes=1
[    0.160970] Kernel/User page tables isolation: enabled
[    0.167355] ftrace: allocating 36393 entries in 143 pages
[    0.177891] rcu: Hierarchical RCU implementation.
[    0.177892] rcu: 	RCU restricting CPUs from NR_CPUS=320 to nr_cpu_ids=8.
[    0.177892] rcu: Adjusting geometry for rcu_fanout_leaf=16, nr_cpu_ids=8
[    0.178905] NR_IRQS: 20736, nr_irqs: 488, preallocated irqs: 16
[    0.179091] Console: colour dummy device 80x25
[    0.179096] console [tty0] enabled
[    0.179107] ACPI: Core revision 20180810
[    0.179247] clocksource: hpet: mask: 0xffffffff max_cycles: 0xffffffff, max_idle_ns: 133484882848 ns
[    0.179255] hpet clockevent registered
[    0.179259] APIC: Switch to symmetric I/O mode setup
[    0.179260] DMAR: Host address width 39
[    0.179261] DMAR: DRHD base: 0x000000fed90000 flags: 0x0
[    0.179264] DMAR: dmar0: reg_base_addr fed90000 ver 1:0 cap c0000020660462 ecap f0101a
[    0.179265] DMAR: DRHD base: 0x000000fed91000 flags: 0x1
[    0.179267] DMAR: dmar1: reg_base_addr fed91000 ver 1:0 cap d2008020660462 ecap f010da
[    0.179267] DMAR: RMRR base: 0x000000d9ea3000 end: 0x000000d9eb1fff
[    0.179268] DMAR: RMRR base: 0x000000db000000 end: 0x000000df1fffff
[    0.179269] DMAR-IR: IOAPIC id 8 under DRHD base  0xfed91000 IOMMU 1
[    0.179270] DMAR-IR: HPET id 0 under DRHD base 0xfed91000
[    0.179270] DMAR-IR: Queued invalidation will be enabled to support x2apic and Intr-remapping.
[    0.179830] DMAR-IR: Enabled IRQ remapping in x2apic mode
[    0.179831] x2apic enabled
[    0.179836] Switched APIC routing to cluster x2apic.
[    0.180231] ..TIMER: vector=0x30 apic1=0 pin1=2 apic2=-1 pin2=-1
[    0.229259] clocksource: tsc-early: mask: 0xffffffffffffffff max_cycles: 0x310237e2144, max_idle_ns: 440795220210 ns
[    0.229267] Calibrating delay loop (skipped), value calculated using timer frequency.. 6799.95 BogoMIPS (lpj=33999760)
[    0.229269] pid_max: default: 32768 minimum: 301
[    0.229850] Security Framework initialized
[    0.229851] Yama: becoming mindful.
[    0.229855] AppArmor: AppArmor disabled by boot time parameter
[    0.231563] Dentry cache hash table entries: 1048576 (order: 11, 8388608 bytes)
[    0.232475] Inode-cache hash table entries: 524288 (order: 10, 4194304 bytes)
[    0.232513] Mount-cache hash table entries: 16384 (order: 5, 131072 bytes)
[    0.232542] Mountpoint-cache hash table entries: 16384 (order: 5, 131072 bytes)
[    0.232721] CPU0: Thermal monitoring enabled (TM1)
[    0.232731] process: using mwait in idle threads
[    0.232733] Last level iTLB entries: 4KB 1024, 2MB 1024, 4MB 1024
[    0.232734] Last level dTLB entries: 4KB 1024, 2MB 1024, 4MB 1024, 1GB 4
[    0.232735] Spectre V1 : Mitigation: usercopy/swapgs barriers and __user pointer sanitization
[    0.232736] Spectre V2 : Mitigation: Full generic retpoline
[    0.232736] Spectre V2 : Spectre v2 / SpectreRSB mitigation: Filling RSB on context switch
[    0.232736] Spectre V2 : Enabling Restricted Speculation for firmware calls
[    0.232742] Spectre V2 : mitigation: Enabling conditional Indirect Branch Prediction Barrier
[    0.232742] Spectre V2 : User space: Mitigation: STIBP via seccomp and prctl
[    0.232743] Speculative Store Bypass: Mitigation: Speculative Store Bypass disabled via prctl and seccomp
[    0.232760] MDS: Mitigation: Clear CPU buffers
[    0.235868] Freeing SMP alternatives memory: 28K
[    0.250827] TSC deadline timer enabled
[    0.250829] smpboot: CPU0: Intel(R) Core(TM) i7-4770 CPU @ 3.40GHz (family: 0x6, model: 0x3c, stepping: 0x3)
[    0.250890] Performance Events: PEBS fmt2+, Haswell events, 16-deep LBR, full-width counters, Intel PMU driver.
[    0.250921] ... version:                3
[    0.250921] ... bit width:              48
[    0.250921] ... generic registers:      4
[    0.250922] ... value mask:             0000ffffffffffff
[    0.250922] ... max period:             00007fffffffffff
[    0.250923] ... fixed-purpose events:   3
[    0.250923] ... event mask:             000000070000000f
[    0.250951] rcu: Hierarchical SRCU implementation.
[    0.251722] NMI watchdog: Enabled. Permanently consumes one hw-PMU counter.
[    0.251768] smp: Bringing up secondary CPUs ...
[    0.251823] x86: Booting SMP configuration:
[    0.251824] .... node  #0, CPUs:      #1 #2 #3 #4
[    0.254182] MDS CPU bug present and SMT on, data leak possible. See https://www.kernel.org/doc/html/latest/admin-guide/hw-vuln/mds.html for more details.
[    0.254182]  #5 #6 #7
[    0.254182] smp: Brought up 1 node, 8 CPUs
[    0.254182] smpboot: Max logical packages: 1
[    0.254182] smpboot: Total of 8 processors activated (54399.61 BogoMIPS)
[    0.259501] devtmpfs: initialized
[    0.259501] x86/mm: Memory block size: 128MB
[    0.259696] PM: Registering ACPI NVS region [mem 0xc6523000-0xc6529fff] (28672 bytes)
[    0.259696] PM: Registering ACPI NVS region [mem 0xd8e93000-0xd8fc7fff] (1265664 bytes)
[    0.259696] clocksource: jiffies: mask: 0xffffffff max_cycles: 0xffffffff, max_idle_ns: 19112604462750000 ns
[    0.259696] futex hash table entries: 2048 (order: 5, 131072 bytes)
[    0.259696] pinctrl core: initialized pinctrl subsystem
[    0.259696] RTC time:  5:23:17, date: 01/06/20
[    0.259696] NET: Registered protocol family 16
[    0.259696] audit: initializing netlink subsys (disabled)
[    0.259696] audit: type=2000 audit(1578288197.080:1): state=initialized audit_enabled=0 res=1
[    0.259696] cpuidle: using governor ladder
[    0.259696] cpuidle: using governor menu
[    0.259696] ACPI FADT declares the system doesn't support PCIe ASPM, so disable it
[    0.259696] ACPI: bus type PCI registered
[    0.259696] acpiphp: ACPI Hot Plug PCI Controller Driver version: 0.5
[    0.259696] PCI: MMCONFIG for domain 0000 [bus 00-3f] at [mem 0xf8000000-0xfbffffff] (base 0xf8000000)
[    0.259696] PCI: MMCONFIG at [mem 0xf8000000-0xfbffffff] reserved in E820
[    0.259696] PCI: Using configuration type 1 for base access
[    0.259696] core: PMU erratum BJ122, BV98, HSD29 worked around, HT is on
[    0.259918] HugeTLB registered 1.00 GiB page size, pre-allocated 0 pages
[    0.259918] HugeTLB registered 2.00 MiB page size, pre-allocated 0 pages
[    0.259918] ACPI: Added _OSI(Module Device)
[    0.259918] ACPI: Added _OSI(Processor Device)
[    0.259918] ACPI: Added _OSI(3.0 _SCP Extensions)
[    0.259918] ACPI: Added _OSI(Processor Aggregator Device)
[    0.259918] ACPI: Added _OSI(Linux-Dell-Video)
[    0.259918] ACPI: Added _OSI(Linux-Lenovo-NV-HDMI-Audio)
[    0.266261] ACPI: 5 ACPI AML tables successfully acquired and loaded
[    0.269604] ACPI: [Firmware Bug]: BIOS _OSI(Linux) query ignored
[    0.270258] ACPI: Dynamic OEM Table Load:
[    0.270258] ACPI: SSDT 0xFFFFA3D155C6E400 0003D3 (v01 PmRef  Cpu0Cst  00003001 INTL 20120711)
[    0.270258] ACPI: Dynamic OEM Table Load:
[    0.270258] ACPI: SSDT 0xFFFFA3D155CD0800 0005AA (v01 PmRef  ApIst    00003000 INTL 20120711)
[    0.270258] ACPI: Dynamic OEM Table Load:
[    0.270258] ACPI: SSDT 0xFFFFA3D155822C00 000119 (v01 PmRef  ApCst    00003000 INTL 20120711)
[    0.270775] ACPI: Interpreter enabled
[    0.270795] ACPI: (supports S0 S3 S4 S5)
[    0.270795] ACPI: Using IOAPIC for interrupt routing
[    0.270816] PCI: Using host bridge windows from ACPI; if necessary, use "pci=nocrs" and report a bug
[    0.271048] ACPI: Enabled 7 GPEs in block 00 to 3F
[    0.280932] ACPI: Power Resource [FN00] (off)
[    0.280989] ACPI: Power Resource [FN01] (off)
[    0.281044] ACPI: Power Resource [FN02] (off)
[    0.281099] ACPI: Power Resource [FN03] (off)
[    0.281154] ACPI: Power Resource [FN04] (off)
