[    0.000000] microcode: microcode updated early to revision 0x27, date = 2019-02-26
[    0.000000] Linux version 4.19.99-1-MANJARO (builder@8cfb44e5c17a) (gcc version 9.2.0 (GCC)) #1 SMP Mon Jan 27 16:36:28 UTC 2020
[    0.000000] Command line: BOOT_IMAGE=/boot/vmlinuz-4.19-x86_64 root=UUID=049b41b7-ce65-4c3a-a153-a58e007ec15f rw video=1920x1080
[    0.000000] KERNEL supported cpus:
[    0.000000]   Intel GenuineIntel
[    0.000000]   AMD AuthenticAMD
[    0.000000]   Centaur CentaurHauls
[    0.000000] x86/fpu: Supporting XSAVE feature 0x001: 'x87 floating point registers'
[    0.000000] x86/fpu: Supporting XSAVE feature 0x002: 'SSE registers'
[    0.000000] x86/fpu: Supporting XSAVE feature 0x004: 'AVX registers'
[    0.000000] x86/fpu: xstate_offset[2]:  576, xstate_sizes[2]:  256
[    0.000000] x86/fpu: Enabled xstate features 0x7, context size is 832 bytes, using 'standard' format.
[    0.000000] BIOS-provided physical RAM map:
[    0.000000] BIOS-e820: [mem 0x0000000000000000-0x0000000000057fff] usable
[    0.000000] BIOS-e820: [mem 0x0000000000058000-0x0000000000058fff] reserved
[    0.000000] BIOS-e820: [mem 0x0000000000059000-0x000000000009efff] usable
[    0.000000] BIOS-e820: [mem 0x000000000009f000-0x000000000009ffff] reserved
[    0.000000] BIOS-e820: [mem 0x0000000000100000-0x00000000c6522fff] usable
[    0.000000] BIOS-e820: [mem 0x00000000c6523000-0x00000000c6529fff] ACPI NVS
[    0.000000] BIOS-e820: [mem 0x00000000c652a000-0x00000000c696dfff] usable
[    0.000000] BIOS-e820: [mem 0x00000000c696e000-0x00000000c6efefff] reserved
[    0.000000] BIOS-e820: [mem 0x00000000c6eff000-0x00000000d8da6fff] usable
[    0.000000] BIOS-e820: [mem 0x00000000d8da7000-0x00000000d8e3ffff] reserved
[    0.000000] BIOS-e820: [mem 0x00000000d8e40000-0x00000000d8e92fff] usable
[    0.000000] BIOS-e820: [mem 0x00000000d8e93000-0x00000000d8fc7fff] ACPI NVS
[    0.000000] BIOS-e820: [mem 0x00000000d8fc8000-0x00000000d9f80fff] reserved
[    0.000000] BIOS-e820: [mem 0x00000000d9f81000-0x00000000d9ffefff] type 20
[    0.000000] BIOS-e820: [mem 0x00000000d9fff000-0x00000000d9ffffff] usable
[    0.000000] BIOS-e820: [mem 0x00000000db000000-0x00000000df1fffff] reserved
[    0.000000] BIOS-e820: [mem 0x00000000f8000000-0x00000000fbffffff] reserved
[    0.000000] BIOS-e820: [mem 0x00000000fec00000-0x00000000fec00fff] reserved
[    0.000000] BIOS-e820: [mem 0x00000000fed00000-0x00000000fed03fff] reserved
[    0.000000] BIOS-e820: [mem 0x00000000fed1c000-0x00000000fed1ffff] reserved
[    0.000000] BIOS-e820: [mem 0x00000000fee00000-0x00000000fee00fff] reserved
[    0.000000] BIOS-e820: [mem 0x00000000ff000000-0x00000000ffffffff] reserved
[    0.000000] BIOS-e820: [mem 0x0000000100000000-0x000000021fdfffff] usable
[    0.000000] NX (Execute Disable) protection: active
[    0.000000] efi: EFI v2.31 by American Megatrends
[    0.000000] efi:  ESRT=0xd9f7f998  ACPI=0xd8f9b000  ACPI 2.0=0xd8f9b000  SMBIOS=0xf04d0  MPS=0xfd500 
[    0.000000] SMBIOS 2.8 present.
[    0.000000] DMI: MSI MS-7817/H81M-E33 (MS-7817), BIOS V6.8 07/17/2018
[    0.000000] tsc: Fast TSC calibration using PIT
[    0.000000] tsc: Detected 3399.852 MHz processor
[    0.001395] e820: update [mem 0x00000000-0x00000fff] usable ==> reserved
[    0.001396] e820: remove [mem 0x000a0000-0x000fffff] usable
[    0.001402] last_pfn = 0x21fe00 max_arch_pfn = 0x400000000
[    0.001405] MTRR default type: uncachable
[    0.001405] MTRR fixed ranges enabled:
[    0.001406]   00000-9FFFF write-back
[    0.001407]   A0000-BFFFF uncachable
[    0.001407]   C0000-CFFFF write-protect
[    0.001408]   D0000-DFFFF uncachable
[    0.001408]   E0000-FFFFF write-protect
[    0.001408] MTRR variable ranges enabled:
[    0.001409]   0 base 0000000000 mask 7E00000000 write-back
[    0.001410]   1 base 0200000000 mask 7FE0000000 write-back
[    0.001411]   2 base 00E0000000 mask 7FE0000000 uncachable
[    0.001411]   3 base 00DC000000 mask 7FFC000000 uncachable
[    0.001412]   4 base 00DB000000 mask 7FFF000000 uncachable
[    0.001412]   5 base 021FE00000 mask 7FFFE00000 uncachable
[    0.001412]   6 disabled
[    0.001413]   7 disabled
[    0.001413]   8 disabled
[    0.001413]   9 disabled
[    0.002197] x86/PAT: Configuration [0-7]: WB  WC  UC- UC  WB  WP  UC- WT  
[    0.002296] total RAM covered: 8110M
[    0.002511] Found optimal setting for mtrr clean up
[    0.002512]  gran_size: 64K 	chunk_size: 128M 	num_reg: 8  	lose cover RAM: 0G
[    0.003273] e820: update [mem 0xdb000000-0xffffffff] usable ==> reserved
[    0.003276] last_pfn = 0xda000 max_arch_pfn = 0x400000000
[    0.009084] found SMP MP-table at [mem 0x000fd790-0x000fd79f]
[    0.009096] esrt: Reserving ESRT space from 0x00000000d9f7f998 to 0x00000000d9f7f9d0.
[    0.009144] Scanning 1 areas for low memory corruption
[    0.009148] Using GB pages for direct mapping
[    0.009150] BRK [0x120001000, 0x120001fff] PGTABLE
[    0.009151] BRK [0x120002000, 0x120002fff] PGTABLE
[    0.009151] BRK [0x120003000, 0x120003fff] PGTABLE
[    0.009184] BRK [0x120004000, 0x120004fff] PGTABLE
[    0.009185] BRK [0x120005000, 0x120005fff] PGTABLE
[    0.009347] BRK [0x120006000, 0x120006fff] PGTABLE
[    0.009386] BRK [0x120007000, 0x120007fff] PGTABLE
[    0.009506] BRK [0x120008000, 0x120008fff] PGTABLE
[    0.009554] BRK [0x120009000, 0x120009fff] PGTABLE
[    0.009631] BRK [0x12000a000, 0x12000afff] PGTABLE
[    0.009673] BRK [0x12000b000, 0x12000bfff] PGTABLE
[    0.009728] BRK [0x12000c000, 0x12000cfff] PGTABLE
[    0.009785] Secure boot could not be determined
[    0.009786] RAMDISK: [mem 0x367f1000-0x373effff]
[    0.009791] ACPI: Early table checksum verification disabled
[    0.009793] ACPI: RSDP 0x00000000D8F9B000 000024 (v02 ALASKA)
[    0.009795] ACPI: XSDT 0x00000000D8F9B080 000084 (v01 ALASKA A M I    01072009 AMI  00010013)
[    0.009799] ACPI: FACP 0x00000000D8FA87A8 00010C (v05 ALASKA A M I    01072009 AMI  00010013)
[    0.009802] ACPI: DSDT 0x00000000D8F9B1A0 00D608 (v02 ALASKA A M I    00000036 INTL 20120711)
[    0.009804] ACPI: FACS 0x00000000D8FC7F80 000040
[    0.009806] ACPI: APIC 0x00000000D8FA88B8 000092 (v03 ALASKA A M I    01072009 AMI  00010013)
[    0.009808] ACPI: FPDT 0x00000000D8FA8950 000044 (v01 ALASKA A M I    01072009 AMI  00010013)
[    0.009809] ACPI: ASF! 0x00000000D8FA8998 0000A5 (v32 INTEL   HCG     00000001 TFSM 000F4240)
[    0.009811] ACPI: SSDT 0x00000000D8FA8A40 000539 (v01 PmRef  Cpu0Ist  00003000 INTL 20120711)
[    0.009813] ACPI: SSDT 0x00000000D8FA8F80 000AD8 (v01 PmRef  CpuPm    00003000 INTL 20120711)
[    0.009815] ACPI: MCFG 0x00000000D8FA9A58 00003C (v01 ALASKA A M I    01072009 MSFT 00000097)
[    0.009817] ACPI: HPET 0x00000000D8FA9A98 000038 (v01 ALASKA A M I    01072009 AMI. 00000005)
[    0.009818] ACPI: SSDT 0x00000000D8FA9AD0 00036D (v01 SataRe SataTabl 00001000 INTL 20120711)
[    0.009820] ACPI: SSDT 0x00000000D8FA9E40 003528 (v01 SaSsdt SaSsdt   00003000 INTL 20091112)
[    0.009822] ACPI: DMAR 0x00000000D8FAD368 0000B8 (v01 INTEL  HSW      00000001 INTL 00000001)
[    0.009823] ACPI: BGRT 0x00000000D8FAD420 000038 (v00 ALASKA A M I    01072009 AMI  00010013)
[    0.009829] ACPI: Local APIC address 0xfee00000
[    0.009889] No NUMA configuration found
[    0.009890] Faking a node at [mem 0x0000000000000000-0x000000021fdfffff]
[    0.009894] NODE_DATA(0) allocated [mem 0x21fdfc000-0x21fdfffff]
[    0.009912] Zone ranges:
[    0.009913]   DMA      [mem 0x0000000000001000-0x0000000000ffffff]
[    0.009914]   DMA32    [mem 0x0000000001000000-0x00000000ffffffff]
[    0.009914]   Normal   [mem 0x0000000100000000-0x000000021fdfffff]
[    0.009915]   Device   empty
[    0.009915] Movable zone start for each node
[    0.009916] Early memory node ranges
[    0.009916]   node   0: [mem 0x0000000000001000-0x0000000000057fff]
[    0.009917]   node   0: [mem 0x0000000000059000-0x000000000009efff]
[    0.009917]   node   0: [mem 0x0000000000100000-0x00000000c6522fff]
[    0.009918]   node   0: [mem 0x00000000c652a000-0x00000000c696dfff]
[    0.009918]   node   0: [mem 0x00000000c6eff000-0x00000000d8da6fff]
[    0.009918]   node   0: [mem 0x00000000d8e40000-0x00000000d8e92fff]
[    0.009919]   node   0: [mem 0x00000000d9fff000-0x00000000d9ffffff]
[    0.009919]   node   0: [mem 0x0000000100000000-0x000000021fdfffff]
[    0.009922] Reserved but unavailable: 98 pages
[    0.009922] Initmem setup node 0 [mem 0x0000000000001000-0x000000021fdfffff]
[    0.009923] On node 0 totalpages: 2065920
[    0.009924]   DMA zone: 64 pages used for memmap
[    0.009924]   DMA zone: 27 pages reserved
[    0.009925]   DMA zone: 3997 pages, LIFO batch:0
[    0.009985]   DMA32 zone: 13794 pages used for memmap
[    0.009986]   DMA32 zone: 882787 pages, LIFO batch:63
[    0.023437]   Normal zone: 18424 pages used for memmap
[    0.023438]   Normal zone: 1179136 pages, LIFO batch:63
[    0.040325] Reserving Intel graphics memory at [mem 0xdb200000-0xdf1fffff]
[    0.040392] ACPI: PM-Timer IO Port: 0x1808
[    0.040393] ACPI: Local APIC address 0xfee00000
[    0.040398] ACPI: LAPIC_NMI (acpi_id[0xff] high edge lint[0x1])
[    0.040407] IOAPIC[0]: apic_id 8, version 32, address 0xfec00000, GSI 0-23
[    0.040408] ACPI: INT_SRC_OVR (bus 0 bus_irq 0 global_irq 2 dfl dfl)
[    0.040409] ACPI: INT_SRC_OVR (bus 0 bus_irq 9 global_irq 9 high level)
[    0.040410] ACPI: IRQ0 used by override.
[    0.040411] ACPI: IRQ9 used by override.
[    0.040412] Using ACPI (MADT) for SMP configuration information
[    0.040413] ACPI: HPET id: 0x8086a701 base: 0xfed00000
[    0.040425] e820: update [mem 0xc99e3000-0xc9c23fff] usable ==> reserved
[    0.040432] smpboot: Allowing 8 CPUs, 0 hotplug CPUs
[    0.040459] PM: Registered nosave memory: [mem 0x00000000-0x00000fff]
[    0.040460] PM: Registered nosave memory: [mem 0x00058000-0x00058fff]
[    0.040462] PM: Registered nosave memory: [mem 0x0009f000-0x0009ffff]
[    0.040462] PM: Registered nosave memory: [mem 0x000a0000-0x000fffff]
[    0.040464] PM: Registered nosave memory: [mem 0xc6523000-0xc6529fff]
[    0.040465] PM: Registered nosave memory: [mem 0xc696e000-0xc6efefff]
[    0.040466] PM: Registered nosave memory: [mem 0xc99e3000-0xc9c23fff]
[    0.040468] PM: Registered nosave memory: [mem 0xd8da7000-0xd8e3ffff]
[    0.040469] PM: Registered nosave memory: [mem 0xd8e93000-0xd8fc7fff]
[    0.040469] PM: Registered nosave memory: [mem 0xd8fc8000-0xd9f80fff]
[    0.040470] PM: Registered nosave memory: [mem 0xd9f81000-0xd9ffefff]
[    0.040471] PM: Registered nosave memory: [mem 0xda000000-0xdaffffff]
[    0.040472] PM: Registered nosave memory: [mem 0xdb000000-0xdf1fffff]
[    0.040472] PM: Registered nosave memory: [mem 0xdf200000-0xf7ffffff]
[    0.040472] PM: Registered nosave memory: [mem 0xf8000000-0xfbffffff]
[    0.040473] PM: Registered nosave memory: [mem 0xfc000000-0xfebfffff]
[    0.040473] PM: Registered nosave memory: [mem 0xfec00000-0xfec00fff]
[    0.040473] PM: Registered nosave memory: [mem 0xfec01000-0xfecfffff]
[    0.040474] PM: Registered nosave memory: [mem 0xfed00000-0xfed03fff]
[    0.040474] PM: Registered nosave memory: [mem 0xfed04000-0xfed1bfff]
[    0.040474] PM: Registered nosave memory: [mem 0xfed1c000-0xfed1ffff]
[    0.040475] PM: Registered nosave memory: [mem 0xfed20000-0xfedfffff]
[    0.040475] PM: Registered nosave memory: [mem 0xfee00000-0xfee00fff]
[    0.040475] PM: Registered nosave memory: [mem 0xfee01000-0xfeffffff]
[    0.040476] PM: Registered nosave memory: [mem 0xff000000-0xffffffff]
[    0.040477] [mem 0xdf200000-0xf7ffffff] available for PCI devices
[    0.040478] Booting paravirtualized kernel on bare hardware
[    0.040480] clocksource: refined-jiffies: mask: 0xffffffff max_cycles: 0xffffffff, max_idle_ns: 19112604462750000 ns
[    0.121609] random: get_random_bytes called from start_kernel+0x93/0x530 with crng_init=0
[    0.121615] setup_percpu: NR_CPUS:320 nr_cpumask_bits:320 nr_cpu_ids:8 nr_node_ids:1
[    0.121877] percpu: Embedded 46 pages/cpu s151552 r8192 d28672 u262144
[    0.121883] pcpu-alloc: s151552 r8192 d28672 u262144 alloc=1*2097152
[    0.121884] pcpu-alloc: [0] 0 1 2 3 4 5 6 7 
[    0.121900] Built 1 zonelists, mobility grouping on.  Total pages: 2033611
[    0.121901] Policy zone: Normal
[    0.121901] Kernel command line: BOOT_IMAGE=/boot/vmlinuz-4.19-x86_64 root=UUID=049b41b7-ce65-4c3a-a153-a58e007ec15f rw video=1920x1080
[    0.127721] Calgary: detecting Calgary via BIOS EBDA area
[    0.127722] Calgary: Unable to locate Rio Grande table in EBDA - bailing!
[    0.155403] Memory: 7790460K/8263680K available (12300K kernel code, 1365K rwdata, 3600K rodata, 1612K init, 3728K bss, 473220K reserved, 0K cma-reserved)
[    0.155474] SLUB: HWalign=64, Order=0-3, MinObjects=0, CPUs=8, Nodes=1
[    0.155478] Kernel/User page tables isolation: enabled
[    0.161861] ftrace: allocating 36352 entries in 143 pages
[    0.172272] rcu: Hierarchical RCU implementation.
[    0.172273] rcu: 	RCU restricting CPUs from NR_CPUS=320 to nr_cpu_ids=8.
[    0.172273] rcu: Adjusting geometry for rcu_fanout_leaf=16, nr_cpu_ids=8
[    0.173289] NR_IRQS: 20736, nr_irqs: 488, preallocated irqs: 16
[    0.173474] Console: colour dummy device 80x25
[    0.173477] console [tty0] enabled
[    0.173488] ACPI: Core revision 20180810
[    0.173629] clocksource: hpet: mask: 0xffffffff max_cycles: 0xffffffff, max_idle_ns: 133484882848 ns
[    0.173637] hpet clockevent registered
[    0.173640] APIC: Switch to symmetric I/O mode setup
[    0.173641] DMAR: Host address width 39
[    0.173642] DMAR: DRHD base: 0x000000fed90000 flags: 0x0
[    0.173645] DMAR: dmar0: reg_base_addr fed90000 ver 1:0 cap c0000020660462 ecap f0101a
[    0.173646] DMAR: DRHD base: 0x000000fed91000 flags: 0x1
[    0.173648] DMAR: dmar1: reg_base_addr fed91000 ver 1:0 cap d2008020660462 ecap f010da
[    0.173649] DMAR: RMRR base: 0x000000d9ea3000 end: 0x000000d9eb1fff
[    0.173649] DMAR: RMRR base: 0x000000db000000 end: 0x000000df1fffff
[    0.173650] DMAR-IR: IOAPIC id 8 under DRHD base  0xfed91000 IOMMU 1
[    0.173651] DMAR-IR: HPET id 0 under DRHD base 0xfed91000
[    0.173651] DMAR-IR: Queued invalidation will be enabled to support x2apic and Intr-remapping.
[    0.174131] DMAR-IR: Enabled IRQ remapping in x2apic mode
[    0.174131] x2apic enabled
[    0.174137] Switched APIC routing to cluster x2apic.
[    0.174532] ..TIMER: vector=0x30 apic1=0 pin1=2 apic2=-1 pin2=-1
[    0.223643] clocksource: tsc-early: mask: 0xffffffffffffffff max_cycles: 0x3101c3322a1, max_idle_ns: 440795364882 ns
[    0.223652] Calibrating delay loop (skipped), value calculated using timer frequency.. 6799.70 BogoMIPS (lpj=33998520)
[    0.223653] pid_max: default: 32768 minimum: 301
[    0.224215] Security Framework initialized
[    0.224216] Yama: becoming mindful.
[    0.224219] AppArmor: AppArmor disabled by boot time parameter
[    0.225654] Dentry cache hash table entries: 1048576 (order: 11, 8388608 bytes)
[    0.226422] Inode-cache hash table entries: 524288 (order: 10, 4194304 bytes)
[    0.226454] Mount-cache hash table entries: 16384 (order: 5, 131072 bytes)
[    0.226479] Mountpoint-cache hash table entries: 16384 (order: 5, 131072 bytes)
[    0.226652] CPU0: Thermal monitoring enabled (TM1)
[    0.226663] process: using mwait in idle threads
[    0.226665] Last level iTLB entries: 4KB 1024, 2MB 1024, 4MB 1024
[    0.226665] Last level dTLB entries: 4KB 1024, 2MB 1024, 4MB 1024, 1GB 4
[    0.226666] Spectre V1 : Mitigation: usercopy/swapgs barriers and __user pointer sanitization
[    0.226667] Spectre V2 : Mitigation: Full generic retpoline
[    0.226667] Spectre V2 : Spectre v2 / SpectreRSB mitigation: Filling RSB on context switch
[    0.226668] Spectre V2 : Enabling Restricted Speculation for firmware calls
[    0.226673] Spectre V2 : mitigation: Enabling conditional Indirect Branch Prediction Barrier
[    0.226674] Spectre V2 : User space: Mitigation: STIBP via seccomp and prctl
[    0.226674] Speculative Store Bypass: Mitigation: Speculative Store Bypass disabled via prctl and seccomp
[    0.226691] MDS: Mitigation: Clear CPU buffers
[    0.229798] Freeing SMP alternatives memory: 28K
[    0.244522] TSC deadline timer enabled
[    0.244525] smpboot: CPU0: Intel(R) Core(TM) i7-4770 CPU @ 3.40GHz (family: 0x6, model: 0x3c, stepping: 0x3)
[    0.244582] Performance Events: PEBS fmt2+, Haswell events, 16-deep LBR, full-width counters, Intel PMU driver.
[    0.244613] ... version:                3
[    0.244613] ... bit width:              48
[    0.244614] ... generic registers:      4
[    0.244614] ... value mask:             0000ffffffffffff
[    0.244615] ... max period:             00007fffffffffff
[    0.244615] ... fixed-purpose events:   3
[    0.244615] ... event mask:             000000070000000f
[    0.244641] rcu: Hierarchical SRCU implementation.
[    0.245390] NMI watchdog: Enabled. Permanently consumes one hw-PMU counter.
[    0.245433] smp: Bringing up secondary CPUs ...
[    0.245486] x86: Booting SMP configuration:
[    0.245487] .... node  #0, CPUs:      #1 #2 #3 #4
[    0.247703] MDS CPU bug present and SMT on, data leak possible. See https://www.kernel.org/doc/html/latest/admin-guide/hw-vuln/mds.html for more details.
[    0.247703]  #5 #6 #7
[    0.247703] smp: Brought up 1 node, 8 CPUs
[    0.247703] smpboot: Max logical packages: 1
[    0.247703] smpboot: Total of 8 processors activated (54397.63 BogoMIPS)
[    0.253875] devtmpfs: initialized
[    0.253875] x86/mm: Memory block size: 128MB
[    0.254071] PM: Registering ACPI NVS region [mem 0xc6523000-0xc6529fff] (28672 bytes)
[    0.254071] PM: Registering ACPI NVS region [mem 0xd8e93000-0xd8fc7fff] (1265664 bytes)
[    0.254071] clocksource: jiffies: mask: 0xffffffff max_cycles: 0xffffffff, max_idle_ns: 19112604462750000 ns
[    0.254071] futex hash table entries: 2048 (order: 5, 131072 bytes)
[    0.254071] pinctrl core: initialized pinctrl subsystem
[    0.254071] RTC time: 13:47:25, date: 02/04/20
[    0.254071] NET: Registered protocol family 16
[    0.254071] audit: initializing netlink subsys (disabled)
[    0.254071] audit: type=2000 audit(1580824045.080:1): state=initialized audit_enabled=0 res=1
[    0.254071] cpuidle: using governor ladder
[    0.254071] cpuidle: using governor menu
[    0.254071] ACPI FADT declares the system doesn't support PCIe ASPM, so disable it
[    0.254071] ACPI: bus type PCI registered
[    0.254071] acpiphp: ACPI Hot Plug PCI Controller Driver version: 0.5
[    0.254071] PCI: MMCONFIG for domain 0000 [bus 00-3f] at [mem 0xf8000000-0xfbffffff] (base 0xf8000000)
[    0.254071] PCI: MMCONFIG at [mem 0xf8000000-0xfbffffff] reserved in E820
[    0.254071] PCI: Using configuration type 1 for base access
[    0.254071] core: PMU erratum BJ122, BV98, HSD29 worked around, HT is on
[    0.254303] HugeTLB registered 1.00 GiB page size, pre-allocated 0 pages
[    0.254303] HugeTLB registered 2.00 MiB page size, pre-allocated 0 pages
[    0.254303] ACPI: Added _OSI(Module Device)
[    0.254303] ACPI: Added _OSI(Processor Device)
[    0.254303] ACPI: Added _OSI(3.0 _SCP Extensions)
[    0.254303] ACPI: Added _OSI(Processor Aggregator Device)
[    0.254303] ACPI: Added _OSI(Linux-Dell-Video)
[    0.254303] ACPI: Added _OSI(Linux-Lenovo-NV-HDMI-Audio)
[    0.260591] ACPI: 5 ACPI AML tables successfully acquired and loaded
[    0.263745] ACPI: [Firmware Bug]: BIOS _OSI(Linux) query ignored
[    0.264395] ACPI: Dynamic OEM Table Load:
[    0.264395] ACPI: SSDT 0xFFFF942015C6AC00 0003D3 (v01 PmRef  Cpu0Cst  00003001 INTL 20120711)
[    0.264395] ACPI: Dynamic OEM Table Load:
[    0.264395] ACPI: SSDT 0xFFFF942015CD7000 0005AA (v01 PmRef  ApIst    00003000 INTL 20120711)
[    0.264395] ACPI: Dynamic OEM Table Load:
[    0.264395] ACPI: SSDT 0xFFFF942015822800 000119 (v01 PmRef  ApCst    00003000 INTL 20120711)
[    0.265151] ACPI: Interpreter enabled
[    0.265170] ACPI: (supports S0 S3 S4 S5)
[    0.265171] ACPI: Using IOAPIC for interrupt routing
[    0.265192] PCI: Using host bridge windows from ACPI; if necessary, use "pci=nocrs" and report a bug
[    0.265423] ACPI: Enabled 7 GPEs in block 00 to 3F
[    0.274963] ACPI: Power Resource [FN00] (off)
[    0.275020] ACPI: Power Resource [FN01] (off)
[    0.275076] ACPI: Power Resource [FN02] (off)
[    0.275130] ACPI: Power Resource [FN03] (off)
[    0.275189] ACPI: Power Resource [FN04] (off)
[    0.275833] ACPI: PCI Root Bridge [PCI0] (domain 0000 [bus 00-3e])
[    0.275837] acpi PNP0A08:00: _OSC: OS supports [ExtendedConfig ASPM ClockPM Segments MSI]
[    0.276056] acpi PNP0A08:00: _OSC: platform does not support [PCIeHotplug SHPCHotplug PME]
[    0.276188] acpi PNP0A08:00: _OSC: OS now controls [AER PCIeCapability LTR]
[    0.276188] acpi PNP0A08:00: FADT indicates ASPM is unsupported, using BIOS configuration
[    0.276574] PCI host bridge to bus 0000:00
[    0.276576] pci_bus 0000:00: root bus resource [io  0x0000-0x0cf7 window]
[    0.276577] pci_bus 0000:00: root bus resource [io  0x0d00-0xffff window]
[    0.276577] pci_bus 0000:00: root bus resource [mem 0x000a0000-0x000bffff window]
[    0.276578] pci_bus 0000:00: root bus resource [mem 0x000d0000-0x000d3fff window]
[    0.276579] pci_bus 0000:00: root bus resource [mem 0x000d4000-0x000d7fff window]
[    0.276579] pci_bus 0000:00: root bus resource [mem 0x000d8000-0x000dbfff window]
[    0.276580] pci_bus 0000:00: root bus resource [mem 0x000dc000-0x000dffff window]
[    0.276581] pci_bus 0000:00: root bus resource [mem 0xdf200000-0xfeafffff window]
[    0.276582] pci_bus 0000:00: root bus resource [bus 00-3e]
[    0.276587] pci 0000:00:00.0: [8086:0c00] type 00 class 0x060000
[    0.276656] pci 0000:00:02.0: [8086:0412] type 00 class 0x030000
[    0.276664] pci 0000:00:02.0: reg 0x10: [mem 0xf7800000-0xf7bfffff 64bit]
[    0.276668] pci 0000:00:02.0: reg 0x18: [mem 0xe0000000-0xefffffff 64bit pref]
[    0.276671] pci 0000:00:02.0: reg 0x20: [io  0xf000-0xf03f]
[    0.276679] pci 0000:00:02.0: BAR 2: assigned to efifb
[    0.276733] pci 0000:00:03.0: [8086:0c0c] type 00 class 0x040300
[    0.276739] pci 0000:00:03.0: reg 0x10: [mem 0xf7d14000-0xf7d17fff 64bit]
[    0.276816] pci 0000:00:14.0: [8086:8c31] type 00 class 0x0c0330
[    0.276833] pci 0000:00:14.0: reg 0x10: [mem 0xf7d00000-0xf7d0ffff 64bit]
[    0.276883] pci 0000:00:14.0: PME# supported from D3hot D3cold
[    0.276941] pci 0000:00:16.0: [8086:8c3a] type 00 class 0x078000
[    0.276959] pci 0000:00:16.0: reg 0x10: [mem 0xf7d1e000-0xf7d1e00f 64bit]
[    0.277012] pci 0000:00:16.0: PME# supported from D0 D3hot D3cold
[    0.277074] pci 0000:00:1a.0: [8086:8c2d] type 00 class 0x0c0320
[    0.277092] pci 0000:00:1a.0: reg 0x10: [mem 0xf7d1c000-0xf7d1c3ff]
[    0.277164] pci 0000:00:1a.0: PME# supported from D0 D3hot D3cold
[    0.277225] pci 0000:00:1b.0: [8086:8c20] type 00 class 0x040300
[    0.277240] pci 0000:00:1b.0: reg 0x10: [mem 0xf7d10000-0xf7d13fff 64bit]
[    0.277290] pci 0000:00:1b.0: PME# supported from D0 D3hot D3cold
[    0.277347] pci 0000:00:1c.0: [8086:8c10] type 01 class 0x060400
[    0.277410] pci 0000:00:1c.0: PME# supported from D0 D3hot D3cold
[    0.277511] pci 0000:00:1c.2: [8086:8c14] type 01 class 0x060400
[    0.277572] pci 0000:00:1c.2: PME# supported from D0 D3hot D3cold
[    0.277675] pci 0000:00:1d.0: [8086:8c26] type 00 class 0x0c0320
[    0.277694] pci 0000:00:1d.0: reg 0x10: [mem 0xf7d1b000-0xf7d1b3ff]
[    0.277766] pci 0000:00:1d.0: PME# supported from D0 D3hot D3cold
[    0.277829] pci 0000:00:1f.0: [8086:8c5c] type 00 class 0x060100
[    0.277974] pci 0000:00:1f.2: [8086:8c02] type 00 class 0x010601
[    0.277987] pci 0000:00:1f.2: reg 0x10: [io  0xf0b0-0xf0b7]
[    0.277993] pci 0000:00:1f.2: reg 0x14: [io  0xf0a0-0xf0a3]
[    0.277999] pci 0000:00:1f.2: reg 0x18: [io  0xf090-0xf097]
[    0.278004] pci 0000:00:1f.2: reg 0x1c: [io  0xf080-0xf083]
[    0.278010] pci 0000:00:1f.2: reg 0x20: [io  0xf060-0xf07f]
[    0.278016] pci 0000:00:1f.2: reg 0x24: [mem 0xf7d1a000-0xf7d1a7ff]
[    0.278045] pci 0000:00:1f.2: PME# supported from D3hot
[    0.278098] pci 0000:00:1f.3: [8086:8c22] type 00 class 0x0c0500
[    0.278112] pci 0000:00:1f.3: reg 0x10: [mem 0xf7d19000-0xf7d190ff 64bit]
[    0.278129] pci 0000:00:1f.3: reg 0x20: [io  0xf040-0xf05f]
[    0.278239] acpiphp: Slot [1] registered
[    0.278244] pci 0000:00:1c.0: PCI bridge to [bus 01]
[    0.278306] pci 0000:02:00.0: [10ec:8168] type 00 class 0x020000
[    0.278334] pci 0000:02:00.0: reg 0x10: [io  0xe000-0xe0ff]
[    0.278360] pci 0000:02:00.0: reg 0x18: [mem 0xf7c00000-0xf7c00fff 64bit]
[    0.278376] pci 0000:02:00.0: reg 0x20: [mem 0xf0000000-0xf0003fff 64bit pref]
[    0.278469] pci 0000:02:00.0: supports D1 D2
[    0.278469] pci 0000:02:00.0: PME# supported from D0 D1 D2 D3hot D3cold
[    0.278569] pci 0000:00:1c.2: PCI bridge to [bus 02]
[    0.278571] pci 0000:00:1c.2:   bridge window [io  0xe000-0xefff]
[    0.278574] pci 0000:00:1c.2:   bridge window [mem 0xf7c00000-0xf7cfffff]
[    0.278578] pci 0000:00:1c.2:   bridge window [mem 0xf0000000-0xf00fffff 64bit pref]
[    0.279191] ACPI: PCI Interrupt Link [LNKA] (IRQs 3 4 5 6 10 *11 12 14 15)
[    0.279237] ACPI: PCI Interrupt Link [LNKB] (IRQs 3 4 5 6 10 11 12 14 15) *0, disabled.
[    0.279282] ACPI: PCI Interrupt Link [LNKC] (IRQs *3 4 5 6 10 11 12 14 15)
[    0.279326] ACPI: PCI Interrupt Link [LNKD] (IRQs 3 4 5 6 *10 11 12 14 15)
[    0.279370] ACPI: PCI Interrupt Link [LNKE] (IRQs 3 4 5 6 10 11 12 14 15) *0, disabled.
[    0.279414] ACPI: PCI Interrupt Link [LNKF] (IRQs 3 4 5 6 10 11 12 14 15) *0, disabled.
[    0.279458] ACPI: PCI Interrupt Link [LNKG] (IRQs 3 4 *5 6 10 11 12 14 15)
[    0.279502] ACPI: PCI Interrupt Link [LNKH] (IRQs 3 4 5 6 10 *11 12 14 15)
[    0.279824] pci 0000:00:02.0: vgaarb: setting as boot VGA device
[    0.279824] pci 0000:00:02.0: vgaarb: VGA device added: decodes=io+mem,owns=io+mem,locks=none
[    0.279824] pci 0000:00:02.0: vgaarb: bridge control possible
[    0.279824] vgaarb: loaded
[    0.279824] ACPI: bus type USB registered
[    0.279824] usbcore: registered new interface driver usbfs
[    0.279824] usbcore: registered new interface driver hub
[    0.279824] usbcore: registered new device driver usb
[    0.279824] pps_core: LinuxPPS API ver. 1 registered
[    0.279824] pps_core: Software ver. 5.3.6 - Copyright 2005-2007 Rodolfo Giometti <giometti@linux.it>
[    0.279824] PTP clock support registered
[    0.279824] EDAC MC: Ver: 3.0.0
[    0.279824] Registered efivars operations
[    0.279824] PCI: Using ACPI for IRQ routing
[    0.279824] PCI: pci_cache_line_size set to 64 bytes
[    0.279824] e820: reserve RAM buffer [mem 0x00058000-0x0005ffff]
[    0.279824] e820: reserve RAM buffer [mem 0x0009f000-0x0009ffff]
[    0.279824] e820: reserve RAM buffer [mem 0xc6523000-0xc7ffffff]
[    0.279824] e820: reserve RAM buffer [mem 0xc696e000-0xc7ffffff]
[    0.279824] e820: reserve RAM buffer [mem 0xc99e3000-0xcbffffff]
[    0.279824] e820: reserve RAM buffer [mem 0xd8da7000-0xdbffffff]
[    0.279824] e820: reserve RAM buffer [mem 0xd8e93000-0xdbffffff]
[    0.279824] e820: reserve RAM buffer [mem 0xda000000-0xdbffffff]
[    0.279824] e820: reserve RAM buffer [mem 0x21fe00000-0x21fffffff]
[    0.279824] NetLabel: Initializing
[    0.279824] NetLabel:  domain hash size = 128
[    0.279824] NetLabel:  protocols = UNLABELED CIPSOv4 CALIPSO
[    0.279824] NetLabel:  unlabeled traffic allowed by default
[    0.279824] hpet0: at MMIO 0xfed00000, IRQs 2, 8, 0, 0, 0, 0, 0, 0
[    0.279824] hpet0: 8 comparators, 64-bit 14.318180 MHz counter
[    0.283649] clocksource: Switched to clocksource tsc-early
[    0.290717] VFS: Disk quotas dquot_6.6.0
[    0.290727] VFS: Dquot-cache hash table entries: 512 (order 0, 4096 bytes)
[    0.290769] pnp: PnP ACPI init
[    0.290832] system 00:00: [mem 0xfed40000-0xfed44fff] has been reserved
[    0.290835] system 00:00: Plug and Play ACPI device, IDs PNP0c01 (active)
[    0.290992] system 00:01: [io  0x0680-0x069f] has been reserved
[    0.290993] system 00:01: [io  0xffff] has been reserved
[    0.290994] system 00:01: [io  0xffff] has been reserved
[    0.290994] system 00:01: [io  0xffff] has been reserved
[    0.290995] system 00:01: [io  0x1c00-0x1cfe] has been reserved
[    0.290996] system 00:01: [io  0x1d00-0x1dfe] has been reserved
[    0.290996] system 00:01: [io  0x1e00-0x1efe] has been reserved
[    0.290997] system 00:01: [io  0x1f00-0x1ffe] has been reserved
[    0.290998] system 00:01: [io  0x1800-0x18fe] has been reserved
[    0.290999] system 00:01: [io  0x164e-0x164f] has been reserved
[    0.291001] system 00:01: Plug and Play ACPI device, IDs PNP0c02 (active)
[    0.291014] pnp 00:02: Plug and Play ACPI device, IDs PNP0b00 (active)
[    0.291048] system 00:03: [io  0x1854-0x1857] has been reserved
[    0.291050] system 00:03: Plug and Play ACPI device, IDs INT3f0d PNP0c02 (active)
[    0.291138] system 00:04: [io  0x0a00-0x0a0f] has been reserved
[    0.291139] system 00:04: [io  0x0a10-0x0a1f] has been reserved
[    0.291141] system 00:04: Plug and Play ACPI device, IDs PNP0c02 (active)
[    0.291274] pnp 00:05: [dma 0 disabled]
[    0.291301] pnp 00:05: Plug and Play ACPI device, IDs PNP0501 (active)
[    0.291334] system 00:06: [io  0x04d0-0x04d1] has been reserved
[    0.291337] system 00:06: Plug and Play ACPI device, IDs PNP0c02 (active)
[    0.291702] system 00:07: [mem 0xfed1c000-0xfed1ffff] has been reserved
[    0.291703] system 00:07: [mem 0xfed10000-0xfed17fff] has been reserved
[    0.291704] system 00:07: [mem 0xfed18000-0xfed18fff] has been reserved
[    0.291704] system 00:07: [mem 0xfed19000-0xfed19fff] has been reserved
[    0.291705] system 00:07: [mem 0xf8000000-0xfbffffff] has been reserved
[    0.291706] system 00:07: [mem 0xfed20000-0xfed3ffff] has been reserved
[    0.291707] system 00:07: [mem 0xfed90000-0xfed93fff] could not be reserved
[    0.291708] system 00:07: [mem 0xfed45000-0xfed8ffff] has been reserved
[    0.291709] system 00:07: [mem 0xff000000-0xffffffff] has been reserved
[    0.291710] system 00:07: [mem 0xfee00000-0xfeefffff] could not be reserved
[    0.291710] system 00:07: [mem 0xf7fdf000-0xf7fdffff] has been reserved
[    0.291711] system 00:07: [mem 0xf7fe0000-0xf7feffff] has been reserved
[    0.291713] system 00:07: Plug and Play ACPI device, IDs PNP0c02 (active)
[    0.291909] pnp: PnP ACPI: found 8 devices
[    0.297204] clocksource: acpi_pm: mask: 0xffffff max_cycles: 0xffffff, max_idle_ns: 2085701024 ns
[    0.297213] pci 0000:00:1c.0: bridge window [io  0x1000-0x0fff] to [bus 01] add_size 1000
[    0.297215] pci 0000:00:1c.0: bridge window [mem 0x00100000-0x000fffff 64bit pref] to [bus 01] add_size 200000 add_align 100000
[    0.297216] pci 0000:00:1c.0: bridge window [mem 0x00100000-0x000fffff] to [bus 01] add_size 200000 add_align 100000
[    0.297225] pci 0000:00:1c.0: BAR 14: assigned [mem 0xdf200000-0xdf3fffff]
[    0.297229] pci 0000:00:1c.0: BAR 15: assigned [mem 0xdf400000-0xdf5fffff 64bit pref]
[    0.297231] pci 0000:00:1c.0: BAR 13: assigned [io  0x2000-0x2fff]
[    0.297232] pci 0000:00:1c.0: PCI bridge to [bus 01]
[    0.297234] pci 0000:00:1c.0:   bridge window [io  0x2000-0x2fff]
[    0.297238] pci 0000:00:1c.0:   bridge window [mem 0xdf200000-0xdf3fffff]
[    0.297240] pci 0000:00:1c.0:   bridge window [mem 0xdf400000-0xdf5fffff 64bit pref]
[    0.297245] pci 0000:00:1c.2: PCI bridge to [bus 02]
[    0.297247] pci 0000:00:1c.2:   bridge window [io  0xe000-0xefff]
[    0.297250] pci 0000:00:1c.2:   bridge window [mem 0xf7c00000-0xf7cfffff]
[    0.297252] pci 0000:00:1c.2:   bridge window [mem 0xf0000000-0xf00fffff 64bit pref]
[    0.297258] pci_bus 0000:00: resource 4 [io  0x0000-0x0cf7 window]
[    0.297258] pci_bus 0000:00: resource 5 [io  0x0d00-0xffff window]
[    0.297259] pci_bus 0000:00: resource 6 [mem 0x000a0000-0x000bffff window]
[    0.297260] pci_bus 0000:00: resource 7 [mem 0x000d0000-0x000d3fff window]
[    0.297260] pci_bus 0000:00: resource 8 [mem 0x000d4000-0x000d7fff window]
[    0.297261] pci_bus 0000:00: resource 9 [mem 0x000d8000-0x000dbfff window]
[    0.297262] pci_bus 0000:00: resource 10 [mem 0x000dc000-0x000dffff window]
[    0.297262] pci_bus 0000:00: resource 11 [mem 0xdf200000-0xfeafffff window]
[    0.297263] pci_bus 0000:01: resource 0 [io  0x2000-0x2fff]
[    0.297264] pci_bus 0000:01: resource 1 [mem 0xdf200000-0xdf3fffff]
[    0.297264] pci_bus 0000:01: resource 2 [mem 0xdf400000-0xdf5fffff 64bit pref]
[    0.297265] pci_bus 0000:02: resource 0 [io  0xe000-0xefff]
[    0.297266] pci_bus 0000:02: resource 1 [mem 0xf7c00000-0xf7cfffff]
[    0.297266] pci_bus 0000:02: resource 2 [mem 0xf0000000-0xf00fffff 64bit pref]
[    0.297354] NET: Registered protocol family 2
[    0.297456] tcp_listen_portaddr_hash hash table entries: 4096 (order: 4, 65536 bytes)
[    0.297477] TCP established hash table entries: 65536 (order: 7, 524288 bytes)
[    0.297575] TCP bind hash table entries: 65536 (order: 8, 1048576 bytes)
[    0.297733] TCP: Hash tables configured (established 65536 bind 65536)
[    0.297758] UDP hash table entries: 4096 (order: 5, 131072 bytes)
[    0.297783] UDP-Lite hash table entries: 4096 (order: 5, 131072 bytes)
[    0.297831] NET: Registered protocol family 1
[    0.297834] NET: Registered protocol family 44
[    0.297841] pci 0000:00:02.0: Video device with shadowed ROM at [mem 0x000c0000-0x000dffff]
[    0.298186] PCI: CLS 64 bytes, default 64
[    0.298211] Unpacking initramfs...
[    0.393300] Freeing initrd memory: 12284K
[    0.453663] PCI-DMA: Using software bounce buffering for IO (SWIOTLB)
[    0.453664] software IO TLB: mapped [mem 0xc2523000-0xc6523000] (64MB)
[    0.453774] Scanning for low memory corruption every 60 seconds
[    0.454152] Initialise system trusted keyrings
[    0.454158] Key type blacklist registered
[    0.454195] workingset: timestamp_bits=41 max_order=21 bucket_order=0
[    0.454926] zbud: loaded
[    0.455829] Key type asymmetric registered
[    0.455829] Asymmetric key parser 'x509' registered
[    0.455835] Block layer SCSI generic (bsg) driver version 0.4 loaded (major 244)
[    0.455856] io scheduler noop registered
[    0.455857] io scheduler deadline registered
[    0.455876] io scheduler cfq registered
[    0.455876] io scheduler mq-deadline registered
[    0.455877] io scheduler kyber registered
[    0.455890] io scheduler bfq registered
[    0.455903] io scheduler bfq-sq registered (default)
[    0.455903] BFQ I/O-scheduler: v10 (with cgroups support)
[    0.455915] io scheduler bfq-mq registered
[    0.455915] BFQ I/O-scheduler: v10 (with cgroups support)
[    0.456234] shpchp: Standard Hot Plug PCI Controller Driver version: 0.4
[    0.456275] efifb: probing for efifb
[    0.456285] efifb: framebuffer at 0xe0000000, using 8128k, total 8128k
[    0.456286] efifb: mode is 1920x1080x32, linelength=7680, pages=1
[    0.456286] efifb: scrolling: redraw
[    0.456287] efifb: Truecolor: size=8:8:8:8, shift=24:16:8:0
[    0.456312] fbcon: Deferring console take-over
[    0.456312] fb0: EFI VGA frame buffer device
[    0.456317] intel_idle: MWAIT substates: 0x42120
[    0.456318] intel_idle: v0.4.1 model 0x3C
[    0.456503] intel_idle: lapic_timer_reliable_states 0xffffffff
[    0.456554] input: Power Button as /devices/LNXSYSTM:00/LNXSYBUS:00/PNP0C0C:00/input/input0
[    0.456564] ACPI: Power Button [PWRB]
[    0.456595] input: Power Button as /devices/LNXSYSTM:00/LNXPWRBN:00/input/input1
[    0.456618] ACPI: Power Button [PWRF]
[    0.457167] thermal LNXTHERM:00: registered as thermal_zone0
[    0.457168] ACPI: Thermal Zone [TZ00] (28 C)
[    0.457370] thermal LNXTHERM:01: registered as thermal_zone1
[    0.457370] ACPI: Thermal Zone [TZ01] (30 C)
[    0.457486] Serial: 8250/16550 driver, 4 ports, IRQ sharing enabled
[    0.478050] 00:05: ttyS0 at I/O 0x3f8 (irq = 4, base_baud = 115200) is a 16550A
[    0.478398] AMD IOMMUv2 driver by Joerg Roedel <jroedel@suse.de>
[    0.478399] AMD IOMMUv2 functionality not available on this system
[    0.478950] usbcore: registered new interface driver usbserial_generic
[    0.478952] usbserial: USB Serial support registered for generic
[    0.478967] rtc_cmos 00:02: RTC can wake from S4
[    0.479092] rtc_cmos 00:02: registered as rtc0
[    0.479101] rtc_cmos 00:02: alarms up to one month, y3k, 242 bytes nvram, hpet irqs
[    0.479134] intel_pstate: Intel P-state driver initializing
[    0.479600] ledtrig-cpu: registered to indicate activity on CPUs
[    0.480156] NET: Registered protocol family 10
[    0.492116] Segment Routing with IPv6
[    0.492140] NET: Registered protocol family 17
[    0.492641] mce: Using 9 MCE banks
[    0.492650] RAS: Correctable Errors collector initialized.
[    0.492669] microcode: sig=0x306c3, pf=0x2, revision=0x27
[    0.492821] microcode: Microcode Update Driver: v2.2.
[    0.492827] sched_clock: Marking stable (492634334, 185018)->(500755794, -7936442)
[    0.492983] registered taskstats version 1
[    0.492986] Loading compiled-in X.509 certificates
[    0.494728] Loaded X.509 cert 'Build time autogenerated kernel key: e144fbb80273f2185e427b6d2ec3533ae683a0f0'
[    0.494740] zswap: loaded using pool lzo/zbud
[    0.497162] Key type big_key registered
[    0.497423]   Magic number: 8:887:785
[    0.497495] rtc_cmos 00:02: setting system clock to 2020-02-04 13:47:26 UTC (1580824046)
[    0.690571] Freeing unused decrypted memory: 2040K
[    0.840253] Freeing unused kernel image memory: 1612K
[    0.883720] Write protecting the kernel read-only data: 18432k
[    0.885906] Freeing unused kernel image memory: 2008K
[    0.886163] Freeing unused kernel image memory: 496K
[    0.904414] x86/mm: Checked W+X mappings: passed, no W+X pages found.
[    0.904415] x86/mm: Checking user space page tables
[    0.910365] x86/mm: Checked W+X mappings: passed, no W+X pages found.
[    0.910366] Run /init as init process
[    0.924785] fbcon: Taking over console
[    0.924874] Console: switching to colour frame buffer device 240x67
[    1.059292] ehci_hcd: USB 2.0 'Enhanced' Host Controller (EHCI) Driver
[    1.060175] ehci-pci: EHCI PCI platform driver
[    1.060292] ehci-pci 0000:00:1a.0: EHCI Host Controller
[    1.060296] ehci-pci 0000:00:1a.0: new USB bus registered, assigned bus number 1
[    1.060306] ehci-pci 0000:00:1a.0: debug port 2
[    1.064202] ehci-pci 0000:00:1a.0: cache line size of 64 is not supported
[    1.064221] ehci-pci 0000:00:1a.0: irq 16, io mem 0xf7d1c000
[    1.064325] SCSI subsystem initialized
[    1.069041] libata version 3.00 loaded.
[    1.071145] ahci 0000:00:1f.2: version 3.0
[    1.071275] ahci 0000:00:1f.2: AHCI 0001.0300 32 slots 4 ports 6 Gbps 0x1 impl SATA mode
[    1.071276] ahci 0000:00:1f.2: flags: 64bit ncq led clo pio slum part ems 
[    1.071670] scsi host0: ahci
[    1.071763] scsi host1: ahci
[    1.071833] scsi host2: ahci
[    1.071897] scsi host3: ahci
[    1.071944] ata1: SATA max UDMA/133 abar m2048@0xf7d1a000 port 0xf7d1a100 irq 26
[    1.071945] ata2: DUMMY
[    1.071946] ata3: DUMMY
[    1.071946] ata4: DUMMY
[    1.093684] ehci-pci 0000:00:1a.0: USB 2.0 started, EHCI 1.00
[    1.093786] usb usb1: New USB device found, idVendor=1d6b, idProduct=0002, bcdDevice= 4.19
[    1.093787] usb usb1: New USB device strings: Mfr=3, Product=2, SerialNumber=1
[    1.093788] usb usb1: Product: EHCI Host Controller
[    1.093790] usb usb1: Manufacturer: Linux 4.19.99-1-MANJARO ehci_hcd
[    1.093790] usb usb1: SerialNumber: 0000:00:1a.0
[    1.093951] hub 1-0:1.0: USB hub found
[    1.093970] hub 1-0:1.0: 2 ports detected
[    1.094227] xhci_hcd 0000:00:14.0: xHCI Host Controller
[    1.094233] xhci_hcd 0000:00:14.0: new USB bus registered, assigned bus number 2
[    1.095287] xhci_hcd 0000:00:14.0: hcc params 0x200077c1 hci version 0x100 quirks 0x0000000000009810
[    1.095292] xhci_hcd 0000:00:14.0: cache line size of 64 is not supported
[    1.095593] usb usb2: New USB device found, idVendor=1d6b, idProduct=0002, bcdDevice= 4.19
[    1.095595] usb usb2: New USB device strings: Mfr=3, Product=2, SerialNumber=1
[    1.095596] usb usb2: Product: xHCI Host Controller
[    1.095597] usb usb2: Manufacturer: Linux 4.19.99-1-MANJARO xhci-hcd
[    1.095598] usb usb2: SerialNumber: 0000:00:14.0
[    1.095771] hub 2-0:1.0: USB hub found
[    1.095808] hub 2-0:1.0: 10 ports detected
[    1.097922] ehci-pci 0000:00:1d.0: EHCI Host Controller
[    1.097928] ehci-pci 0000:00:1d.0: new USB bus registered, assigned bus number 3
[    1.097930] xhci_hcd 0000:00:14.0: xHCI Host Controller
[    1.097933] xhci_hcd 0000:00:14.0: new USB bus registered, assigned bus number 4
[    1.097935] xhci_hcd 0000:00:14.0: Host supports USB 3.0 SuperSpeed
[    1.097939] ehci-pci 0000:00:1d.0: debug port 2
[    1.098054] usb usb4: New USB device found, idVendor=1d6b, idProduct=0003, bcdDevice= 4.19
[    1.098056] usb usb4: New USB device strings: Mfr=3, Product=2, SerialNumber=1
[    1.098057] usb usb4: Product: xHCI Host Controller
[    1.098058] usb usb4: Manufacturer: Linux 4.19.99-1-MANJARO xhci-hcd
[    1.098059] usb usb4: SerialNumber: 0000:00:14.0
[    1.098218] hub 4-0:1.0: USB hub found
[    1.098230] hub 4-0:1.0: 2 ports detected
[    1.101859] ehci-pci 0000:00:1d.0: cache line size of 64 is not supported
[    1.101870] ehci-pci 0000:00:1d.0: irq 23, io mem 0xf7d1b000
[    1.123699] ehci-pci 0000:00:1d.0: USB 2.0 started, EHCI 1.00
[    1.123983] usb usb3: New USB device found, idVendor=1d6b, idProduct=0002, bcdDevice= 4.19
[    1.123986] usb usb3: New USB device strings: Mfr=3, Product=2, SerialNumber=1
[    1.123987] usb usb3: Product: EHCI Host Controller
[    1.123989] usb usb3: Manufacturer: Linux 4.19.99-1-MANJARO ehci_hcd
[    1.123990] usb usb3: SerialNumber: 0000:00:1d.0
[    1.124262] hub 3-0:1.0: USB hub found
[    1.124304] hub 3-0:1.0: 2 ports detected
[    1.405250] ata1: SATA link up 6.0 Gbps (SStatus 133 SControl 300)
[    1.413208] ata1.00: ATA-9: ST1000DM003-1CH162, CC47, max UDMA/133
[    1.413212] ata1.00: 1953525168 sectors, multi 16: LBA48 NCQ (depth 32), AA
[    1.414407] ata1.00: configured for UDMA/133
[    1.414670] scsi 0:0:0:0: Direct-Access     ATA      ST1000DM003-1CH1 CC47 PQ: 0 ANSI: 5
[    1.424430] sd 0:0:0:0: [sda] 1953525168 512-byte logical blocks: (1.00 TB/932 GiB)
[    1.424433] sd 0:0:0:0: [sda] 4096-byte physical blocks
[    1.424441] sd 0:0:0:0: [sda] Write Protect is off
[    1.424443] sd 0:0:0:0: [sda] Mode Sense: 00 3a 00 00
[    1.424455] sd 0:0:0:0: [sda] Write cache: enabled, read cache: enabled, doesn't support DPO or FUA
[    1.473697] usb 1-1: new high-speed USB device number 2 using ehci-pci
[    1.481942]  sda: sda1 sda2 sda3 sda4 sda5 sda6 sda7 sda8 sda9
[    1.483043] sd 0:0:0:0: [sda] Attached SCSI disk
[    1.493676] usb 3-1: new high-speed USB device number 2 using ehci-pci
[    1.533721] tsc: Refined TSC clocksource calibration: 3399.996 MHz
[    1.533735] clocksource: tsc: mask: 0xffffffffffffffff max_cycles: 0x31024b3bec5, max_idle_ns: 440795366697 ns
[    1.533785] clocksource: Switched to clocksource tsc
[    1.674409] usb 1-1: New USB device found, idVendor=8087, idProduct=8008, bcdDevice= 0.05
[    1.674413] usb 1-1: New USB device strings: Mfr=0, Product=0, SerialNumber=0
[    1.674963] hub 1-1:1.0: USB hub found
[    1.675081] hub 1-1:1.0: 4 ports detected
[    1.694221] usb 3-1: New USB device found, idVendor=8087, idProduct=8000, bcdDevice= 0.05
[    1.694225] usb 3-1: New USB device strings: Mfr=0, Product=0, SerialNumber=0
[    1.694654] hub 3-1:1.0: USB hub found
[    1.694828] hub 3-1:1.0: 6 ports detected
[    2.150468] random: fast init done
[    2.293766] usb 4-2: new SuperSpeed Gen 1 USB device number 2 using xhci_hcd
[    2.324610] usb 4-2: New USB device found, idVendor=0bc2, idProduct=ab26, bcdDevice= 1.08
[    2.324611] usb 4-2: New USB device strings: Mfr=1, Product=2, SerialNumber=3
[    2.324611] usb 4-2: Product: BUP Slim BL
[    2.324612] usb 4-2: Manufacturer: Seagate
[    2.324613] usb 4-2: SerialNumber: NA9C8HAD
[    2.327615] usbcore: registered new interface driver usb-storage
[    2.330593] scsi host4: uas
[    2.330645] usbcore: registered new interface driver uas
[    2.330973] scsi 4:0:0:0: Direct-Access     Seagate  BUP Slim BL      0108 PQ: 0 ANSI: 6
[    2.332136] sd 4:0:0:0: [sdb] 1953525167 512-byte logical blocks: (1.00 TB/932 GiB)
[    2.332137] sd 4:0:0:0: [sdb] 4096-byte physical blocks
[    2.332288] sd 4:0:0:0: [sdb] Write Protect is off
[    2.332289] sd 4:0:0:0: [sdb] Mode Sense: 53 00 00 08
[    2.332564] sd 4:0:0:0: [sdb] Write cache: enabled, read cache: enabled, doesn't support DPO or FUA
[    2.332805] sd 4:0:0:0: [sdb] Optimal transfer size 33553920 bytes not a multiple of physical block size (4096 bytes)
[    2.334637]  sdb: sdb1
[    2.335801] sd 4:0:0:0: [sdb] Attached SCSI disk
[    2.473693] usb 2-3: new full-speed USB device number 3 using xhci_hcd
[    2.659997] usb 2-3: New USB device found, idVendor=04d9, idProduct=a070, bcdDevice= 2.40
[    2.659998] usb 2-3: New USB device strings: Mfr=1, Product=2, SerialNumber=0
[    2.659999] usb 2-3: Product: USB Gaming Mouse
[    2.659999] usb 2-3: Manufacturer: Holtek
[    2.663538] hidraw: raw HID events driver (C) Jiri Kosina
[    2.672522] usbcore: registered new interface driver usbhid
[    2.672522] usbhid: USB HID core driver
[    2.674152] input: Holtek USB Gaming Mouse as /devices/pci0000:00/0000:00:14.0/usb2/2-3/2-3:1.0/0003:04D9:A070.0001/input/input2
[    2.743781] holtek_mouse 0003:04D9:A070.0001: input,hidraw0: USB HID v1.10 Keyboard [Holtek USB Gaming Mouse] on usb-0000:00:14.0-3/input0
[    2.743953] input: Holtek USB Gaming Mouse as /devices/pci0000:00/0000:00:14.0/usb2/2-3/2-3:1.1/0003:04D9:A070.0002/input/input3
[    2.803671] usb 2-4: new full-speed USB device number 4 using xhci_hcd
[    2.813823] holtek_mouse 0003:04D9:A070.0002: input,hiddev0,hidraw1: USB HID v1.10 Mouse [Holtek USB Gaming Mouse] on usb-0000:00:14.0-3/input1
[    2.813911] holtek_mouse 0003:04D9:A070.0003: hiddev1,hidraw2: USB HID v1.10 Device [Holtek USB Gaming Mouse] on usb-0000:00:14.0-3/input2
[    2.995459] usb 2-4: New USB device found, idVendor=0c45, idProduct=672e, bcdDevice= 1.00
[    2.995462] usb 2-4: New USB device strings: Mfr=1, Product=2, SerialNumber=0
[    2.995463] usb 2-4: Product: USB DEVICE
[    2.995465] usb 2-4: Manufacturer: SONiX
[    2.997937] input: SONiX USB DEVICE as /devices/pci0000:00/0000:00:14.0/usb2/2-4/2-4:1.0/0003:0C45:672E.0004/input/input4
[    3.063824] hid-generic 0003:0C45:672E.0004: input,hidraw3: USB HID v1.11 Keyboard [SONiX USB DEVICE] on usb-0000:00:14.0-4/input0
[    3.065297] input: SONiX USB DEVICE Keyboard as /devices/pci0000:00/0000:00:14.0/usb2/2-4/2-4:1.1/0003:0C45:672E.0005/input/input5
[    3.133700] input: SONiX USB DEVICE Wireless Radio Control as /devices/pci0000:00/0000:00:14.0/usb2/2-4/2-4:1.1/0003:0C45:672E.0005/input/input6
[    3.133721] input: SONiX USB DEVICE Consumer Control as /devices/pci0000:00/0000:00:14.0/usb2/2-4/2-4:1.1/0003:0C45:672E.0005/input/input7
[    3.133732] input: SONiX USB DEVICE as /devices/pci0000:00/0000:00:14.0/usb2/2-4/2-4:1.1/0003:0C45:672E.0005/input/input8
[    3.133784] hid-generic 0003:0C45:672E.0005: input,hiddev2,hidraw4: USB HID v1.11 Keyboard [SONiX USB DEVICE] on usb-0000:00:14.0-4/input1
[    3.283723] usb 2-8: new full-speed USB device number 5 using xhci_hcd
[    3.466281] usb 2-8: New USB device found, idVendor=1ea7, idProduct=0064, bcdDevice= 2.00
[    3.466285] usb 2-8: New USB device strings: Mfr=0, Product=1, SerialNumber=0
[    3.466287] usb 2-8: Product: 2.4G Mouse
[    3.469881] input: 2.4G Mouse as /devices/pci0000:00/0000:00:14.0/usb2/2-8/2-8:1.0/0003:1EA7:0064.0006/input/input9
[    3.469933] input: 2.4G Mouse Mouse as /devices/pci0000:00/0000:00:14.0/usb2/2-8/2-8:1.0/0003:1EA7:0064.0006/input/input10
[    3.470078] hid-generic 0003:1EA7:0064.0006: input,hiddev3,hidraw5: USB HID v1.10 Mouse [2.4G Mouse] on usb-0000:00:14.0-8/input0
[    5.615342] EXT4-fs (sda7): mounted filesystem with ordered data mode. Opts: (null)
[    6.928054] systemd[1]: systemd 242.153-3-manjaro running in system mode. (+PAM +AUDIT -SELINUX -IMA -APPARMOR +SMACK -SYSVINIT +UTMP +LIBCRYPTSETUP +GCRYPT +GNUTLS +ACL +XZ +LZ4 +SECCOMP +BLKID +ELFUTILS +KMOD +IDN2 -IDN +PCRE2 default-hierarchy=hybrid)
[    6.953733] systemd[1]: Detected architecture x86-64.
[    6.994747] systemd[1]: Set hostname to <LINUXPC>.
[    9.341554] systemd[1]: /etc/systemd/system/teamviewerd.service:9: PIDFile= references a path below legacy directory /var/run/, updating /var/run/teamviewerd.pid â†’ /run/teamviewerd.pid; please update the unit file accordingly.
[    9.414776] systemd[1]: Listening on udev Control Socket.
[    9.414830] systemd[1]: Reached target Login Prompts.
[    9.414967] systemd[1]: Set up automount Arbitrary Executable File Formats File System Automount Point.
[    9.421392] systemd[1]: Listening on LVM2 poll daemon socket.
[    9.422811] systemd[1]: Created slice system-systemd\x2dfsck.slice.
[    9.422928] systemd[1]: Created slice system-getty.slice.
[    9.532607] EXT4-fs (sda7): re-mounted. Opts: (null)
[    9.647415] random: systemd-random-: uninitialized urandom read (512 bytes read)
[    9.763519] audit: type=1130 audit(1580824055.746:2): pid=1 uid=0 auid=4294967295 ses=4294967295 msg='unit=systemd-journald comm="systemd" exe="/usr/lib/systemd/systemd" hostname=? addr=? terminal=? res=success'
[    9.838648] systemd-journald[271]: Received request to flush runtime journal from PID 1
[    9.972291] sd 0:0:0:0: Attached scsi generic sg0 type 0
[    9.972309] sd 4:0:0:0: Attached scsi generic sg1 type 0
[   10.220355] audit: type=1130 audit(1580824056.206:3): pid=1 uid=0 auid=4294967295 ses=4294967295 msg='unit=systemd-modules-load comm="systemd" exe="/usr/lib/systemd/systemd" hostname=? addr=? terminal=? res=success'
[   10.370581] systemd-journald[271]: File /var/log/journal/efc8fe9da9a54af0966ac727f53e54c5/system.journal corrupted or uncleanly shut down, renaming and replacing.
[   10.372078] random: lvm: uninitialized urandom read (4 bytes read)
[   10.376704] audit: type=1130 audit(1580824056.366:4): pid=1 uid=0 auid=4294967295 ses=4294967295 msg='unit=lvm2-lvmetad comm="systemd" exe="/usr/lib/systemd/systemd" hostname=? addr=? terminal=? res=success'
[   10.496905] audit: type=1130 audit(1580824056.486:5): pid=1 uid=0 auid=4294967295 ses=4294967295 msg='unit=systemd-sysctl comm="systemd" exe="/usr/lib/systemd/systemd" hostname=? addr=? terminal=? res=success'
[   10.537700] audit: type=1130 audit(1580824056.526:6): pid=1 uid=0 auid=4294967295 ses=4294967295 msg='unit=systemd-tmpfiles-setup-dev comm="systemd" exe="/usr/lib/systemd/systemd" hostname=? addr=? terminal=? res=success'
[   10.886464] audit: type=1130 audit(1580824056.876:7): pid=1 uid=0 auid=4294967295 ses=4294967295 msg='unit=systemd-vconsole-setup comm="systemd" exe="/usr/lib/systemd/systemd" hostname=? addr=? terminal=? res=success'
[   10.886467] audit: type=1131 audit(1580824056.876:8): pid=1 uid=0 auid=4294967295 ses=4294967295 msg='unit=systemd-vconsole-setup comm="systemd" exe="/usr/lib/systemd/systemd" hostname=? addr=? terminal=? res=success'
[   12.448128] audit: type=1130 audit(1580824058.436:9): pid=1 uid=0 auid=4294967295 ses=4294967295 msg='unit=systemd-udevd comm="systemd" exe="/usr/lib/systemd/systemd" hostname=? addr=? terminal=? res=success'
[   12.624783] audit: type=1130 audit(1580824058.616:10): pid=1 uid=0 auid=4294967295 ses=4294967295 msg='unit=plymouth-start comm="systemd" exe="/usr/lib/systemd/systemd" hostname=? addr=? terminal=? res=success'
[   12.624785] audit: type=1131 audit(1580824058.616:11): pid=1 uid=0 auid=4294967295 ses=4294967295 msg='unit=plymouth-start comm="systemd" exe="/usr/lib/systemd/systemd" hostname=? addr=? terminal=? res=success'
[   12.791201] RAPL PMU: API unit is 2^-32 Joules, 4 fixed counters, 655360 ms ovfl timer
[   12.791202] RAPL PMU: hw unit of domain pp0-core 2^-14 Joules
[   12.791202] RAPL PMU: hw unit of domain package 2^-14 Joules
[   12.791202] RAPL PMU: hw unit of domain dram 2^-14 Joules
[   12.791203] RAPL PMU: hw unit of domain pp1-gpu 2^-14 Joules
[   12.914783] input: PC Speaker as /devices/platform/pcspkr/input/input11
[   12.933812] cryptd: max_cpu_qlen set to 1000
[   13.144757] ACPI Warning: SystemIO range 0x0000000000001828-0x000000000000182F conflicts with OpRegion 0x0000000000001800-0x000000000000187F (\PMIO) (20180810/utaddress-204)
[   13.144769] ACPI: If an ACPI driver is available for this device, you should use it instead of the native driver
[   13.144775] ACPI Warning: SystemIO range 0x0000000000001C40-0x0000000000001C4F conflicts with OpRegion 0x0000000000001C00-0x0000000000001FFF (\GPR) (20180810/utaddress-204)
[   13.144782] ACPI: If an ACPI driver is available for this device, you should use it instead of the native driver
[   13.144784] ACPI Warning: SystemIO range 0x0000000000001C30-0x0000000000001C3F conflicts with OpRegion 0x0000000000001C00-0x0000000000001C3F (\GPRL) (20180810/utaddress-204)
[   13.144792] ACPI Warning: SystemIO range 0x0000000000001C30-0x0000000000001C3F conflicts with OpRegion 0x0000000000001C00-0x0000000000001FFF (\GPR) (20180810/utaddress-204)
[   13.144799] ACPI: If an ACPI driver is available for this device, you should use it instead of the native driver
[   13.144801] ACPI Warning: SystemIO range 0x0000000000001C00-0x0000000000001C2F conflicts with OpRegion 0x0000000000001C00-0x0000000000001C3F (\GPRL) (20180810/utaddress-204)
[   13.144808] ACPI Warning: SystemIO range 0x0000000000001C00-0x0000000000001C2F conflicts with OpRegion 0x0000000000001C00-0x0000000000001FFF (\GPR) (20180810/utaddress-204)
[   13.144815] ACPI: If an ACPI driver is available for this device, you should use it instead of the native driver
[   13.144816] lpc_ich: Resource conflict(s) found affecting gpio_ich
[   13.145549] i801_smbus 0000:00:1f.3: SPD Write Disable is set
[   13.145600] i801_smbus 0000:00:1f.3: SMBus using PCI interrupt
[   13.146302] AVX2 version of gcm_enc/dec engaged.
[   13.146305] AES CTR mode by8 optimization enabled
[   13.169531] iTCO_vendor_support: vendor-support=0
[   13.203163] r8169 0000:02:00.0: can't disable ASPM; OS doesn't have ASPM control
[   13.226350] libphy: r8169: probed
[   13.226879] r8169 0000:02:00.0 eth0: RTL8168g/8111g, 00:d8:61:15:92:cd, XID 4c000800, IRQ 29
[   13.226881] r8169 0000:02:00.0 eth0: jumbo features [frames: 9200 bytes, tx checksumming: ko]
[   13.334279] iTCO_wdt: Intel TCO WatchDog Timer Driver v1.11
[   13.334364] iTCO_wdt: Found a Lynx Point TCO device (Version=2, TCOBASE=0x1860)
[   13.334563] iTCO_wdt: initialized. heartbeat=30 sec (nowayout=0)
[   13.450618] r8169 0000:02:00.0 enp2s0: renamed from eth0
[   13.540621] intel-spi intel-spi: s25fl064k (8192 Kbytes)
[   13.555639] snd_hda_intel 0000:00:03.0: enabling device (0000 -> 0002)
[   13.555738] snd_hda_intel 0000:00:1b.0: enabling device (0000 -> 0002)
[   13.664077] Creating 1 MTD partitions on "intel-spi":
[   13.664082] 0x000000000000-0x000000800000 : "BIOS"
[   13.677194] snd_hda_codec_realtek hdaudioC1D0: autoconfig for ALC887-VD: line_outs=1 (0x14/0x0/0x0/0x0/0x0) type:line
[   13.677196] snd_hda_codec_realtek hdaudioC1D0:    speaker_outs=0 (0x0/0x0/0x0/0x0/0x0)
[   13.677197] snd_hda_codec_realtek hdaudioC1D0:    hp_outs=1 (0x1b/0x0/0x0/0x0/0x0)
[   13.677197] snd_hda_codec_realtek hdaudioC1D0:    mono: mono_out=0x0
[   13.677198] snd_hda_codec_realtek hdaudioC1D0:    inputs:
[   13.677199] snd_hda_codec_realtek hdaudioC1D0:      Front Mic=0x19
[   13.677199] snd_hda_codec_realtek hdaudioC1D0:      Rear Mic=0x18
[   13.677200] snd_hda_codec_realtek hdaudioC1D0:      Line=0x1a
[   13.689076] input: HDA Intel PCH Front Mic as /devices/pci0000:00/0000:00:1b.0/sound/card1/input12
[   13.689122] input: HDA Intel PCH Rear Mic as /devices/pci0000:00/0000:00:1b.0/sound/card1/input13
[   13.689160] input: HDA Intel PCH Line as /devices/pci0000:00/0000:00:1b.0/sound/card1/input14
[   13.689199] input: HDA Intel PCH Line Out as /devices/pci0000:00/0000:00:1b.0/sound/card1/input15
[   13.689236] input: HDA Intel PCH Front Headphone as /devices/pci0000:00/0000:00:1b.0/sound/card1/input16
[   13.711375] Linux agpgart interface v0.103
[   14.127062] VFIO - User Level meta-driver version: 0.3
[   14.264388] mousedev: PS/2 mouse device common for all mice
[   14.425570] intel_rapl: Found RAPL domain package
[   14.425571] intel_rapl: Found RAPL domain core
[   14.425572] intel_rapl: Found RAPL domain uncore
[   14.425573] intel_rapl: Found RAPL domain dram
[   14.691029] [drm] PipeC fused off
[   14.691041] checking generic (e0000000 7f0000) vs hw (e0000000 10000000)
[   14.691041] fb: switching to inteldrmfb from EFI VGA
[   14.691056] Console: switching to colour dummy device 80x25
[   14.691102] [drm] Replacing VGA console driver
[   14.691207] random: crng init done
[   14.691749] [drm] Supports vblank timestamp caching Rev 2 (21.10.2013).
[   14.691750] [drm] Driver supports precise vblank timestamp query.
[   14.691909] i915 0000:00:02.0: vgaarb: changed VGA decodes: olddecodes=io+mem,decodes=io+mem:owns=io+mem
[   14.694756] [drm] Initialized i915 1.6.0 20180719 for 0000:00:02.0 on minor 0
[   14.695610] ACPI: Video Device [GFX0] (multi-head: yes  rom: no  post: no)
[   14.695816] input: Video Bus as /devices/LNXSYSTM:00/LNXSYBUS:00/PNP0A08:00/LNXVIDEO:00/input/input17
[   14.695908] snd_hda_intel 0000:00:03.0: bound 0000:00:02.0 (ops i915_audio_component_bind_ops [i915])
[   14.733944] fbcon: inteldrmfb (fb0) is primary device
[   14.767567] Console: switching to colour frame buffer device 240x67
[   14.790392] i915 0000:00:02.0: fb0: inteldrmfb frame buffer device
[   14.897758] Adding 15010812k swap on /dev/sda9.  Priority:-2 extents:1 across:15010812k FS
[   14.906968] input: HDA Intel HDMI HDMI/DP,pcm=3 as /devices/pci0000:00/0000:00:03.0/sound/card0/input18
[   14.906997] input: HDA Intel HDMI HDMI/DP,pcm=7 as /devices/pci0000:00/0000:00:03.0/sound/card0/input19
[   14.907022] input: HDA Intel HDMI HDMI/DP,pcm=8 as /devices/pci0000:00/0000:00:03.0/sound/card0/input20
[   14.955320] kauditd_printk_skb: 4 callbacks suppressed
[   14.955322] audit: type=1130 audit(1580824060.946:16): pid=1 uid=0 auid=4294967295 ses=4294967295 msg='unit=systemd-vconsole-setup comm="systemd" exe="/usr/lib/systemd/systemd" hostname=? addr=? terminal=? res=success'
[   14.955325] audit: type=1131 audit(1580824060.946:17): pid=1 uid=0 auid=4294967295 ses=4294967295 msg='unit=systemd-vconsole-setup comm="systemd" exe="/usr/lib/systemd/systemd" hostname=? addr=? terminal=? res=success'
[   14.971344] audit: type=1130 audit(1580824060.956:18): pid=1 uid=0 auid=4294967295 ses=4294967295 msg='unit=plymouth-start comm="systemd" exe="/usr/lib/systemd/systemd" hostname=? addr=? terminal=? res=success'
[   14.971348] audit: type=1131 audit(1580824060.956:19): pid=1 uid=0 auid=4294967295 ses=4294967295 msg='unit=plymouth-start comm="systemd" exe="/usr/lib/systemd/systemd" hostname=? addr=? terminal=? res=success'
[   15.799231] audit: type=1130 audit(1580824061.786:20): pid=1 uid=0 auid=4294967295 ses=4294967295 msg='unit=systemd-journal-flush comm="systemd" exe="/usr/lib/systemd/systemd" hostname=? addr=? terminal=? res=success'
[   16.414423] audit: type=1130 audit(1580824062.406:21): pid=1 uid=0 auid=4294967295 ses=4294967295 msg='unit=lvm2-monitor comm="systemd" exe="/usr/lib/systemd/systemd" hostname=? addr=? terminal=? res=success'
[   16.470629] loop: module loaded
[   16.670474] squashfs: version 4.0 (2009/01/31) Phillip Lougher
[   26.459191] audit: type=1130 audit(1580824072.446:22): pid=1 uid=0 auid=4294967295 ses=4294967295 msg='unit=systemd-fsck@dev-disk-by\x2duuid-3ddab7f7\x2d1786\x2d4467\x2d82c8\x2d81a381beba1a comm="systemd" exe="/usr/lib/systemd/systemd" hostname=? addr=? terminal=? res=success'
[   26.596172] EXT4-fs (sda8): mounted filesystem with ordered data mode. Opts: (null)
[   26.888534] audit: type=1130 audit(1580824072.876:23): pid=1 uid=0 auid=4294967295 ses=4294967295 msg='unit=systemd-fsck@dev-disk-by\x2duuid-906C\x2dEF72 comm="systemd" exe="/usr/lib/systemd/systemd" hostname=? addr=? terminal=? res=success'
[   27.146123] audit: type=1130 audit(1580824073.136:24): pid=1 uid=0 auid=4294967295 ses=4294967295 msg='unit=plymouth-read-write comm="systemd" exe="/usr/lib/systemd/systemd" hostname=? addr=? terminal=? res=success'
[   27.146131] audit: type=1131 audit(1580824073.136:25): pid=1 uid=0 auid=4294967295 ses=4294967295 msg='unit=plymouth-read-write comm="systemd" exe="/usr/lib/systemd/systemd" hostname=? addr=? terminal=? res=success'
[   27.314897] audit: type=1130 audit(1580824073.306:26): pid=1 uid=0 auid=4294967295 ses=4294967295 msg='unit=systemd-tmpfiles-setup comm="systemd" exe="/usr/lib/systemd/systemd" hostname=? addr=? terminal=? res=success'
[   27.342388] audit: type=1127 audit(1580824073.326:27): pid=540 uid=0 auid=4294967295 ses=4294967295 msg=' comm="systemd-update-utmp" exe="/usr/lib/systemd/systemd-update-utmp" hostname=? addr=? terminal=? res=success'
[   27.360398] audit: type=1130 audit(1580824073.346:28): pid=1 uid=0 auid=4294967295 ses=4294967295 msg='unit=systemd-update-utmp comm="systemd" exe="/usr/lib/systemd/systemd" hostname=? addr=? terminal=? res=success'
[   27.915013] audit: type=1130 audit(1580824073.906:29): pid=1 uid=0 auid=4294967295 ses=4294967295 msg='unit=systemd-timesyncd comm="systemd" exe="/usr/lib/systemd/systemd" hostname=? addr=? terminal=? res=success'
[   28.025495] audit: type=1130 audit(1580824074.016:30): pid=1 uid=0 auid=4294967295 ses=4294967295 msg='unit=cronie comm="systemd" exe="/usr/lib/systemd/systemd" hostname=? addr=? terminal=? res=success'
[   28.027643] audit: type=1130 audit(1580824074.016:31): pid=1 uid=0 auid=4294967295 ses=4294967295 msg='unit=dbus comm="systemd" exe="/usr/lib/systemd/systemd" hostname=? addr=? terminal=? res=success'
[   28.187117] nct6775: Found NCT6779D or compatible chip at 0x4e:0xa00
[   31.751408] kauditd_printk_skb: 12 callbacks suppressed
[   31.751409] audit: type=1130 audit(1580824077.736:44): pid=1 uid=0 auid=4294967295 ses=4294967295 msg='unit=polkit comm="systemd" exe="/usr/lib/systemd/systemd" hostname=? addr=? terminal=? res=success'
[   31.926555] audit: type=1130 audit(1580824077.916:45): pid=1 uid=0 auid=4294967295 ses=4294967295 msg='unit=org.cups.cupsd comm="systemd" exe="/usr/lib/systemd/systemd" hostname=? addr=? terminal=? res=success'
[   32.346585] audit: type=1130 audit(1580824078.336:46): pid=1 uid=0 auid=4294967295 ses=4294967295 msg='unit=NetworkManager-dispatcher comm="systemd" exe="/usr/lib/systemd/systemd" hostname=? addr=? terminal=? res=success'
[   32.766831] IPv6: ADDRCONF(NETDEV_UP): enp2s0: link is not ready
[   32.788717] Generic PHY r8169-200:00: attached PHY driver [Generic PHY] (mii_bus:phy_addr=r8169-200:00, irq=IGNORE)
[   32.955955] IPv6: ADDRCONF(NETDEV_UP): enp2s0: link is not ready
[   32.956302] r8169 0000:02:00.0 enp2s0: Link is Down
[   33.072478] audit: type=1130 audit(1580824079.056:47): pid=1 uid=0 auid=4294967295 ses=4294967295 msg='unit=ModemManager comm="systemd" exe="/usr/lib/systemd/systemd" hostname=? addr=? terminal=? res=success'
[   34.525326] r8169 0000:02:00.0 enp2s0: Link is Up - 100Mbps/Full - flow control off
[   34.525339] IPv6: ADDRCONF(NETDEV_CHANGE): enp2s0: link becomes ready
[   34.787947] audit: type=1130 audit(1580824080.776:48): pid=1 uid=0 auid=4294967295 ses=4294967295 msg='unit=NetworkManager-wait-online comm="systemd" exe="/usr/lib/systemd/systemd" hostname=? addr=? terminal=? res=success'
[   35.024532] audit: type=1131 audit(1580824081.016:49): pid=1 uid=0 auid=4294967295 ses=4294967295 msg='unit=systemd-timesyncd comm="systemd" exe="/usr/lib/systemd/systemd" hostname=? addr=? terminal=? res=success'
[   35.047439] audit: type=1130 audit(1580824081.036:50): pid=1 uid=0 auid=4294967295 ses=4294967295 msg='unit=ntpd comm="systemd" exe="/usr/lib/systemd/systemd" hostname=? addr=? terminal=? res=success'
[   35.572113] audit: type=1130 audit(1580824081.556:51): pid=1 uid=0 auid=4294967295 ses=4294967295 msg='unit=teamviewerd comm="systemd" exe="/usr/lib/systemd/systemd" hostname=? addr=? terminal=? res=success'
[   39.056504] audit: type=1100 audit(1580824085.046:52): pid=621 uid=0 auid=4294967295 ses=4294967295 msg='op=PAM:authentication grantors=pam_tally,pam_shells,pam_permit,pam_gnome_keyring acct="v_dev" exe="/usr/lib/sddm/sddm-helper" hostname=? addr=? terminal=? res=success'
[   39.108423] audit: type=1101 audit(1580824085.096:53): pid=621 uid=0 auid=4294967295 ses=4294967295 msg='op=PAM:accounting grantors=pam_tally2,pam_access,pam_unix,pam_permit,pam_time acct="v_dev" exe="/usr/lib/sddm/sddm-helper" hostname=? addr=? terminal=? res=success'
[   39.122326] audit: type=1130 audit(1580824085.106:54): pid=1 uid=0 auid=4294967295 ses=4294967295 msg='unit=tlp comm="systemd" exe="/usr/lib/systemd/systemd" hostname=? addr=? terminal=? res=success'
[   39.131794] audit: type=1103 audit(1580824085.116:55): pid=621 uid=0 auid=4294967295 ses=4294967295 msg='op=PAM:setcred grantors=pam_tally,pam_shells,pam_permit,pam_gnome_keyring acct="v_dev" exe="/usr/lib/sddm/sddm-helper" hostname=? addr=? terminal=? res=success'
[   39.131873] audit: type=1006 audit(1580824085.116:56): pid=621 uid=0 old-auid=4294967295 auid=1000 tty=(none) old-ses=4294967295 ses=1 res=1
[   39.211759] audit: type=1130 audit(1580824085.196:57): pid=1 uid=0 auid=4294967295 ses=4294967295 msg='unit=user-runtime-dir@1000 comm="systemd" exe="/usr/lib/systemd/systemd" hostname=? addr=? terminal=? res=success'
[   39.226626] audit: type=1101 audit(1580824085.216:58): pid=762 uid=0 auid=4294967295 ses=4294967295 msg='op=PAM:accounting grantors=pam_tally2,pam_access,pam_unix,pam_permit,pam_time acct="v_dev" exe="/usr/lib/systemd/systemd" hostname=? addr=? terminal=? res=success'
[   39.226698] audit: type=1006 audit(1580824085.216:59): pid=762 uid=0 old-auid=4294967295 auid=1000 tty=(none) old-ses=4294967295 ses=2 res=1
[   39.230247] audit: type=1105 audit(1580824085.216:60): pid=762 uid=0 auid=1000 ses=2 msg='op=PAM:session_open grantors=pam_loginuid,pam_loginuid,pam_keyinit,pam_limits,pam_unix,pam_permit,pam_mail,pam_systemd,pam_env acct="v_dev" exe="/usr/lib/systemd/systemd" hostname=? addr=? terminal=? res=success'
[   39.620712] audit: type=1130 audit(1580824085.606:61): pid=1 uid=0 auid=4294967295 ses=4294967295 msg='unit=user@1000 comm="systemd" exe="/usr/lib/systemd/systemd" hostname=? addr=? terminal=? res=success'
[   45.011364] kauditd_printk_skb: 1 callbacks suppressed
[   45.011364] audit: type=1131 audit(1580824090.996:63): pid=1 uid=0 auid=4294967295 ses=4294967295 msg='unit=NetworkManager-dispatcher comm="systemd" exe="/usr/lib/systemd/systemd" hostname=? addr=? terminal=? res=success'
[   53.349269] audit: type=1130 audit(1580824099.336:64): pid=1 uid=0 auid=4294967295 ses=4294967295 msg='unit=udisks2 comm="systemd" exe="/usr/lib/systemd/systemd" hostname=? addr=? terminal=? res=success'
[   54.283680] audit: type=1130 audit(1580824100.276:65): pid=1 uid=0 auid=4294967295 ses=4294967295 msg='unit=upower comm="systemd" exe="/usr/lib/systemd/systemd" hostname=? addr=? terminal=? res=success'
[   60.548609] audit: type=1130 audit(1580824106.536:66): pid=1 uid=0 auid=4294967295 ses=4294967295 msg='unit=rtkit-daemon comm="systemd" exe="/usr/lib/systemd/systemd" hostname=? addr=? terminal=? res=success'
[   61.075181] audit: type=1131 audit(1580824107.066:67): pid=1 uid=0 auid=4294967295 ses=4294967295 msg='unit=systemd-hostnamed comm="systemd" exe="/usr/lib/systemd/systemd" hostname=? addr=? terminal=? res=success'
[   61.233992] fuse init (API version 7.27)
[  103.889565] audit: type=1130 audit(1580824149.876:68): pid=1 uid=0 auid=4294967295 ses=4294967295 msg='unit=blueman-mechanism comm="systemd" exe="/usr/lib/systemd/systemd" hostname=? addr=? terminal=? res=success'
[  106.270155] audit: type=1130 audit(1580824152.256:69): pid=1 uid=0 auid=4294967295 ses=4294967295 msg='unit=snapd comm="systemd" exe="/usr/lib/systemd/systemd" hostname=? addr=? terminal=? res=success'
[  133.453207] audit: type=1131 audit(1580824179.436:70): pid=1 uid=0 auid=4294967295 ses=4294967295 msg='unit=blueman-mechanism comm="systemd" exe="/usr/lib/systemd/systemd" hostname=? addr=? terminal=? res=success'
[  140.620080] CPU1: Core temperature above threshold, cpu clock throttled (total events = 1)
[  140.620081] CPU5: Core temperature above threshold, cpu clock throttled (total events = 1)
[  140.620083] CPU6: Package temperature above threshold, cpu clock throttled (total events = 1)
[  140.620084] CPU2: Package temperature above threshold, cpu clock throttled (total events = 1)
[  140.620086] CPU7: Package temperature above threshold, cpu clock throttled (total events = 1)
[  140.620087] CPU3: Package temperature above threshold, cpu clock throttled (total events = 1)
[  140.620088] CPU4: Package temperature above threshold, cpu clock throttled (total events = 1)
[  140.620089] CPU0: Package temperature above threshold, cpu clock throttled (total events = 1)
[  140.620090] CPU5: Package temperature above threshold, cpu clock throttled (total events = 1)
[  140.620091] CPU1: Package temperature above threshold, cpu clock throttled (total events = 1)
[  140.622064] CPU1: Core temperature/speed normal
[  140.622065] CPU5: Core temperature/speed normal
[  140.622066] CPU0: Package temperature/speed normal
[  140.622067] CPU4: Package temperature/speed normal
[  140.622068] CPU7: Package temperature/speed normal
[  140.622069] CPU3: Package temperature/speed normal
[  140.622070] CPU2: Package temperature/speed normal
[  140.622071] CPU6: Package temperature/speed normal
[  140.622072] CPU5: Package temperature/speed normal
[  140.622073] CPU1: Package temperature/speed normal
[  445.121425] CPU5: Core temperature above threshold, cpu clock throttled (total events = 11197)
[  445.121437] CPU1: Core temperature above threshold, cpu clock throttled (total events = 11197)
[  445.121440] CPU1: Package temperature above threshold, cpu clock throttled (total events = 22093)
[  445.121440] CPU5: Package temperature above threshold, cpu clock throttled (total events = 22093)
[  445.121444] CPU6: Package temperature above threshold, cpu clock throttled (total events = 22093)
[  445.121445] CPU3: Package temperature above threshold, cpu clock throttled (total events = 22093)
[  445.121446] CPU7: Package temperature above threshold, cpu clock throttled (total events = 22093)
[  445.121447] CPU4: Package temperature above threshold, cpu clock throttled (total events = 22093)
[  445.121448] CPU0: Package temperature above threshold, cpu clock throttled (total events = 22093)
[  445.121449] CPU2: Package temperature above threshold, cpu clock throttled (total events = 22093)
[  445.122417] CPU5: Core temperature/speed normal
[  445.122418] CPU1: Core temperature/speed normal
[  445.122419] CPU5: Package temperature/speed normal
[  445.122420] CPU1: Package temperature/speed normal
[  445.122438] CPU0: Package temperature/speed normal
[  445.122439] CPU4: Package temperature/speed normal
[  445.122440] CPU3: Package temperature/speed normal
[  445.122441] CPU7: Package temperature/speed normal
[  445.122442] CPU2: Package temperature/speed normal
[  445.122443] CPU6: Package temperature/speed normal
[  746.768774] CPU4: Core temperature above threshold, cpu clock throttled (total events = 11683)
[  746.768774] CPU0: Core temperature above threshold, cpu clock throttled (total events = 11683)
[  746.768785] CPU7: Package temperature above threshold, cpu clock throttled (total events = 33636)
[  746.768787] CPU1: Package temperature above threshold, cpu clock throttled (total events = 33636)
[  746.768788] CPU5: Package temperature above threshold, cpu clock throttled (total events = 33636)
[  746.768789] CPU3: Package temperature above threshold, cpu clock throttled (total events = 33636)
[  746.768789] CPU0: Package temperature above threshold, cpu clock throttled (total events = 33636)
[  746.768791] CPU6: Package temperature above threshold, cpu clock throttled (total events = 33636)
[  746.768792] CPU2: Package temperature above threshold, cpu clock throttled (total events = 33636)
[  746.768792] CPU4: Package temperature above threshold, cpu clock throttled (total events = 33636)
[  746.770784] CPU4: Core temperature/speed normal
[  746.770786] CPU0: Core temperature/speed normal
[  746.770788] CPU7: Package temperature/speed normal
[  746.770789] CPU1: Package temperature/speed normal
[  746.770790] CPU5: Package temperature/speed normal
[  746.770791] CPU3: Package temperature/speed normal
[  746.770792] CPU0: Package temperature/speed normal
[  746.770792] CPU4: Package temperature/speed normal
[  746.770794] CPU2: Package temperature/speed normal
[  746.770798] CPU6: Package temperature/speed normal
[  942.215423] audit: type=1130 audit(1580824988.025:71): pid=1 uid=0 auid=4294967295 ses=4294967295 msg='unit=systemd-tmpfiles-clean comm="systemd" exe="/usr/lib/systemd/systemd" hostname=? addr=? terminal=? res=success'
[  942.215427] audit: type=1131 audit(1580824988.025:72): pid=1 uid=0 auid=4294967295 ses=4294967295 msg='unit=systemd-tmpfiles-clean comm="systemd" exe="/usr/lib/systemd/systemd" hostname=? addr=? terminal=? res=success'
[ 1221.256354] CPU1: Core temperature above threshold, cpu clock throttled (total events = 15736)
[ 1221.256366] CPU5: Core temperature above threshold, cpu clock throttled (total events = 15736)
[ 1221.256368] CPU0: Package temperature above threshold, cpu clock throttled (total events = 33869)
[ 1221.256369] CPU6: Package temperature above threshold, cpu clock throttled (total events = 33869)
[ 1221.256370] CPU2: Package temperature above threshold, cpu clock throttled (total events = 33869)
[ 1221.256371] CPU4: Package temperature above threshold, cpu clock throttled (total events = 33869)
[ 1221.256371] CPU5: Package temperature above threshold, cpu clock throttled (total events = 33869)
[ 1221.256373] CPU7: Package temperature above threshold, cpu clock throttled (total events = 33869)
[ 1221.256374] CPU3: Package temperature above threshold, cpu clock throttled (total events = 33869)
[ 1221.256374] CPU1: Package temperature above threshold, cpu clock throttled (total events = 33869)
[ 1221.257364] CPU1: Core temperature/speed normal
[ 1221.257365] CPU5: Core temperature/speed normal
[ 1221.257366] CPU6: Package temperature/speed normal
[ 1221.257366] CPU0: Package temperature/speed normal
[ 1221.257367] CPU4: Package temperature/speed normal
[ 1221.257368] CPU2: Package temperature/speed normal
[ 1221.257368] CPU5: Package temperature/speed normal
[ 1221.257369] CPU1: Package temperature/speed normal
[ 1221.257370] CPU7: Package temperature/speed normal
[ 1221.257371] CPU3: Package temperature/speed normal
[ 1521.250683] CPU4: Package temperature above threshold, cpu clock throttled (total events = 106838)
[ 1521.250684] CPU0: Package temperature above threshold, cpu clock throttled (total events = 106838)
[ 1521.250699] CPU5: Package temperature above threshold, cpu clock throttled (total events = 106838)
[ 1521.250700] CPU6: Package temperature above threshold, cpu clock throttled (total events = 106838)
[ 1521.250702] CPU3: Package temperature above threshold, cpu clock throttled (total events = 106838)
[ 1521.250703] CPU7: Package temperature above threshold, cpu clock throttled (total events = 106838)
[ 1521.250704] CPU2: Package temperature above threshold, cpu clock throttled (total events = 106838)
[ 1521.250705] CPU1: Package temperature above threshold, cpu clock throttled (total events = 106838)
[ 1521.252699] CPU0: Package temperature/speed normal
[ 1521.252711] CPU7: Package temperature/speed normal
[ 1521.252712] CPU6: Package temperature/speed normal
[ 1521.252713] CPU2: Package temperature/speed normal
[ 1521.252714] CPU3: Package temperature/speed normal
[ 1521.252714] CPU4: Package temperature/speed normal
[ 1521.252716] CPU5: Package temperature/speed normal
[ 1521.252716] CPU1: Package temperature/speed normal
[ 1821.251050] CPU5: Package temperature/speed normal
[ 1821.251064] CPU1: Package temperature/speed normal
[ 1821.251065] CPU4: Package temperature/speed normal
[ 1821.251067] CPU3: Package temperature/speed normal
[ 1821.251068] CPU6: Package temperature/speed normal
[ 1821.251069] CPU7: Package temperature/speed normal
[ 1821.251070] CPU0: Package temperature/speed normal
[ 1821.251071] CPU2: Package temperature/speed normal
[ 2121.248449] CPU5: Package temperature/speed normal
[ 2121.248452] CPU1: Package temperature/speed normal
[ 2121.248457] CPU3: Package temperature/speed normal
[ 2121.248461] CPU7: Package temperature/speed normal
[ 2121.248466] CPU0: Package temperature/speed normal
[ 2121.248504] CPU4: Package temperature/speed normal
[ 2121.248509] CPU2: Package temperature/speed normal
[ 2121.248512] CPU6: Package temperature/speed normal
[ 2236.654507] audit: type=1100 audit(1580826282.468:73): pid=5429 uid=1000 auid=1000 ses=1 msg='op=PAM:authentication grantors=pam_unix,pam_permit acct="v_dev" exe="/usr/bin/sudo" hostname=? addr=? terminal=/dev/pts/2 res=success'
[ 2236.654687] audit: type=1101 audit(1580826282.468:74): pid=5429 uid=1000 auid=1000 ses=1 msg='op=PAM:accounting grantors=pam_unix,pam_permit,pam_time acct="v_dev" exe="/usr/bin/sudo" hostname=? addr=? terminal=/dev/pts/2 res=success'
[ 2236.654942] audit: type=1110 audit(1580826282.468:75): pid=5429 uid=0 auid=1000 ses=1 msg='op=PAM:setcred grantors=pam_unix,pam_permit acct="root" exe="/usr/bin/sudo" hostname=? addr=? terminal=/dev/pts/2 res=success'
[ 2236.660862] audit: type=1105 audit(1580826282.478:76): pid=5429 uid=0 auid=1000 ses=1 msg='op=PAM:session_open grantors=pam_limits,pam_unix,pam_permit acct="root" exe="/usr/bin/sudo" hostname=? addr=? terminal=/dev/pts/2 res=success'
[ 2236.664960] test: loading out-of-tree module taints kernel.
[ 2236.665043] test: module verification failed: signature and/or required key missing - tainting kernel
[ 2236.665431] inside mod_init
[ 2236.665432] 
               TEST: pid=5430 and current=5430
[ 2236.665432] TEST: this is a print
[ 2236.666002] audit: type=1106 audit(1580826282.478:77): pid=5429 uid=0 auid=1000 ses=1 msg='op=PAM:session_close grantors=pam_limits,pam_unix,pam_permit acct="root" exe="/usr/bin/sudo" hostname=? addr=? terminal=/dev/pts/2 res=success'
[ 2236.666134] audit: type=1104 audit(1580826282.478:78): pid=5429 uid=0 auid=1000 ses=1 msg='op=PAM:setcred grantors=pam_unix,pam_permit acct="root" exe="/usr/bin/sudo" hostname=? addr=? terminal=/dev/pts/2 res=success'
[ 2279.416410] audit: type=1101 audit(1580826325.228:79): pid=5457 uid=1000 auid=1000 ses=1 msg='op=PAM:accounting grantors=pam_unix,pam_permit,pam_time acct="v_dev" exe="/usr/bin/sudo" hostname=? addr=? terminal=/dev/pts/2 res=success'
[ 2279.416566] audit: type=1110 audit(1580826325.228:80): pid=5457 uid=0 auid=1000 ses=1 msg='op=PAM:setcred grantors=pam_unix,pam_permit,pam_env acct="root" exe="/usr/bin/sudo" hostname=? addr=? terminal=/dev/pts/2 res=success'
[ 2279.420857] audit: type=1105 audit(1580826325.238:81): pid=5457 uid=0 auid=1000 ses=1 msg='op=PAM:session_open grantors=pam_limits,pam_unix,pam_permit acct="root" exe="/usr/bin/sudo" hostname=? addr=? terminal=/dev/pts/2 res=success'
[    0.000000] microcode: microcode updated early to revision 0x27, date = 2019-02-26
[    0.000000] Linux version 4.19.99-1-MANJARO (builder@8cfb44e5c17a) (gcc version 9.2.0 (GCC)) #1 SMP Mon Jan 27 16:36:28 UTC 2020
[    0.000000] Command line: BOOT_IMAGE=/boot/vmlinuz-4.19-x86_64 root=UUID=049b41b7-ce65-4c3a-a153-a58e007ec15f rw video=1920x1080
[    0.000000] KERNEL supported cpus:
[    0.000000]   Intel GenuineIntel
[    0.000000]   AMD AuthenticAMD
[    0.000000]   Centaur CentaurHauls
[    0.000000] x86/fpu: Supporting XSAVE feature 0x001: 'x87 floating point registers'
[    0.000000] x86/fpu: Supporting XSAVE feature 0x002: 'SSE registers'
[    0.000000] x86/fpu: Supporting XSAVE feature 0x004: 'AVX registers'
[    0.000000] x86/fpu: xstate_offset[2]:  576, xstate_sizes[2]:  256
[    0.000000] x86/fpu: Enabled xstate features 0x7, context size is 832 bytes, using 'standard' format.
[    0.000000] BIOS-provided physical RAM map:
[    0.000000] BIOS-e820: [mem 0x0000000000000000-0x0000000000057fff] usable
[    0.000000] BIOS-e820: [mem 0x0000000000058000-0x0000000000058fff] reserved
[    0.000000] BIOS-e820: [mem 0x0000000000059000-0x000000000009efff] usable
[    0.000000] BIOS-e820: [mem 0x000000000009f000-0x000000000009ffff] reserved
[    0.000000] BIOS-e820: [mem 0x0000000000100000-0x00000000c6522fff] usable
[    0.000000] BIOS-e820: [mem 0x00000000c6523000-0x00000000c6529fff] ACPI NVS
[    0.000000] BIOS-e820: [mem 0x00000000c652a000-0x00000000c696dfff] usable
[    0.000000] BIOS-e820: [mem 0x00000000c696e000-0x00000000c6efefff] reserved
[    0.000000] BIOS-e820: [mem 0x00000000c6eff000-0x00000000d8da6fff] usable
[    0.000000] BIOS-e820: [mem 0x00000000d8da7000-0x00000000d8e3ffff] reserved
[    0.000000] BIOS-e820: [mem 0x00000000d8e40000-0x00000000d8e92fff] usable
[    0.000000] BIOS-e820: [mem 0x00000000d8e93000-0x00000000d8fc7fff] ACPI NVS
[    0.000000] BIOS-e820: [mem 0x00000000d8fc8000-0x00000000d9f80fff] reserved
[    0.000000] BIOS-e820: [mem 0x00000000d9f81000-0x00000000d9ffefff] type 20
[    0.000000] BIOS-e820: [mem 0x00000000d9fff000-0x00000000d9ffffff] usable
[    0.000000] BIOS-e820: [mem 0x00000000db000000-0x00000000df1fffff] reserved
[    0.000000] BIOS-e820: [mem 0x00000000f8000000-0x00000000fbffffff] reserved
[    0.000000] BIOS-e820: [mem 0x00000000fec00000-0x00000000fec00fff] reserved
[    0.000000] BIOS-e820: [mem 0x00000000fed00000-0x00000000fed03fff] reserved
[    0.000000] BIOS-e820: [mem 0x00000000fed1c000-0x00000000fed1ffff] reserved
[    0.000000] BIOS-e820: [mem 0x00000000fee00000-0x00000000fee00fff] reserved
[    0.000000] BIOS-e820: [mem 0x00000000ff000000-0x00000000ffffffff] reserved
[    0.000000] BIOS-e820: [mem 0x0000000100000000-0x000000021fdfffff] usable
[    0.000000] NX (Execute Disable) protection: active
[    0.000000] efi: EFI v2.31 by American Megatrends
[    0.000000] efi:  ESRT=0xd9f7f998  ACPI=0xd8f9b000  ACPI 2.0=0xd8f9b000  SMBIOS=0xf04d0  MPS=0xfd500 
[    0.000000] SMBIOS 2.8 present.
[    0.000000] DMI: MSI MS-7817/H81M-E33 (MS-7817), BIOS V6.8 07/17/2018
[    0.000000] tsc: Fast TSC calibration using PIT
[    0.000000] tsc: Detected 3399.852 MHz processor
[    0.001395] e820: update [mem 0x00000000-0x00000fff] usable ==> reserved
[    0.001396] e820: remove [mem 0x000a0000-0x000fffff] usable
[    0.001402] last_pfn = 0x21fe00 max_arch_pfn = 0x400000000
[    0.001405] MTRR default type: uncachable
[    0.001405] MTRR fixed ranges enabled:
[    0.001406]   00000-9FFFF write-back
[    0.001407]   A0000-BFFFF uncachable
[    0.001407]   C0000-CFFFF write-protect
[    0.001408]   D0000-DFFFF uncachable
[    0.001408]   E0000-FFFFF write-protect
[    0.001408] MTRR variable ranges enabled:
[    0.001409]   0 base 0000000000 mask 7E00000000 write-back
[    0.001410]   1 base 0200000000 mask 7FE0000000 write-back
[    0.001411]   2 base 00E0000000 mask 7FE0000000 uncachable
[    0.001411]   3 base 00DC000000 mask 7FFC000000 uncachable
[    0.001412]   4 base 00DB000000 mask 7FFF000000 uncachable
[    0.001412]   5 base 021FE00000 mask 7FFFE00000 uncachable
[    0.001412]   6 disabled
[    0.001413]   7 disabled
[    0.001413]   8 disabled
[    0.001413]   9 disabled
[    0.002197] x86/PAT: Configuration [0-7]: WB  WC  UC- UC  WB  WP  UC- WT  
[    0.002296] total RAM covered: 8110M
[    0.002511] Found optimal setting for mtrr clean up
[    0.002512]  gran_size: 64K 	chunk_size: 128M 	num_reg: 8  	lose cover RAM: 0G
[    0.003273] e820: update [mem 0xdb000000-0xffffffff] usable ==> reserved
[    0.003276] last_pfn = 0xda000 max_arch_pfn = 0x400000000
[    0.009084] found SMP MP-table at [mem 0x000fd790-0x000fd79f]
[    0.009096] esrt: Reserving ESRT space from 0x00000000d9f7f998 to 0x00000000d9f7f9d0.
[    0.009144] Scanning 1 areas for low memory corruption
[    0.009148] Using GB pages for direct mapping
[    0.009150] BRK [0x120001000, 0x120001fff] PGTABLE
[    0.009151] BRK [0x120002000, 0x120002fff] PGTABLE
[    0.009151] BRK [0x120003000, 0x120003fff] PGTABLE
[    0.009184] BRK [0x120004000, 0x120004fff] PGTABLE
[    0.009185] BRK [0x120005000, 0x120005fff] PGTABLE
[    0.009347] BRK [0x120006000, 0x120006fff] PGTABLE
[    0.009386] BRK [0x120007000, 0x120007fff] PGTABLE
[    0.009506] BRK [0x120008000, 0x120008fff] PGTABLE
[    0.009554] BRK [0x120009000, 0x120009fff] PGTABLE
[    0.009631] BRK [0x12000a000, 0x12000afff] PGTABLE
[    0.009673] BRK [0x12000b000, 0x12000bfff] PGTABLE
[    0.009728] BRK [0x12000c000, 0x12000cfff] PGTABLE
[    0.009785] Secure boot could not be determined
[    0.009786] RAMDISK: [mem 0x367f1000-0x373effff]
[    0.009791] ACPI: Early table checksum verification disabled
[    0.009793] ACPI: RSDP 0x00000000D8F9B000 000024 (v02 ALASKA)
[    0.009795] ACPI: XSDT 0x00000000D8F9B080 000084 (v01 ALASKA A M I    01072009 AMI  00010013)
[    0.009799] ACPI: FACP 0x00000000D8FA87A8 00010C (v05 ALASKA A M I    01072009 AMI  00010013)
[    0.009802] ACPI: DSDT 0x00000000D8F9B1A0 00D608 (v02 ALASKA A M I    00000036 INTL 20120711)
[    0.009804] ACPI: FACS 0x00000000D8FC7F80 000040
[    0.009806] ACPI: APIC 0x00000000D8FA88B8 000092 (v03 ALASKA A M I    01072009 AMI  00010013)
[    0.009808] ACPI: FPDT 0x00000000D8FA8950 000044 (v01 ALASKA A M I    01072009 AMI  00010013)
[    0.009809] ACPI: ASF! 0x00000000D8FA8998 0000A5 (v32 INTEL   HCG     00000001 TFSM 000F4240)
[    0.009811] ACPI: SSDT 0x00000000D8FA8A40 000539 (v01 PmRef  Cpu0Ist  00003000 INTL 20120711)
[    0.009813] ACPI: SSDT 0x00000000D8FA8F80 000AD8 (v01 PmRef  CpuPm    00003000 INTL 20120711)
[    0.009815] ACPI: MCFG 0x00000000D8FA9A58 00003C (v01 ALASKA A M I    01072009 MSFT 00000097)
[    0.009817] ACPI: HPET 0x00000000D8FA9A98 000038 (v01 ALASKA A M I    01072009 AMI. 00000005)
[    0.009818] ACPI: SSDT 0x00000000D8FA9AD0 00036D (v01 SataRe SataTabl 00001000 INTL 20120711)
[    0.009820] ACPI: SSDT 0x00000000D8FA9E40 003528 (v01 SaSsdt SaSsdt   00003000 INTL 20091112)
[    0.009822] ACPI: DMAR 0x00000000D8FAD368 0000B8 (v01 INTEL  HSW      00000001 INTL 00000001)
[    0.009823] ACPI: BGRT 0x00000000D8FAD420 000038 (v00 ALASKA A M I    01072009 AMI  00010013)
[    0.009829] ACPI: Local APIC address 0xfee00000
[    0.009889] No NUMA configuration found
[    0.009890] Faking a node at [mem 0x0000000000000000-0x000000021fdfffff]
[    0.009894] NODE_DATA(0) allocated [mem 0x21fdfc000-0x21fdfffff]
[    0.009912] Zone ranges:
[    0.009913]   DMA      [mem 0x0000000000001000-0x0000000000ffffff]
[    0.009914]   DMA32    [mem 0x0000000001000000-0x00000000ffffffff]
[    0.009914]   Normal   [mem 0x0000000100000000-0x000000021fdfffff]
[    0.009915]   Device   empty
[    0.009915] Movable zone start for each node
[    0.009916] Early memory node ranges
[    0.009916]   node   0: [mem 0x0000000000001000-0x0000000000057fff]
[    0.009917]   node   0: [mem 0x0000000000059000-0x000000000009efff]
[    0.009917]   node   0: [mem 0x0000000000100000-0x00000000c6522fff]
[    0.009918]   node   0: [mem 0x00000000c652a000-0x00000000c696dfff]
[    0.009918]   node   0: [mem 0x00000000c6eff000-0x00000000d8da6fff]
[    0.009918]   node   0: [mem 0x00000000d8e40000-0x00000000d8e92fff]
[    0.009919]   node   0: [mem 0x00000000d9fff000-0x00000000d9ffffff]
[    0.009919]   node   0: [mem 0x0000000100000000-0x000000021fdfffff]
[    0.009922] Reserved but unavailable: 98 pages
[    0.009922] Initmem setup node 0 [mem 0x0000000000001000-0x000000021fdfffff]
[    0.009923] On node 0 totalpages: 2065920
[    0.009924]   DMA zone: 64 pages used for memmap
[    0.009924]   DMA zone: 27 pages reserved
[    0.009925]   DMA zone: 3997 pages, LIFO batch:0
[    0.009985]   DMA32 zone: 13794 pages used for memmap
[    0.009986]   DMA32 zone: 882787 pages, LIFO batch:63
[    0.023437]   Normal zone: 18424 pages used for memmap
[    0.023438]   Normal zone: 1179136 pages, LIFO batch:63
[    0.040325] Reserving Intel graphics memory at [mem 0xdb200000-0xdf1fffff]
[    0.040392] ACPI: PM-Timer IO Port: 0x1808
[    0.040393] ACPI: Local APIC address 0xfee00000
[    0.040398] ACPI: LAPIC_NMI (acpi_id[0xff] high edge lint[0x1])
[    0.040407] IOAPIC[0]: apic_id 8, version 32, address 0xfec00000, GSI 0-23
[    0.040408] ACPI: INT_SRC_OVR (bus 0 bus_irq 0 global_irq 2 dfl dfl)
[    0.040409] ACPI: INT_SRC_OVR (bus 0 bus_irq 9 global_irq 9 high level)
[    0.040410] ACPI: IRQ0 used by override.
[    0.040411] ACPI: IRQ9 used by override.
[    0.040412] Using ACPI (MADT) for SMP configuration information
[    0.040413] ACPI: HPET id: 0x8086a701 base: 0xfed00000
[    0.040425] e820: update [mem 0xc99e3000-0xc9c23fff] usable ==> reserved
[    0.040432] smpboot: Allowing 8 CPUs, 0 hotplug CPUs
[    0.040459] PM: Registered nosave memory: [mem 0x00000000-0x00000fff]
[    0.040460] PM: Registered nosave memory: [mem 0x00058000-0x00058fff]
[    0.040462] PM: Registered nosave memory: [mem 0x0009f000-0x0009ffff]
[    0.040462] PM: Registered nosave memory: [mem 0x000a0000-0x000fffff]
[    0.040464] PM: Registered nosave memory: [mem 0xc6523000-0xc6529fff]
[    0.040465] PM: Registered nosave memory: [mem 0xc696e000-0xc6efefff]
[    0.040466] PM: Registered nosave memory: [mem 0xc99e3000-0xc9c23fff]
[    0.040468] PM: Registered nosave memory: [mem 0xd8da7000-0xd8e3ffff]
[    0.040469] PM: Registered nosave memory: [mem 0xd8e93000-0xd8fc7fff]
[    0.040469] PM: Registered nosave memory: [mem 0xd8fc8000-0xd9f80fff]
[    0.040470] PM: Registered nosave memory: [mem 0xd9f81000-0xd9ffefff]
[    0.040471] PM: Registered nosave memory: [mem 0xda000000-0xdaffffff]
[    0.040472] PM: Registered nosave memory: [mem 0xdb000000-0xdf1fffff]
[    0.040472] PM: Registered nosave memory: [mem 0xdf200000-0xf7ffffff]
[    0.040472] PM: Registered nosave memory: [mem 0xf8000000-0xfbffffff]
[    0.040473] PM: Registered nosave memory: [mem 0xfc000000-0xfebfffff]
[    0.040473] PM: Registered nosave memory: [mem 0xfec00000-0xfec00fff]
[    0.040473] PM: Registered nosave memory: [mem 0xfec01000-0xfecfffff]
[    0.040474] PM: Registered nosave memory: [mem 0xfed00000-0xfed03fff]
[    0.040474] PM: Registered nosave memory: [mem 0xfed04000-0xfed1bfff]
[    0.040474] PM: Registered nosave memory: [mem 0xfed1c000-0xfed1ffff]
[    0.040475] PM: Registered nosave memory: [mem 0xfed20000-0xfedfffff]
[    0.040475] PM: Registered nosave memory: [mem 0xfee00000-0xfee00fff]
[    0.040475] PM: Registered nosave memory: [mem 0xfee01000-0xfeffffff]
[    0.040476] PM: Registered nosave memory: [mem 0xff000000-0xffffffff]
[    0.040477] [mem 0xdf200000-0xf7ffffff] available for PCI devices
[    0.040478] Booting paravirtualized kernel on bare hardware
[    0.040480] clocksource: refined-jiffies: mask: 0xffffffff max_cycles: 0xffffffff, max_idle_ns: 19112604462750000 ns
[    0.121609] random: get_random_bytes called from start_kernel+0x93/0x530 with crng_init=0
[    0.121615] setup_percpu: NR_CPUS:320 nr_cpumask_bits:320 nr_cpu_ids:8 nr_node_ids:1
[    0.121877] percpu: Embedded 46 pages/cpu s151552 r8192 d28672 u262144
[    0.121883] pcpu-alloc: s151552 r8192 d28672 u262144 alloc=1*2097152
[    0.121884] pcpu-alloc: [0] 0 1 2 3 4 5 6 7 
[    0.121900] Built 1 zonelists, mobility grouping on.  Total pages: 2033611
[    0.121901] Policy zone: Normal
[    0.121901] Kernel command line: BOOT_IMAGE=/boot/vmlinuz-4.19-x86_64 root=UUID=049b41b7-ce65-4c3a-a153-a58e007ec15f rw video=1920x1080
[    0.127721] Calgary: detecting Calgary via BIOS EBDA area
[    0.127722] Calgary: Unable to locate Rio Grande table in EBDA - bailing!
[    0.155403] Memory: 7790460K/8263680K available (12300K kernel code, 1365K rwdata, 3600K rodata, 1612K init, 3728K bss, 473220K reserved, 0K cma-reserved)
[    0.155474] SLUB: HWalign=64, Order=0-3, MinObjects=0, CPUs=8, Nodes=1
[    0.155478] Kernel/User page tables isolation: enabled
[    0.161861] ftrace: allocating 36352 entries in 143 pages
[    0.172272] rcu: Hierarchical RCU implementation.
[    0.172273] rcu: 	RCU restricting CPUs from NR_CPUS=320 to nr_cpu_ids=8.
[    0.172273] rcu: Adjusting geometry for rcu_fanout_leaf=16, nr_cpu_ids=8
[    0.173289] NR_IRQS: 20736, nr_irqs: 488, preallocated irqs: 16
[    0.173474] Console: colour dummy device 80x25
[    0.173477] console [tty0] enabled
[    0.173488] ACPI: Core revision 20180810
[    0.173629] clocksource: hpet: mask: 0xffffffff max_cycles: 0xffffffff, max_idle_ns: 133484882848 ns
[    0.173637] hpet clockevent registered
[    0.173640] APIC: Switch to symmetric I/O mode setup
[    0.173641] DMAR: Host address width 39
[    0.173642] DMAR: DRHD base: 0x000000fed90000 flags: 0x0
[    0.173645] DMAR: dmar0: reg_base_addr fed90000 ver 1:0 cap c0000020660462 ecap f0101a
[    0.173646] DMAR: DRHD base: 0x000000fed91000 flags: 0x1
[    0.173648] DMAR: dmar1: reg_base_addr fed91000 ver 1:0 cap d2008020660462 ecap f010da
[    0.173649] DMAR: RMRR base: 0x000000d9ea3000 end: 0x000000d9eb1fff
[    0.173649] DMAR: RMRR base: 0x000000db000000 end: 0x000000df1fffff
[    0.173650] DMAR-IR: IOAPIC id 8 under DRHD base  0xfed91000 IOMMU 1
[    0.173651] DMAR-IR: HPET id 0 under DRHD base 0xfed91000
[    0.173651] DMAR-IR: Queued invalidation will be enabled to support x2apic and Intr-remapping.
[    0.174131] DMAR-IR: Enabled IRQ remapping in x2apic mode
[    0.174131] x2apic enabled
[    0.174137] Switched APIC routing to cluster x2apic.
[    0.174532] ..TIMER: vector=0x30 apic1=0 pin1=2 apic2=-1 pin2=-1
[    0.223643] clocksource: tsc-early: mask: 0xffffffffffffffff max_cycles: 0x3101c3322a1, max_idle_ns: 440795364882 ns
[    0.223652] Calibrating delay loop (skipped), value calculated using timer frequency.. 6799.70 BogoMIPS (lpj=33998520)
[    0.223653] pid_max: default: 32768 minimum: 301
[    0.224215] Security Framework initialized
[    0.224216] Yama: becoming mindful.
[    0.224219] AppArmor: AppArmor disabled by boot time parameter
[    0.225654] Dentry cache hash table entries: 1048576 (order: 11, 8388608 bytes)
[    0.226422] Inode-cache hash table entries: 524288 (order: 10, 4194304 bytes)
[    0.226454] Mount-cache hash table entries: 16384 (order: 5, 131072 bytes)
[    0.226479] Mountpoint-cache hash table entries: 16384 (order: 5, 131072 bytes)
[    0.226652] CPU0: Thermal monitoring enabled (TM1)
[    0.226663] process: using mwait in idle threads
[    0.226665] Last level iTLB entries: 4KB 1024, 2MB 1024, 4MB 1024
[    0.226665] Last level dTLB entries: 4KB 1024, 2MB 1024, 4MB 1024, 1GB 4
[    0.226666] Spectre V1 : Mitigation: usercopy/swapgs barriers and __user pointer sanitization
[    0.226667] Spectre V2 : Mitigation: Full generic retpoline
[    0.226667] Spectre V2 : Spectre v2 / SpectreRSB mitigation: Filling RSB on context switch
[    0.226668] Spectre V2 : Enabling Restricted Speculation for firmware calls
[    0.226673] Spectre V2 : mitigation: Enabling conditional Indirect Branch Prediction Barrier
[    0.226674] Spectre V2 : User space: Mitigation: STIBP via seccomp and prctl
[    0.226674] Speculative Store Bypass: Mitigation: Speculative Store Bypass disabled via prctl and seccomp
[    0.226691] MDS: Mitigation: Clear CPU buffers
[    0.229798] Freeing SMP alternatives memory: 28K
[    0.244522] TSC deadline timer enabled
[    0.244525] smpboot: CPU0: Intel(R) Core(TM) i7-4770 CPU @ 3.40GHz (family: 0x6, model: 0x3c, stepping: 0x3)
[    0.244582] Performance Events: PEBS fmt2+, Haswell events, 16-deep LBR, full-width counters, Intel PMU driver.
[    0.244613] ... version:                3
[    0.244613] ... bit width:              48
[    0.244614] ... generic registers:      4
[    0.244614] ... value mask:             0000ffffffffffff
[    0.244615] ... max period:             00007fffffffffff
[    0.244615] ... fixed-purpose events:   3
[    0.244615] ... event mask:             000000070000000f
[    0.244641] rcu: Hierarchical SRCU implementation.
[    0.245390] NMI watchdog: Enabled. Permanently consumes one hw-PMU counter.
[    0.245433] smp: Bringing up secondary CPUs ...
[    0.245486] x86: Booting SMP configuration:
[    0.245487] .... node  #0, CPUs:      #1 #2 #3 #4
[    0.247703] MDS CPU bug present and SMT on, data leak possible. See https://www.kernel.org/doc/html/latest/admin-guide/hw-vuln/mds.html for more details.
[    0.247703]  #5 #6 #7
[    0.247703] smp: Brought up 1 node, 8 CPUs
[    0.247703] smpboot: Max logical packages: 1
[    0.247703] smpboot: Total of 8 processors activated (54397.63 BogoMIPS)
[    0.253875] devtmpfs: initialized
[    0.253875] x86/mm: Memory block size: 128MB
[    0.254071] PM: Registering ACPI NVS region [mem 0xc6523000-0xc6529fff] (28672 bytes)
[    0.254071] PM: Registering ACPI NVS region [mem 0xd8e93000-0xd8fc7fff] (1265664 bytes)
[    0.254071] clocksource: jiffies: mask: 0xffffffff max_cycles: 0xffffffff, max_idle_ns: 19112604462750000 ns
[    0.254071] futex hash table entries: 2048 (order: 5, 131072 bytes)
[    0.254071] pinctrl core: initialized pinctrl subsystem
[    0.254071] RTC time: 13:47:25, date: 02/04/20
[    0.254071] NET: Registered protocol family 16
[    0.254071] audit: initializing netlink subsys (disabled)
[    0.254071] audit: type=2000 audit(1580824045.080:1): state=initialized audit_enabled=0 res=1
[    0.254071] cpuidle: using governor ladder
[    0.254071] cpuidle: using governor menu
[    0.254071] ACPI FADT declares the system doesn't support PCIe ASPM, so disable it
[    0.254071] ACPI: bus type PCI registered
[    0.254071] acpiphp: ACPI Hot Plug PCI Controller Driver version: 0.5
[    0.254071] PCI: MMCONFIG for domain 0000 [bus 00-3f] at [mem 0xf8000000-0xfbffffff] (base 0xf8000000)
[    0.254071] PCI: MMCONFIG at [mem 0xf8000000-0xfbffffff] reserved in E820
[    0.254071] PCI: Using configuration type 1 for base access
[    0.254071] core: PMU erratum BJ122, BV98, HSD29 worked around, HT is on
[    0.254303] HugeTLB registered 1.00 GiB page size, pre-allocated 0 pages
[    0.254303] HugeTLB registered 2.00 MiB page size, pre-allocated 0 pages
[    0.254303] ACPI: Added _OSI(Module Device)
[    0.254303] ACPI: Added _OSI(Processor Device)
[    0.254303] ACPI: Added _OSI(3.0 _SCP Extensions)
[    0.254303] ACPI: Added _OSI(Processor Aggregator Device)
[    0.254303] ACPI: Added _OSI(Linux-Dell-Video)
[    0.254303] ACPI: Added _OSI(Linux-Lenovo-NV-HDMI-Audio)
[    0.260591] ACPI: 5 ACPI AML tables successfully acquired and loaded
[    0.263745] ACPI: [Firmware Bug]: BIOS _OSI(Linux) query ignored
[    0.264395] ACPI: Dynamic OEM Table Load:
[    0.264395] ACPI: SSDT 0xFFFF942015C6AC00 0003D3 (v01 PmRef  Cpu0Cst  00003001 INTL 20120711)
[    0.264395] ACPI: Dynamic OEM Table Load:
[    0.264395] ACPI: SSDT 0xFFFF942015CD7000 0005AA (v01 PmRef  ApIst    00003000 INTL 20120711)
[    0.264395] ACPI: Dynamic OEM Table Load:
[    0.264395] ACPI: SSDT 0xFFFF942015822800 000119 (v01 PmRef  ApCst    00003000 INTL 20120711)
[    0.265151] ACPI: Interpreter enabled
[    0.265170] ACPI: (supports S0 S3 S4 S5)
[    0.265171] ACPI: Using IOAPIC for interrupt routing
[    0.265192] PCI: Using host bridge windows from ACPI; if necessary, use "pci=nocrs" and report a bug
[    0.265423] ACPI: Enabled 7 GPEs in block 00 to 3F
[    0.274963] ACPI: Power Resource [FN00] (off)
[    0.275020] ACPI: Power Resource [FN01] (off)
[    0.275076] ACPI: Power Resource [FN02] (off)
[    0.275130] ACPI: Power Resource [FN03] (off)
[    0.275189] ACPI: Power Resource [FN04] (off)
[    0.275833] ACPI: PCI Root Bridge [PCI0] (domain 0000 [bus 00-3e])
[    0.275837] acpi PNP0A08:00: _OSC: OS supports [ExtendedConfig ASPM ClockPM Segments MSI]
